<?xml version="1.0" encoding="ISO-8859-1" ?>
<link_info>
   <banner>TI ARM Linker PC v20.2.7.LTS</banner>
   <copyright>Copyright (c) 1996-2018 Texas Instruments Incorporated</copyright>
   <link_time>0x6471205e</link_time>
   <link_errors>0x0</link_errors>
   <output_file>Lab5.5.out</output_file>
   <entry_point>
      <name>_c_int00_noargs</name>
      <address>0x2000db01</address>
   </entry_point>
   <input_file_list>
      <input_file id="fl-2">
         <path>.\</path>
         <kind>object</kind>
         <file>Adafruit_GFX.obj</file>
         <name>Adafruit_GFX.obj</name>
      </input_file>
      <input_file id="fl-3">
         <path>.\</path>
         <kind>object</kind>
         <file>Adafruit_OLED.obj</file>
         <name>Adafruit_OLED.obj</name>
      </input_file>
      <input_file id="fl-4">
         <path>.\</path>
         <kind>object</kind>
         <file>gpio_if.obj</file>
         <name>gpio_if.obj</name>
      </input_file>
      <input_file id="fl-5">
         <path>.\</path>
         <kind>object</kind>
         <file>main.obj</file>
         <name>main.obj</name>
      </input_file>
      <input_file id="fl-6">
         <path>.\</path>
         <kind>object</kind>
         <file>network_common.obj</file>
         <name>network_common.obj</name>
      </input_file>
      <input_file id="fl-7">
         <path>.\</path>
         <kind>object</kind>
         <file>pinmux.obj</file>
         <name>pinmux.obj</name>
      </input_file>
      <input_file id="fl-8">
         <path>.\</path>
         <kind>object</kind>
         <file>spi.obj</file>
         <name>spi.obj</name>
      </input_file>
      <input_file id="fl-9">
         <path>.\</path>
         <kind>object</kind>
         <file>startup_ccs.obj</file>
         <name>startup_ccs.obj</name>
      </input_file>
      <input_file id="fl-a">
         <path>.\</path>
         <kind>object</kind>
         <file>timer_if.obj</file>
         <name>timer_if.obj</name>
      </input_file>
      <input_file id="fl-b">
         <path>.\</path>
         <kind>object</kind>
         <file>uart_if.obj</file>
         <name>uart_if.obj</name>
      </input_file>
      <input_file id="fl-11">
         <kind>object</kind>
         <file>&lt;internal&gt;</file>
         <name>&lt;internal&gt;</name>
      </input_file>
      <input_file id="fl-12">
         <path>C:\ti\CC3200SDK_1.5.0\cc3200-sdk\simplelink\ccs\NON_OS_debug\</path>
         <kind>archive</kind>
         <file>simplelink.a</file>
         <name>device.obj</name>
      </input_file>
      <input_file id="fl-13">
         <path>C:\ti\CC3200SDK_1.5.0\cc3200-sdk\simplelink\ccs\NON_OS_debug\</path>
         <kind>archive</kind>
         <file>simplelink.a</file>
         <name>driver.obj</name>
      </input_file>
      <input_file id="fl-14">
         <path>C:\ti\CC3200SDK_1.5.0\cc3200-sdk\simplelink\ccs\NON_OS_debug\</path>
         <kind>archive</kind>
         <file>simplelink.a</file>
         <name>netapp.obj</name>
      </input_file>
      <input_file id="fl-15">
         <path>C:\ti\CC3200SDK_1.5.0\cc3200-sdk\simplelink\ccs\NON_OS_debug\</path>
         <kind>archive</kind>
         <file>simplelink.a</file>
         <name>netcfg.obj</name>
      </input_file>
      <input_file id="fl-16">
         <path>C:\ti\CC3200SDK_1.5.0\cc3200-sdk\simplelink\ccs\NON_OS_debug\</path>
         <kind>archive</kind>
         <file>simplelink.a</file>
         <name>nonos.obj</name>
      </input_file>
      <input_file id="fl-17">
         <path>C:\ti\CC3200SDK_1.5.0\cc3200-sdk\simplelink\ccs\NON_OS_debug\</path>
         <kind>archive</kind>
         <file>simplelink.a</file>
         <name>socket.obj</name>
      </input_file>
      <input_file id="fl-18">
         <path>C:\ti\CC3200SDK_1.5.0\cc3200-sdk\simplelink\ccs\NON_OS_debug\</path>
         <kind>archive</kind>
         <file>simplelink.a</file>
         <name>wlan.obj</name>
      </input_file>
      <input_file id="fl-19">
         <path>C:\ti\CC3200SDK_1.5.0\cc3200-sdk\simplelink\ccs\NON_OS_debug\</path>
         <kind>archive</kind>
         <file>simplelink.a</file>
         <name>cc_pal.obj</name>
      </input_file>
      <input_file id="fl-1a">
         <path>C:\ti\CC3200SDK_1.5.0\cc3200-sdk\driverlib\ccs\Release\</path>
         <kind>archive</kind>
         <file>driverlib.a</file>
         <name>gpio.obj</name>
      </input_file>
      <input_file id="fl-1b">
         <path>C:\ti\CC3200SDK_1.5.0\cc3200-sdk\driverlib\ccs\Release\</path>
         <kind>archive</kind>
         <file>driverlib.a</file>
         <name>interrupt.obj</name>
      </input_file>
      <input_file id="fl-1c">
         <path>C:\ti\CC3200SDK_1.5.0\cc3200-sdk\driverlib\ccs\Release\</path>
         <kind>archive</kind>
         <file>driverlib.a</file>
         <name>pin.obj</name>
      </input_file>
      <input_file id="fl-1d">
         <path>C:\ti\CC3200SDK_1.5.0\cc3200-sdk\driverlib\ccs\Release\</path>
         <kind>archive</kind>
         <file>driverlib.a</file>
         <name>prcm.obj</name>
      </input_file>
      <input_file id="fl-1e">
         <path>C:\ti\CC3200SDK_1.5.0\cc3200-sdk\driverlib\ccs\Release\</path>
         <kind>archive</kind>
         <file>driverlib.a</file>
         <name>timer.obj</name>
      </input_file>
      <input_file id="fl-1f">
         <path>C:\ti\CC3200SDK_1.5.0\cc3200-sdk\driverlib\ccs\Release\</path>
         <kind>archive</kind>
         <file>driverlib.a</file>
         <name>uart.obj</name>
      </input_file>
      <input_file id="fl-20">
         <path>C:\ti\CC3200SDK_1.5.0\cc3200-sdk\driverlib\ccs\Release\</path>
         <kind>archive</kind>
         <file>driverlib.a</file>
         <name>udma.obj</name>
      </input_file>
      <input_file id="fl-21">
         <path>C:\ti\CC3200SDK_1.5.0\cc3200-sdk\driverlib\ccs\Release\</path>
         <kind>archive</kind>
         <file>driverlib.a</file>
         <name>utils.obj</name>
      </input_file>
      <input_file id="fl-22">
         <path>C:\ti\CC3200SDK_1.5.0\cc3200-sdk\driverlib\ccs\Release\</path>
         <kind>archive</kind>
         <file>driverlib.a</file>
         <name>cpu.obj</name>
      </input_file>
      <input_file id="fl-23">
         <path>C:\ti\CC3200SDK_1.5.0\cc3200-sdk\driverlib\ccs\Release\</path>
         <kind>archive</kind>
         <file>driverlib.a</file>
         <name>flash.obj</name>
      </input_file>
      <input_file id="fl-d9">
         <path>C:\ti\ccs1220\ccs\tools\compiler\ti-cgt-arm_20.2.7.LTS\lib\</path>
         <kind>archive</kind>
         <file>rtsv7M4_T_le_eabi.lib</file>
         <name>printf.c.obj</name>
      </input_file>
      <input_file id="fl-da">
         <path>C:\ti\ccs1220\ccs\tools\compiler\ti-cgt-arm_20.2.7.LTS\lib\</path>
         <kind>archive</kind>
         <file>rtsv7M4_T_le_eabi.lib</file>
         <name>_printfi.c.obj</name>
      </input_file>
      <input_file id="fl-db">
         <path>C:\ti\ccs1220\ccs\tools\compiler\ti-cgt-arm_20.2.7.LTS\lib\</path>
         <kind>archive</kind>
         <file>rtsv7M4_T_le_eabi.lib</file>
         <name>sprintf.c.obj</name>
      </input_file>
      <input_file id="fl-dc">
         <path>C:\ti\ccs1220\ccs\tools\compiler\ti-cgt-arm_20.2.7.LTS\lib\</path>
         <kind>archive</kind>
         <file>rtsv7M4_T_le_eabi.lib</file>
         <name>vsnprintf.c.obj</name>
      </input_file>
      <input_file id="fl-dd">
         <path>C:\ti\ccs1220\ccs\tools\compiler\ti-cgt-arm_20.2.7.LTS\lib\</path>
         <kind>archive</kind>
         <file>rtsv7M4_T_le_eabi.lib</file>
         <name>fputc.c.obj</name>
      </input_file>
      <input_file id="fl-de">
         <path>C:\ti\ccs1220\ccs\tools\compiler\ti-cgt-arm_20.2.7.LTS\lib\</path>
         <kind>archive</kind>
         <file>rtsv7M4_T_le_eabi.lib</file>
         <name>fputs.c.obj</name>
      </input_file>
      <input_file id="fl-df">
         <path>C:\ti\ccs1220\ccs\tools\compiler\ti-cgt-arm_20.2.7.LTS\lib\</path>
         <kind>archive</kind>
         <file>rtsv7M4_T_le_eabi.lib</file>
         <name>_io_perm.c.obj</name>
      </input_file>
      <input_file id="fl-e0">
         <path>C:\ti\ccs1220\ccs\tools\compiler\ti-cgt-arm_20.2.7.LTS\lib\</path>
         <kind>archive</kind>
         <file>rtsv7M4_T_le_eabi.lib</file>
         <name>setvbuf.c.obj</name>
      </input_file>
      <input_file id="fl-e1">
         <path>C:\ti\ccs1220\ccs\tools\compiler\ti-cgt-arm_20.2.7.LTS\lib\</path>
         <kind>archive</kind>
         <file>rtsv7M4_T_le_eabi.lib</file>
         <name>fd_add_t2.asm.obj</name>
      </input_file>
      <input_file id="fl-e2">
         <path>C:\ti\ccs1220\ccs\tools\compiler\ti-cgt-arm_20.2.7.LTS\lib\</path>
         <kind>archive</kind>
         <file>rtsv7M4_T_le_eabi.lib</file>
         <name>fd_cmp_t2.asm.obj</name>
      </input_file>
      <input_file id="fl-e3">
         <path>C:\ti\ccs1220\ccs\tools\compiler\ti-cgt-arm_20.2.7.LTS\lib\</path>
         <kind>archive</kind>
         <file>rtsv7M4_T_le_eabi.lib</file>
         <name>fd_div_t2.asm.obj</name>
      </input_file>
      <input_file id="fl-e4">
         <path>C:\ti\ccs1220\ccs\tools\compiler\ti-cgt-arm_20.2.7.LTS\lib\</path>
         <kind>archive</kind>
         <file>rtsv7M4_T_le_eabi.lib</file>
         <name>fd_mul_t2.asm.obj</name>
      </input_file>
      <input_file id="fl-e5">
         <path>C:\ti\ccs1220\ccs\tools\compiler\ti-cgt-arm_20.2.7.LTS\lib\</path>
         <kind>archive</kind>
         <file>rtsv7M4_T_le_eabi.lib</file>
         <name>fd_toi_t2.asm.obj</name>
      </input_file>
      <input_file id="fl-e6">
         <path>C:\ti\ccs1220\ccs\tools\compiler\ti-cgt-arm_20.2.7.LTS\lib\</path>
         <kind>archive</kind>
         <file>rtsv7M4_T_le_eabi.lib</file>
         <name>i_tofd_t2.asm.obj</name>
      </input_file>
      <input_file id="fl-e7">
         <path>C:\ti\ccs1220\ccs\tools\compiler\ti-cgt-arm_20.2.7.LTS\lib\</path>
         <kind>archive</kind>
         <file>rtsv7M4_T_le_eabi.lib</file>
         <name>memcpy_t2.asm.obj</name>
      </input_file>
      <input_file id="fl-e8">
         <path>C:\ti\ccs1220\ccs\tools\compiler\ti-cgt-arm_20.2.7.LTS\lib\</path>
         <kind>archive</kind>
         <file>rtsv7M4_T_le_eabi.lib</file>
         <name>memset_t2.asm.obj</name>
      </input_file>
      <input_file id="fl-e9">
         <path>C:\ti\ccs1220\ccs\tools\compiler\ti-cgt-arm_20.2.7.LTS\lib\</path>
         <kind>archive</kind>
         <file>rtsv7M4_T_le_eabi.lib</file>
         <name>ull_div_t2.asm.obj</name>
      </input_file>
      <input_file id="fl-ea">
         <path>C:\ti\ccs1220\ccs\tools\compiler\ti-cgt-arm_20.2.7.LTS\lib\</path>
         <kind>archive</kind>
         <file>rtsv7M4_T_le_eabi.lib</file>
         <name>copy_zero_init.c.obj</name>
      </input_file>
      <input_file id="fl-eb">
         <path>C:\ti\ccs1220\ccs\tools\compiler\ti-cgt-arm_20.2.7.LTS\lib\</path>
         <kind>archive</kind>
         <file>rtsv7M4_T_le_eabi.lib</file>
         <name>copy_decompress_none.c.obj</name>
      </input_file>
      <input_file id="fl-ec">
         <path>C:\ti\ccs1220\ccs\tools\compiler\ti-cgt-arm_20.2.7.LTS\lib\</path>
         <kind>archive</kind>
         <file>rtsv7M4_T_le_eabi.lib</file>
         <name>copy_decompress_lzss.c.obj</name>
      </input_file>
      <input_file id="fl-ed">
         <path>C:\ti\ccs1220\ccs\tools\compiler\ti-cgt-arm_20.2.7.LTS\lib\</path>
         <kind>archive</kind>
         <file>rtsv7M4_T_le_eabi.lib</file>
         <name>exit.c.obj</name>
      </input_file>
      <input_file id="fl-ee">
         <path>C:\ti\ccs1220\ccs\tools\compiler\ti-cgt-arm_20.2.7.LTS\lib\</path>
         <kind>archive</kind>
         <file>rtsv7M4_T_le_eabi.lib</file>
         <name>_lock.c.obj</name>
      </input_file>
      <input_file id="fl-ef">
         <path>C:\ti\ccs1220\ccs\tools\compiler\ti-cgt-arm_20.2.7.LTS\lib\</path>
         <kind>archive</kind>
         <file>rtsv7M4_T_le_eabi.lib</file>
         <name>_ltoa.c.obj</name>
      </input_file>
      <input_file id="fl-f0">
         <path>C:\ti\ccs1220\ccs\tools\compiler\ti-cgt-arm_20.2.7.LTS\lib\</path>
         <kind>archive</kind>
         <file>rtsv7M4_T_le_eabi.lib</file>
         <name>atoi.c.obj</name>
      </input_file>
      <input_file id="fl-f1">
         <path>C:\ti\ccs1220\ccs\tools\compiler\ti-cgt-arm_20.2.7.LTS\lib\</path>
         <kind>archive</kind>
         <file>rtsv7M4_T_le_eabi.lib</file>
         <name>ctype.c.obj</name>
      </input_file>
      <input_file id="fl-f2">
         <path>C:\ti\ccs1220\ccs\tools\compiler\ti-cgt-arm_20.2.7.LTS\lib\</path>
         <kind>archive</kind>
         <file>rtsv7M4_T_le_eabi.lib</file>
         <name>defs.c.obj</name>
      </input_file>
      <input_file id="fl-f3">
         <path>C:\ti\ccs1220\ccs\tools\compiler\ti-cgt-arm_20.2.7.LTS\lib\</path>
         <kind>archive</kind>
         <file>rtsv7M4_T_le_eabi.lib</file>
         <name>memccpy.c.obj</name>
      </input_file>
      <input_file id="fl-f4">
         <path>C:\ti\ccs1220\ccs\tools\compiler\ti-cgt-arm_20.2.7.LTS\lib\</path>
         <kind>archive</kind>
         <file>rtsv7M4_T_le_eabi.lib</file>
         <name>memchr.c.obj</name>
      </input_file>
      <input_file id="fl-f5">
         <path>C:\ti\ccs1220\ccs\tools\compiler\ti-cgt-arm_20.2.7.LTS\lib\</path>
         <kind>archive</kind>
         <file>rtsv7M4_T_le_eabi.lib</file>
         <name>memmov.c.obj</name>
      </input_file>
      <input_file id="fl-f6">
         <path>C:\ti\ccs1220\ccs\tools\compiler\ti-cgt-arm_20.2.7.LTS\lib\</path>
         <kind>archive</kind>
         <file>rtsv7M4_T_le_eabi.lib</file>
         <name>memory.c.obj</name>
      </input_file>
      <input_file id="fl-f7">
         <path>C:\ti\ccs1220\ccs\tools\compiler\ti-cgt-arm_20.2.7.LTS\lib\</path>
         <kind>archive</kind>
         <file>rtsv7M4_T_le_eabi.lib</file>
         <name>strchr.c.obj</name>
      </input_file>
      <input_file id="fl-f8">
         <path>C:\ti\ccs1220\ccs\tools\compiler\ti-cgt-arm_20.2.7.LTS\lib\</path>
         <kind>archive</kind>
         <file>rtsv7M4_T_le_eabi.lib</file>
         <name>strcpy.c.obj</name>
      </input_file>
      <input_file id="fl-f9">
         <path>C:\ti\ccs1220\ccs\tools\compiler\ti-cgt-arm_20.2.7.LTS\lib\</path>
         <kind>archive</kind>
         <file>rtsv7M4_T_le_eabi.lib</file>
         <name>strlen.c.obj</name>
      </input_file>
      <input_file id="fl-fa">
         <path>C:\ti\ccs1220\ccs\tools\compiler\ti-cgt-arm_20.2.7.LTS\lib\</path>
         <kind>archive</kind>
         <file>rtsv7M4_T_le_eabi.lib</file>
         <name>boot_cortex_m.c.obj</name>
      </input_file>
      <input_file id="fl-fb">
         <path>C:\ti\ccs1220\ccs\tools\compiler\ti-cgt-arm_20.2.7.LTS\lib\</path>
         <kind>archive</kind>
         <file>rtsv7M4_T_le_eabi.lib</file>
         <name>write.c.obj</name>
      </input_file>
      <input_file id="fl-fc">
         <path>C:\ti\ccs1220\ccs\tools\compiler\ti-cgt-arm_20.2.7.LTS\lib\</path>
         <kind>archive</kind>
         <file>rtsv7M4_T_le_eabi.lib</file>
         <name>host_device.c.obj</name>
      </input_file>
      <input_file id="fl-fd">
         <path>C:\ti\ccs1220\ccs\tools\compiler\ti-cgt-arm_20.2.7.LTS\lib\</path>
         <kind>archive</kind>
         <file>rtsv7M4_T_le_eabi.lib</file>
         <name>errno.c.obj</name>
      </input_file>
      <input_file id="fl-fe">
         <path>C:\ti\ccs1220\ccs\tools\compiler\ti-cgt-arm_20.2.7.LTS\lib\</path>
         <kind>archive</kind>
         <file>rtsv7M4_T_le_eabi.lib</file>
         <name>wcslen.c.obj</name>
      </input_file>
      <input_file id="fl-ff">
         <path>C:\ti\ccs1220\ccs\tools\compiler\ti-cgt-arm_20.2.7.LTS\lib\</path>
         <kind>archive</kind>
         <file>rtsv7M4_T_le_eabi.lib</file>
         <name>s_frexp.c.obj</name>
      </input_file>
      <input_file id="fl-100">
         <path>C:\ti\ccs1220\ccs\tools\compiler\ti-cgt-arm_20.2.7.LTS\lib\</path>
         <kind>archive</kind>
         <file>rtsv7M4_T_le_eabi.lib</file>
         <name>s_scalbn.c.obj</name>
      </input_file>
      <input_file id="fl-101">
         <path>C:\ti\ccs1220\ccs\tools\compiler\ti-cgt-arm_20.2.7.LTS\lib\</path>
         <kind>archive</kind>
         <file>rtsv7M4_T_le_eabi.lib</file>
         <name>fflush.c.obj</name>
      </input_file>
      <input_file id="fl-102">
         <path>C:\ti\ccs1220\ccs\tools\compiler\ti-cgt-arm_20.2.7.LTS\lib\</path>
         <kind>archive</kind>
         <file>rtsv7M4_T_le_eabi.lib</file>
         <name>fopen.c.obj</name>
      </input_file>
      <input_file id="fl-103">
         <path>C:\ti\ccs1220\ccs\tools\compiler\ti-cgt-arm_20.2.7.LTS\lib\</path>
         <kind>archive</kind>
         <file>rtsv7M4_T_le_eabi.lib</file>
         <name>fseek.c.obj</name>
      </input_file>
      <input_file id="fl-104">
         <path>C:\ti\ccs1220\ccs\tools\compiler\ti-cgt-arm_20.2.7.LTS\lib\</path>
         <kind>archive</kind>
         <file>rtsv7M4_T_le_eabi.lib</file>
         <name>div0.asm.obj</name>
      </input_file>
      <input_file id="fl-105">
         <path>C:\ti\ccs1220\ccs\tools\compiler\ti-cgt-arm_20.2.7.LTS\lib\</path>
         <kind>archive</kind>
         <file>rtsv7M4_T_le_eabi.lib</file>
         <name>autoinit.c.obj</name>
      </input_file>
      <input_file id="fl-106">
         <path>C:\ti\ccs1220\ccs\tools\compiler\ti-cgt-arm_20.2.7.LTS\lib\</path>
         <kind>archive</kind>
         <file>rtsv7M4_T_le_eabi.lib</file>
         <name>pre_init.c.obj</name>
      </input_file>
      <input_file id="fl-107">
         <path>C:\ti\ccs1220\ccs\tools\compiler\ti-cgt-arm_20.2.7.LTS\lib\</path>
         <kind>archive</kind>
         <file>rtsv7M4_T_le_eabi.lib</file>
         <name>cpy_tbl.c.obj</name>
      </input_file>
      <input_file id="fl-108">
         <path>C:\ti\ccs1220\ccs\tools\compiler\ti-cgt-arm_20.2.7.LTS\lib\</path>
         <kind>archive</kind>
         <file>rtsv7M4_T_le_eabi.lib</file>
         <name>args_main.c.obj</name>
      </input_file>
      <input_file id="fl-109">
         <path>C:\ti\ccs1220\ccs\tools\compiler\ti-cgt-arm_20.2.7.LTS\lib\</path>
         <kind>archive</kind>
         <file>rtsv7M4_T_le_eabi.lib</file>
         <name>hostclose.c.obj</name>
      </input_file>
      <input_file id="fl-10a">
         <path>C:\ti\ccs1220\ccs\tools\compiler\ti-cgt-arm_20.2.7.LTS\lib\</path>
         <kind>archive</kind>
         <file>rtsv7M4_T_le_eabi.lib</file>
         <name>hostlseek.c.obj</name>
      </input_file>
      <input_file id="fl-10b">
         <path>C:\ti\ccs1220\ccs\tools\compiler\ti-cgt-arm_20.2.7.LTS\lib\</path>
         <kind>archive</kind>
         <file>rtsv7M4_T_le_eabi.lib</file>
         <name>hostopen.c.obj</name>
      </input_file>
      <input_file id="fl-10c">
         <path>C:\ti\ccs1220\ccs\tools\compiler\ti-cgt-arm_20.2.7.LTS\lib\</path>
         <kind>archive</kind>
         <file>rtsv7M4_T_le_eabi.lib</file>
         <name>hostread.c.obj</name>
      </input_file>
      <input_file id="fl-10d">
         <path>C:\ti\ccs1220\ccs\tools\compiler\ti-cgt-arm_20.2.7.LTS\lib\</path>
         <kind>archive</kind>
         <file>rtsv7M4_T_le_eabi.lib</file>
         <name>hostrename.c.obj</name>
      </input_file>
      <input_file id="fl-10e">
         <path>C:\ti\ccs1220\ccs\tools\compiler\ti-cgt-arm_20.2.7.LTS\lib\</path>
         <kind>archive</kind>
         <file>rtsv7M4_T_le_eabi.lib</file>
         <name>hostunlink.c.obj</name>
      </input_file>
      <input_file id="fl-10f">
         <path>C:\ti\ccs1220\ccs\tools\compiler\ti-cgt-arm_20.2.7.LTS\lib\</path>
         <kind>archive</kind>
         <file>rtsv7M4_T_le_eabi.lib</file>
         <name>hostwrite.c.obj</name>
      </input_file>
      <input_file id="fl-110">
         <path>C:\ti\ccs1220\ccs\tools\compiler\ti-cgt-arm_20.2.7.LTS\lib\</path>
         <kind>archive</kind>
         <file>rtsv7M4_T_le_eabi.lib</file>
         <name>trgmsg.c.obj</name>
      </input_file>
      <input_file id="fl-111">
         <path>C:\ti\ccs1220\ccs\tools\compiler\ti-cgt-arm_20.2.7.LTS\lib\</path>
         <kind>archive</kind>
         <file>rtsv7M4_T_le_eabi.lib</file>
         <name>open.c.obj</name>
      </input_file>
      <input_file id="fl-112">
         <path>C:\ti\ccs1220\ccs\tools\compiler\ti-cgt-arm_20.2.7.LTS\lib\</path>
         <kind>archive</kind>
         <file>rtsv7M4_T_le_eabi.lib</file>
         <name>lseek.c.obj</name>
      </input_file>
      <input_file id="fl-113">
         <path>C:\ti\ccs1220\ccs\tools\compiler\ti-cgt-arm_20.2.7.LTS\lib\</path>
         <kind>archive</kind>
         <file>rtsv7M4_T_le_eabi.lib</file>
         <name>s_copysign.c.obj</name>
      </input_file>
      <input_file id="fl-114">
         <path>C:\ti\ccs1220\ccs\tools\compiler\ti-cgt-arm_20.2.7.LTS\lib\</path>
         <kind>archive</kind>
         <file>rtsv7M4_T_le_eabi.lib</file>
         <name>fclose.c.obj</name>
      </input_file>
      <input_file id="fl-115">
         <path>C:\ti\ccs1220\ccs\tools\compiler\ti-cgt-arm_20.2.7.LTS\lib\</path>
         <kind>archive</kind>
         <file>rtsv7M4_T_le_eabi.lib</file>
         <name>getdevice.c.obj</name>
      </input_file>
      <input_file id="fl-116">
         <path>C:\ti\ccs1220\ccs\tools\compiler\ti-cgt-arm_20.2.7.LTS\lib\</path>
         <kind>archive</kind>
         <file>rtsv7M4_T_le_eabi.lib</file>
         <name>strcmp.c.obj</name>
      </input_file>
      <input_file id="fl-117">
         <path>C:\ti\ccs1220\ccs\tools\compiler\ti-cgt-arm_20.2.7.LTS\lib\</path>
         <kind>archive</kind>
         <file>rtsv7M4_T_le_eabi.lib</file>
         <name>strncpy.c.obj</name>
      </input_file>
      <input_file id="fl-118">
         <path>C:\ti\ccs1220\ccs\tools\compiler\ti-cgt-arm_20.2.7.LTS\lib\</path>
         <kind>archive</kind>
         <file>rtsv7M4_T_le_eabi.lib</file>
         <name>remove.c.obj</name>
      </input_file>
      <input_file id="fl-119">
         <path>C:\ti\ccs1220\ccs\tools\compiler\ti-cgt-arm_20.2.7.LTS\lib\</path>
         <kind>archive</kind>
         <file>rtsv7M4_T_le_eabi.lib</file>
         <name>close.c.obj</name>
      </input_file>
      <input_file id="fl-11a">
         <path>C:\ti\ccs1220\ccs\tools\compiler\ti-cgt-arm_20.2.7.LTS\lib\</path>
         <kind>archive</kind>
         <file>rtsv7M4_T_le_eabi.lib</file>
         <name>unlink.c.obj</name>
      </input_file>
   </input_file_list>
   <object_component_list>
      <object_component id="oc-12">
         <name>.intvecs</name>
         <load_address>0x20004000</load_address>
         <run_address>0x20004000</run_address>
         <size>0x400</size>
         <input_file_ref idref="fl-9"/>
      </object_component>
      <object_component id="oc-97">
         <name>.text</name>
         <load_address>0x20004400</load_address>
         <run_address>0x20004400</run_address>
         <size>0x13ec</size>
         <input_file_ref idref="fl-5"/>
      </object_component>
      <object_component id="oc-401">
         <name>.text:__TI_printfi</name>
         <load_address>0x200057ec</load_address>
         <run_address>0x200057ec</run_address>
         <size>0xa4e</size>
         <input_file_ref idref="fl-da"/>
      </object_component>
      <object_component id="oc-6bb">
         <name>.text:IntDefaultHandler</name>
         <load_address>0x2000623a</load_address>
         <run_address>0x2000623a</run_address>
         <size>0x2</size>
         <input_file_ref idref="fl-1b"/>
      </object_component>
      <object_component id="oc-4c9">
         <name>.text</name>
         <load_address>0x2000623c</load_address>
         <run_address>0x2000623c</run_address>
         <size>0x794</size>
         <input_file_ref idref="fl-8"/>
      </object_component>
      <object_component id="oc-6cd">
         <name>.text:_SlDrvMsgRead</name>
         <load_address>0x200069d0</load_address>
         <run_address>0x200069d0</run_address>
         <size>0x590</size>
         <input_file_ref idref="fl-13"/>
      </object_component>
      <object_component id="oc-145">
         <name>.text</name>
         <load_address>0x20006f60</load_address>
         <run_address>0x20006f60</run_address>
         <size>0x398</size>
         <input_file_ref idref="fl-4"/>
      </object_component>
      <object_component id="oc-13f">
         <name>.text:sl_WlanConnect</name>
         <load_address>0x200072f8</load_address>
         <run_address>0x200072f8</run_address>
         <size>0x280</size>
         <input_file_ref idref="fl-18"/>
      </object_component>
      <object_component id="oc-c5">
         <name>.text</name>
         <load_address>0x20007578</load_address>
         <run_address>0x20007578</run_address>
         <size>0x27c</size>
         <input_file_ref idref="fl-b"/>
      </object_component>
      <object_component id="oc-5f3">
         <name>.text:_pconv_a</name>
         <load_address>0x200077f4</load_address>
         <run_address>0x200077f4</run_address>
         <size>0x268</size>
         <input_file_ref idref="fl-da"/>
      </object_component>
      <object_component id="oc-7bf">
         <name>.text:_SlDrvRxHdrRead</name>
         <load_address>0x20007a5c</load_address>
         <run_address>0x20007a5c</run_address>
         <size>0x248</size>
         <input_file_ref idref="fl-13"/>
      </object_component>
      <object_component id="oc-43f">
         <name>.text:_SlDrvDataReadOp</name>
         <load_address>0x20007ca4</load_address>
         <run_address>0x20007ca4</run_address>
         <size>0x1e4</size>
         <input_file_ref idref="fl-13"/>
      </object_component>
      <object_component id="oc-29e">
         <name>.text:_SlDrvReleasePoolObj</name>
         <load_address>0x20007e88</load_address>
         <run_address>0x20007e88</run_address>
         <size>0x1d0</size>
         <input_file_ref idref="fl-13"/>
      </object_component>
      <object_component id="oc-5e1">
         <name>.text:_pconv_g</name>
         <load_address>0x20008058</load_address>
         <run_address>0x20008058</run_address>
         <size>0x1cc</size>
         <input_file_ref idref="fl-da"/>
      </object_component>
      <object_component id="oc-728">
         <name>.text</name>
         <load_address>0x20008224</load_address>
         <run_address>0x20008224</run_address>
         <size>0x1b6</size>
         <input_file_ref idref="fl-e1"/>
      </object_component>
      <object_component id="oc-617">
         <name>.text:_nop</name>
         <load_address>0x200083da</load_address>
         <run_address>0x200083da</run_address>
         <size>0x2</size>
         <input_file_ref idref="fl-ee"/>
      </object_component>
      <object_component id="oc-274">
         <name>.text:_SlDrvDriverCBInit</name>
         <load_address>0x200083dc</load_address>
         <run_address>0x200083dc</run_address>
         <size>0x1b4</size>
         <input_file_ref idref="fl-13"/>
      </object_component>
      <object_component id="oc-55b">
         <name>.text:_SlDrvMsgWrite</name>
         <load_address>0x20008590</load_address>
         <run_address>0x20008590</run_address>
         <size>0x19c</size>
         <input_file_ref idref="fl-13"/>
      </object_component>
      <object_component id="oc-3a7">
         <name>.text:_SlDrvWaitForPoolObj</name>
         <load_address>0x2000872c</load_address>
         <run_address>0x2000872c</run_address>
         <size>0x190</size>
         <input_file_ref idref="fl-13"/>
      </object_component>
      <object_component id="oc-17d">
         <name>.text</name>
         <load_address>0x200088bc</load_address>
         <run_address>0x200088bc</run_address>
         <size>0x190</size>
         <input_file_ref idref="fl-7"/>
      </object_component>
      <object_component id="oc-176">
         <name>.text:sl_Connect</name>
         <load_address>0x20008a4c</load_address>
         <run_address>0x20008a4c</run_address>
         <size>0x18c</size>
         <input_file_ref idref="fl-17"/>
      </object_component>
      <object_component id="oc-133">
         <name>.text:PRCMCC3200MCUInit</name>
         <load_address>0x20008bd8</load_address>
         <run_address>0x20008bd8</run_address>
         <size>0x178</size>
         <input_file_ref idref="fl-1d"/>
      </object_component>
      <object_component id="oc-7d1">
         <name>.text:_SlFindAndSetActiveObj</name>
         <load_address>0x20008d50</load_address>
         <run_address>0x20008d50</run_address>
         <size>0x170</size>
         <input_file_ref idref="fl-13"/>
      </object_component>
      <object_component id="oc-431">
         <name>.text:_SlDrvDataWriteOp</name>
         <load_address>0x20008ec0</load_address>
         <run_address>0x20008ec0</run_address>
         <size>0x150</size>
         <input_file_ref idref="fl-13"/>
      </object_component>
      <object_component id="oc-27a">
         <name>.text:spi_Open</name>
         <load_address>0x20009010</load_address>
         <run_address>0x20009010</run_address>
         <size>0x148</size>
         <input_file_ref idref="fl-19"/>
      </object_component>
      <object_component id="oc-561">
         <name>.text:_SlDrvMsgReadCmdCtx</name>
         <load_address>0x20009158</load_address>
         <run_address>0x20009158</run_address>
         <size>0x144</size>
         <input_file_ref idref="fl-13"/>
      </object_component>
      <object_component id="oc-158">
         <name>.text:sl_NetAppDnsGetHostByName</name>
         <load_address>0x2000929c</load_address>
         <run_address>0x2000929c</run_address>
         <size>0x144</size>
         <input_file_ref idref="fl-14"/>
      </object_component>
      <object_component id="oc-5ed">
         <name>.text:_pconv_e</name>
         <load_address>0x200093e0</load_address>
         <run_address>0x200093e0</run_address>
         <size>0x13c</size>
         <input_file_ref idref="fl-da"/>
      </object_component>
      <object_component id="oc-70e">
         <name>.text</name>
         <load_address>0x2000951c</load_address>
         <run_address>0x2000951c</run_address>
         <size>0x136</size>
         <input_file_ref idref="fl-e3"/>
      </object_component>
      <object_component id="oc-7f2">
         <name>.text</name>
         <load_address>0x20009652</load_address>
         <run_address>0x20009652</run_address>
         <size>0x2</size>
         <input_file_ref idref="fl-104"/>
      </object_component>
      <object_component id="oc-196">
         <name>.text:sl_Send</name>
         <load_address>0x20009654</load_address>
         <run_address>0x20009654</run_address>
         <size>0x134</size>
         <input_file_ref idref="fl-17"/>
      </object_component>
      <object_component id="oc-2e3">
         <name>.text:_SlDrvDriverCBDeinit</name>
         <load_address>0x20009788</load_address>
         <run_address>0x20009788</run_address>
         <size>0x130</size>
         <input_file_ref idref="fl-13"/>
      </object_component>
      <object_component id="oc-73a">
         <name>.text:fcvt</name>
         <load_address>0x200098b8</load_address>
         <run_address>0x200098b8</run_address>
         <size>0x120</size>
         <input_file_ref idref="fl-da"/>
      </object_component>
      <object_component id="oc-625">
         <name>.text:fputs</name>
         <load_address>0x200099d8</load_address>
         <run_address>0x200099d8</run_address>
         <size>0x114</size>
         <input_file_ref idref="fl-de"/>
      </object_component>
      <object_component id="oc-859">
         <name>.text:_SlDrvNetAppEventHandler</name>
         <load_address>0x20009aec</load_address>
         <run_address>0x20009aec</run_address>
         <size>0x104</size>
         <input_file_ref idref="fl-14"/>
      </object_component>
      <object_component id="oc-491">
         <name>.text:aligned_alloc</name>
         <load_address>0x20009bf0</load_address>
         <run_address>0x20009bf0</run_address>
         <size>0x100</size>
         <input_file_ref idref="fl-f6"/>
      </object_component>
      <object_component id="oc-709">
         <name>.text</name>
         <load_address>0x20009cf0</load_address>
         <run_address>0x20009cf0</run_address>
         <size>0xfc</size>
         <input_file_ref idref="fl-e4"/>
      </object_component>
      <object_component id="oc-d2">
         <name>.text:sl_Start</name>
         <load_address>0x20009dec</load_address>
         <run_address>0x20009dec</run_address>
         <size>0xf0</size>
         <input_file_ref idref="fl-12"/>
      </object_component>
      <object_component id="oc-e4">
         <name>.text:sl_Stop</name>
         <load_address>0x20009edc</load_address>
         <run_address>0x20009edc</run_address>
         <size>0xf0</size>
         <input_file_ref idref="fl-12"/>
      </object_component>
      <object_component id="oc-7cb">
         <name>.text:spi_Read</name>
         <load_address>0x20009fcc</load_address>
         <run_address>0x20009fcc</run_address>
         <size>0xf0</size>
         <input_file_ref idref="fl-19"/>
      </object_component>
      <object_component id="oc-939">
         <name>.text:uDMAChannelTransferSet</name>
         <load_address>0x2000a0bc</load_address>
         <run_address>0x2000a0bc</run_address>
         <size>0xf0</size>
         <input_file_ref idref="fl-20"/>
      </object_component>
      <object_component id="oc-6d3">
         <name>.text:_SlAsyncEventGenericHandler</name>
         <load_address>0x2000a1ac</load_address>
         <run_address>0x2000a1ac</run_address>
         <size>0xe8</size>
         <input_file_ref idref="fl-13"/>
      </object_component>
      <object_component id="oc-542">
         <name>.text:_SlDrvMsgReadSpawnCtx</name>
         <load_address>0x2000a294</load_address>
         <run_address>0x2000a294</run_address>
         <size>0xe8</size>
         <input_file_ref idref="fl-13"/>
      </object_component>
      <object_component id="oc-231">
         <name>.text:free</name>
         <load_address>0x2000a37c</load_address>
         <run_address>0x2000a37c</run_address>
         <size>0xe4</size>
         <input_file_ref idref="fl-f6"/>
      </object_component>
      <object_component id="oc-22b">
         <name>.text:realloc</name>
         <load_address>0x2000a460</load_address>
         <run_address>0x2000a460</run_address>
         <size>0xe4</size>
         <input_file_ref idref="fl-f6"/>
      </object_component>
      <object_component id="oc-31e">
         <name>.text:sl_NetAppMDNSRegisterUnregisterService</name>
         <load_address>0x2000a544</load_address>
         <run_address>0x2000a544</run_address>
         <size>0xe4</size>
         <input_file_ref idref="fl-14"/>
      </object_component>
      <object_component id="oc-7c5">
         <name>.text:_SlDrvClassifyRxMsg</name>
         <load_address>0x2000a628</load_address>
         <run_address>0x2000a628</run_address>
         <size>0xdc</size>
         <input_file_ref idref="fl-13"/>
      </object_component>
      <object_component id="oc-82d">
         <name>.text:setvbuf</name>
         <load_address>0x2000a704</load_address>
         <run_address>0x2000a704</run_address>
         <size>0xdc</size>
         <input_file_ref idref="fl-e0"/>
      </object_component>
      <object_component id="oc-74e">
         <name>.text:scalbn</name>
         <load_address>0x2000a7e0</load_address>
         <run_address>0x2000a7e0</run_address>
         <size>0xd0</size>
         <input_file_ref idref="fl-100"/>
      </object_component>
      <object_component id="oc-8f7">
         <name>.text:_sl_HandleAsync_DnsGetHostByService</name>
         <load_address>0x2000a8b0</load_address>
         <run_address>0x2000a8b0</run_address>
         <size>0xcc</size>
         <input_file_ref idref="fl-14"/>
      </object_component>
      <object_component id="oc-ea">
         <name>.text:sl_DevGet</name>
         <load_address>0x2000a97c</load_address>
         <run_address>0x2000a97c</run_address>
         <size>0xcc</size>
         <input_file_ref idref="fl-12"/>
      </object_component>
      <object_component id="oc-51d">
         <name>.text:_SlRemoveFromList</name>
         <load_address>0x2000aa48</load_address>
         <run_address>0x2000aa48</run_address>
         <size>0xc4</size>
         <input_file_ref idref="fl-13"/>
      </object_component>
      <object_component id="oc-2c7">
         <name>.text:_SlDrvCmdOp</name>
         <load_address>0x2000ab0c</load_address>
         <run_address>0x2000ab0c</run_address>
         <size>0xc0</size>
         <input_file_ref idref="fl-13"/>
      </object_component>
      <object_component id="oc-5d6">
         <name>.text:_ltostr</name>
         <load_address>0x2000abcc</load_address>
         <run_address>0x2000abcc</run_address>
         <size>0xb1</size>
         <input_file_ref idref="fl-da"/>
      </object_component>
      <object_component id="oc-4be">
         <name>.text:_SlNonOsSemGet</name>
         <load_address>0x2000ac80</load_address>
         <run_address>0x2000ac80</run_address>
         <size>0xb0</size>
         <input_file_ref idref="fl-16"/>
      </object_component>
      <object_component id="oc-4fc">
         <name>.text:IntDisable</name>
         <load_address>0x2000ad30</load_address>
         <run_address>0x2000ad30</run_address>
         <size>0xa8</size>
         <input_file_ref idref="fl-1b"/>
      </object_component>
      <object_component id="oc-12d">
         <name>.text:IntEnable</name>
         <load_address>0x2000add8</load_address>
         <run_address>0x2000add8</run_address>
         <size>0xa8</size>
         <input_file_ref idref="fl-1b"/>
      </object_component>
      <object_component id="oc-516">
         <name>.text:_SlDriverHandleError</name>
         <load_address>0x2000ae80</load_address>
         <run_address>0x2000ae80</run_address>
         <size>0xa4</size>
         <input_file_ref idref="fl-13"/>
      </object_component>
      <object_component id="oc-1a2">
         <name>.text:sl_Recv</name>
         <load_address>0x2000af24</load_address>
         <run_address>0x2000af24</run_address>
         <size>0xa0</size>
         <input_file_ref idref="fl-17"/>
      </object_component>
      <object_component id="oc-3d">
         <name>.text</name>
         <load_address>0x2000afc4</load_address>
         <run_address>0x2000afc4</run_address>
         <size>0x9c</size>
         <input_file_ref idref="fl-e7"/>
      </object_component>
      <object_component id="oc-8dd">
         <name>.text:_SlDrvDeviceEventHandler</name>
         <load_address>0x2000b060</load_address>
         <run_address>0x2000b060</run_address>
         <size>0x9a</size>
         <input_file_ref idref="fl-12"/>
      </object_component>
      <object_component id="oc-14c">
         <name>.text:sl_DevSet</name>
         <load_address>0x2000b0fc</load_address>
         <run_address>0x2000b0fc</run_address>
         <size>0x98</size>
         <input_file_ref idref="fl-12"/>
      </object_component>
      <object_component id="oc-102">
         <name>.text:sl_NetCfgSet</name>
         <load_address>0x2000b194</load_address>
         <run_address>0x2000b194</run_address>
         <size>0x98</size>
         <input_file_ref idref="fl-15"/>
      </object_component>
      <object_component id="oc-170">
         <name>.text:sl_SetSockOpt</name>
         <load_address>0x2000b22c</load_address>
         <run_address>0x2000b22c</run_address>
         <size>0x98</size>
         <input_file_ref idref="fl-17"/>
      </object_component>
      <object_component id="oc-108">
         <name>.text:sl_WlanSet</name>
         <load_address>0x2000b2c4</load_address>
         <run_address>0x2000b2c4</run_address>
         <size>0x98</size>
         <input_file_ref idref="fl-18"/>
      </object_component>
      <object_component id="oc-6dc">
         <name>.text:spi_Write</name>
         <load_address>0x2000b35c</load_address>
         <run_address>0x2000b35c</run_address>
         <size>0x98</size>
         <input_file_ref idref="fl-19"/>
      </object_component>
      <object_component id="oc-702">
         <name>.text</name>
         <load_address>0x2000b3f4</load_address>
         <run_address>0x2000b3f4</run_address>
         <size>0x96</size>
         <input_file_ref idref="fl-e9"/>
      </object_component>
      <object_component id="oc-1fb">
         <name>.text:PRCMPeripheralClockGet</name>
         <load_address>0x2000b48c</load_address>
         <run_address>0x2000b48c</run_address>
         <size>0x94</size>
         <input_file_ref idref="fl-1d"/>
      </object_component>
      <object_component id="oc-8f1">
         <name>.text:_sl_HandleAsync_DnsGetHostByName</name>
         <load_address>0x2000b520</load_address>
         <run_address>0x2000b520</run_address>
         <size>0x90</size>
         <input_file_ref idref="fl-14"/>
      </object_component>
      <object_component id="oc-85f">
         <name>.text:_sl_HandleAsync_PingResponse</name>
         <load_address>0x2000b5b0</load_address>
         <run_address>0x2000b5b0</run_address>
         <size>0x90</size>
         <input_file_ref idref="fl-14"/>
      </object_component>
      <object_component id="oc-f0">
         <name>.text:sl_WlanPolicySet</name>
         <load_address>0x2000b640</load_address>
         <run_address>0x2000b640</run_address>
         <size>0x90</size>
         <input_file_ref idref="fl-18"/>
      </object_component>
      <object_component id="oc-866">
         <name>.text:SetupDMAReceive</name>
         <load_address>0x2000b6d0</load_address>
         <run_address>0x2000b6d0</run_address>
         <size>0x8c</size>
         <input_file_ref idref="fl-19"/>
      </object_component>
      <object_component id="oc-7dc">
         <name>.text:SetupDMASend</name>
         <load_address>0x2000b75c</load_address>
         <run_address>0x2000b75c</run_address>
         <size>0x8c</size>
         <input_file_ref idref="fl-19"/>
      </object_component>
      <object_component id="oc-689">
         <name>.text:_SlDrvIsTimeoutExpired</name>
         <load_address>0x2000b7e8</load_address>
         <run_address>0x2000b7e8</run_address>
         <size>0x8c</size>
         <input_file_ref idref="fl-13"/>
      </object_component>
      <object_component id="oc-988">
         <name>.text:_sl_HandleAsync_InitComplete</name>
         <load_address>0x2000b874</load_address>
         <run_address>0x2000b874</run_address>
         <size>0x8c</size>
         <input_file_ref idref="fl-12"/>
      </object_component>
      <object_component id="oc-62c">
         <name>.text:fputc</name>
         <load_address>0x2000b900</load_address>
         <run_address>0x2000b900</run_address>
         <size>0x8c</size>
         <input_file_ref idref="fl-dd"/>
      </object_component>
      <object_component id="oc-16a">
         <name>.text:sl_Socket</name>
         <load_address>0x2000b98c</load_address>
         <run_address>0x2000b98c</run_address>
         <size>0x8c</size>
         <input_file_ref idref="fl-17"/>
      </object_component>
      <object_component id="oc-5c6">
         <name>.text:PinConfigSet</name>
         <load_address>0x2000ba18</load_address>
         <run_address>0x2000ba18</run_address>
         <size>0x88</size>
         <input_file_ref idref="fl-1c"/>
      </object_component>
      <object_component id="oc-5dc">
         <name>.text:__aeabi_cdcmple</name>
         <load_address>0x2000baa0</load_address>
         <run_address>0x2000baa0</run_address>
         <size>0x86</size>
         <input_file_ref idref="fl-e2"/>
      </object_component>
      <object_component id="oc-713">
         <name>.text:__aeabi_cdrcmple</name>
         <load_address>0x2000bb26</load_address>
         <run_address>0x2000bb26</run_address>
         <size>0x86</size>
         <input_file_ref idref="fl-e2"/>
      </object_component>
      <object_component id="oc-26e">
         <name>.text:NwpPowerOnPreamble</name>
         <load_address>0x2000bbac</load_address>
         <run_address>0x2000bbac</run_address>
         <size>0x84</size>
         <input_file_ref idref="fl-19"/>
      </object_component>
      <object_component id="oc-11a">
         <name>.text:sl_WlanRxFilterSet</name>
         <load_address>0x2000bc30</load_address>
         <run_address>0x2000bc30</run_address>
         <size>0x84</size>
         <input_file_ref idref="fl-18"/>
      </object_component>
      <object_component id="oc-36b">
         <name>.text:GPIOIntTypeSet</name>
         <load_address>0x2000bcb4</load_address>
         <run_address>0x2000bcb4</run_address>
         <size>0x82</size>
         <input_file_ref idref="fl-1a"/>
      </object_component>
      <object_component id="oc-919">
         <name>.text:_sl_HandleAsync_Connect</name>
         <load_address>0x2000bd38</load_address>
         <run_address>0x2000bd38</run_address>
         <size>0x80</size>
         <input_file_ref idref="fl-17"/>
      </object_component>
      <object_component id="oc-86c">
         <name>.text:spi_Read_CPU</name>
         <load_address>0x2000bdb8</load_address>
         <run_address>0x2000bdb8</run_address>
         <size>0x80</size>
         <input_file_ref idref="fl-19"/>
      </object_component>
      <object_component id="oc-7e2">
         <name>.text:spi_Write_CPU</name>
         <load_address>0x2000be38</load_address>
         <run_address>0x2000be38</run_address>
         <size>0x80</size>
         <input_file_ref idref="fl-19"/>
      </object_component>
      <object_component id="oc-8b">
         <name>.text</name>
         <load_address>0x2000beb8</load_address>
         <run_address>0x2000beb8</run_address>
         <size>0x7a</size>
         <input_file_ref idref="fl-e8"/>
      </object_component>
      <object_component id="oc-2dd">
         <name>.text:spi_Close</name>
         <load_address>0x2000bf34</load_address>
         <run_address>0x2000bf34</run_address>
         <size>0x78</size>
         <input_file_ref idref="fl-19"/>
      </object_component>
      <object_component id="oc-201">
         <name>.text:UARTConfigSetExpClk</name>
         <load_address>0x2000bfac</load_address>
         <run_address>0x2000bfac</run_address>
         <size>0x76</size>
         <input_file_ref idref="fl-1f"/>
      </object_component>
      <object_component id="oc-d8">
         <name>.text:_SlNonOsMainLoopTask</name>
         <load_address>0x2000c024</load_address>
         <run_address>0x2000c024</run_address>
         <size>0x74</size>
         <input_file_ref idref="fl-16"/>
      </object_component>
      <object_component id="oc-94a">
         <name>.text:__TI_closefile</name>
         <load_address>0x2000c098</load_address>
         <run_address>0x2000c098</run_address>
         <size>0x74</size>
         <input_file_ref idref="fl-114"/>
      </object_component>
      <object_component id="oc-49e">
         <name>.text:split</name>
         <load_address>0x2000c10c</load_address>
         <run_address>0x2000c10c</run_address>
         <size>0x70</size>
         <input_file_ref idref="fl-f6"/>
      </object_component>
      <object_component id="oc-733">
         <name>.text:_mcpy</name>
         <load_address>0x2000c17c</load_address>
         <run_address>0x2000c17c</run_address>
         <size>0x6e</size>
         <input_file_ref idref="fl-da"/>
      </object_component>
      <object_component id="oc-97a">
         <name>.text:HOSTrename</name>
         <load_address>0x2000c1ec</load_address>
         <run_address>0x2000c1ec</run_address>
         <size>0x6c</size>
         <input_file_ref idref="fl-10d"/>
      </object_component>
      <object_component id="oc-9a0">
         <name>.text:_SlDrvCmdSend</name>
         <load_address>0x2000c258</load_address>
         <run_address>0x2000c258</run_address>
         <size>0x6c</size>
         <input_file_ref idref="fl-13"/>
      </object_component>
      <object_component id="oc-903">
         <name>.text:_sl_NetAppSendTokenValue</name>
         <load_address>0x2000c2c4</load_address>
         <run_address>0x2000c2c4</run_address>
         <size>0x6c</size>
         <input_file_ref idref="fl-14"/>
      </object_component>
      <object_component id="oc-96e">
         <name>.text:HOSTlseek</name>
         <load_address>0x2000c330</load_address>
         <run_address>0x2000c330</run_address>
         <size>0x68</size>
         <input_file_ref idref="fl-10a"/>
      </object_component>
      <object_component id="oc-15">
         <name>.text:decompress:lzss:__TI_decompress_lzss</name>
         <load_address>0x2000c398</load_address>
         <run_address>0x2000c398</run_address>
         <size>0x68</size>
         <input_file_ref idref="fl-ec"/>
      </object_component>
      <object_component id="oc-183">
         <name>.text:printf</name>
         <load_address>0x2000c400</load_address>
         <run_address>0x2000c400</run_address>
         <size>0x68</size>
         <input_file_ref idref="fl-d9"/>
      </object_component>
      <object_component id="oc-53c">
         <name>.text:_SlNonOsSpawn</name>
         <load_address>0x2000c468</load_address>
         <run_address>0x2000c468</run_address>
         <size>0x64</size>
         <input_file_ref idref="fl-16"/>
      </object_component>
      <object_component id="oc-913">
         <name>.text:_sl_HandleAsync_Accept</name>
         <load_address>0x2000c4cc</load_address>
         <run_address>0x2000c4cc</run_address>
         <size>0x64</size>
         <input_file_ref idref="fl-17"/>
      </object_component>
      <object_component id="oc-827">
         <name>.text:fseek</name>
         <load_address>0x2000c530</load_address>
         <run_address>0x2000c530</run_address>
         <size>0x64</size>
         <input_file_ref idref="fl-103"/>
      </object_component>
      <object_component id="oc-10e">
         <name>.text:sl_NetAppMDNSUnRegisterService</name>
         <load_address>0x2000c594</load_address>
         <run_address>0x2000c594</run_address>
         <size>0x64</size>
         <input_file_ref idref="fl-14"/>
      </object_component>
      <object_component id="oc-6a4">
         <name>.text:uDMAChannelAttributeDisable</name>
         <load_address>0x2000c5f8</load_address>
         <run_address>0x2000c5f8</run_address>
         <size>0x64</size>
         <input_file_ref idref="fl-20"/>
      </object_component>
      <object_component id="oc-933">
         <name>.text:uDMAChannelAttributeEnable</name>
         <load_address>0x2000c65c</load_address>
         <run_address>0x2000c65c</run_address>
         <size>0x64</size>
         <input_file_ref idref="fl-20"/>
      </object_component>
      <object_component id="oc-77a">
         <name>.text:__TI_wrt_ok</name>
         <load_address>0x2000c6c0</load_address>
         <run_address>0x2000c6c0</run_address>
         <size>0x62</size>
         <input_file_ref idref="fl-df"/>
      </object_component>
      <object_component id="oc-956">
         <name>.text:HOSTopen</name>
         <load_address>0x2000c724</load_address>
         <run_address>0x2000c724</run_address>
         <size>0x60</size>
         <input_file_ref idref="fl-10b"/>
      </object_component>
      <object_component id="oc-19c">
         <name>.text:sl_Close</name>
         <load_address>0x2000c784</load_address>
         <run_address>0x2000c784</run_address>
         <size>0x60</size>
         <input_file_ref idref="fl-17"/>
      </object_component>
      <object_component id="oc-f6">
         <name>.text:sl_WlanProfileDel</name>
         <load_address>0x2000c7e4</load_address>
         <run_address>0x2000c7e4</run_address>
         <size>0x60</size>
         <input_file_ref idref="fl-18"/>
      </object_component>
      <object_component id="oc-de">
         <name>.text:sl_WlanSetMode</name>
         <load_address>0x2000c844</load_address>
         <run_address>0x2000c844</run_address>
         <size>0x60</size>
         <input_file_ref idref="fl-18"/>
      </object_component>
      <object_component id="oc-9b6">
         <name>.text:close</name>
         <load_address>0x2000c8a4</load_address>
         <run_address>0x2000c8a4</run_address>
         <size>0x5c</size>
         <input_file_ref idref="fl-119"/>
      </object_component>
      <object_component id="oc-748">
         <name>.text:frexp</name>
         <load_address>0x2000c900</load_address>
         <run_address>0x2000c900</run_address>
         <size>0x5c</size>
         <input_file_ref idref="fl-ff"/>
      </object_component>
      <object_component id="oc-962">
         <name>.text:HOSTread</name>
         <load_address>0x2000c95c</load_address>
         <run_address>0x2000c95c</run_address>
         <size>0x58</size>
         <input_file_ref idref="fl-10c"/>
      </object_component>
      <object_component id="oc-968">
         <name>.text:HOSTwrite</name>
         <load_address>0x2000c9b4</load_address>
         <run_address>0x2000c9b4</run_address>
         <size>0x58</size>
         <input_file_ref idref="fl-10f"/>
      </object_component>
      <object_component id="oc-508">
         <name>.text:IntPendClear</name>
         <load_address>0x2000ca0c</load_address>
         <run_address>0x2000ca0c</run_address>
         <size>0x58</size>
         <input_file_ref idref="fl-1b"/>
      </object_component>
      <object_component id="oc-352">
         <name>.text:PRCMPeripheralReset</name>
         <load_address>0x2000ca64</load_address>
         <run_address>0x2000ca64</run_address>
         <size>0x58</size>
         <input_file_ref idref="fl-1d"/>
      </object_component>
      <object_component id="oc-5e7">
         <name>.text:_pconv_f</name>
         <load_address>0x2000cabc</load_address>
         <run_address>0x2000cabc</run_address>
         <size>0x56</size>
         <input_file_ref idref="fl-da"/>
      </object_component>
      <object_component id="oc-371">
         <name>.text:IntPrioritySet</name>
         <load_address>0x2000cb14</load_address>
         <run_address>0x2000cb14</run_address>
         <size>0x54</size>
         <input_file_ref idref="fl-1b"/>
      </object_component>
      <object_component id="oc-2b0">
         <name>.text:_SlDrvRxIrqHandler</name>
         <load_address>0x2000cb68</load_address>
         <run_address>0x2000cb68</run_address>
         <size>0x54</size>
         <input_file_ref idref="fl-13"/>
      </object_component>
      <object_component id="oc-71d">
         <name>.text:__TI_ltoa</name>
         <load_address>0x2000cbbc</load_address>
         <run_address>0x2000cbbc</run_address>
         <size>0x54</size>
         <input_file_ref idref="fl-ef"/>
      </object_component>
      <object_component id="oc-91f">
         <name>.text:_sl_HandleAsync_Select</name>
         <load_address>0x2000cc10</load_address>
         <run_address>0x2000cc10</run_address>
         <size>0x54</size>
         <input_file_ref idref="fl-17"/>
      </object_component>
      <object_component id="oc-72d">
         <name>.text:_ecpy</name>
         <load_address>0x2000cc64</load_address>
         <run_address>0x2000cc64</run_address>
         <size>0x52</size>
         <input_file_ref idref="fl-da"/>
      </object_component>
      <object_component id="oc-925">
         <name>.text:_sl_HandleAsync_Stop</name>
         <load_address>0x2000ccb8</load_address>
         <run_address>0x2000ccb8</run_address>
         <size>0x50</size>
         <input_file_ref idref="fl-12"/>
      </object_component>
      <object_component id="oc-280">
         <name>.text:_SlDrvProtectAsyncRespSetting</name>
         <load_address>0x2000cd08</load_address>
         <run_address>0x2000cd08</run_address>
         <size>0x4c</size>
         <input_file_ref idref="fl-13"/>
      </object_component>
      <object_component id="oc-786">
         <name>.text:__TI_doflush</name>
         <load_address>0x2000cd54</load_address>
         <run_address>0x2000cd54</run_address>
         <size>0x4c</size>
         <input_file_ref idref="fl-101"/>
      </object_component>
      <object_component id="oc-3d8">
         <name>.text:_sl_BuildAddress</name>
         <load_address>0x2000cda0</load_address>
         <run_address>0x2000cda0</run_address>
         <size>0x4c</size>
         <input_file_ref idref="fl-17"/>
      </object_component>
      <object_component id="oc-5d0">
         <name>.text:atoi</name>
         <load_address>0x2000cdec</load_address>
         <run_address>0x2000cdec</run_address>
         <size>0x4c</size>
         <input_file_ref idref="fl-f0"/>
      </object_component>
      <object_component id="oc-69e">
         <name>.text:uDMAChannelAssign</name>
         <load_address>0x2000ce38</load_address>
         <run_address>0x2000ce38</run_address>
         <size>0x4c</size>
         <input_file_ref idref="fl-20"/>
      </object_component>
      <object_component id="oc-59f">
         <name>.text:GPIOGetIntNumber</name>
         <load_address>0x2000ce84</load_address>
         <run_address>0x2000ce84</run_address>
         <size>0x48</size>
         <input_file_ref idref="fl-1a"/>
      </object_component>
      <object_component id="oc-309">
         <name>.text:_SlDrvBasicCmd</name>
         <load_address>0x2000cecc</load_address>
         <run_address>0x2000cecc</run_address>
         <size>0x48</size>
         <input_file_ref idref="fl-13"/>
      </object_component>
      <object_component id="oc-1c3">
         <name>.text:exit</name>
         <load_address>0x2000cf14</load_address>
         <run_address>0x2000cf14</run_address>
         <size>0x48</size>
         <input_file_ref idref="fl-ed"/>
      </object_component>
      <object_component id="oc-718">
         <name>.text</name>
         <load_address>0x2000cf5c</load_address>
         <run_address>0x2000cf5c</run_address>
         <size>0x48</size>
         <input_file_ref idref="fl-e5"/>
      </object_component>
      <object_component id="oc-95c">
         <name>.text:HOSTclose</name>
         <load_address>0x2000cfa4</load_address>
         <run_address>0x2000cfa4</run_address>
         <size>0x44</size>
         <input_file_ref idref="fl-109"/>
      </object_component>
      <object_component id="oc-974">
         <name>.text:HOSTunlink</name>
         <load_address>0x2000cfe8</load_address>
         <run_address>0x2000cfe8</run_address>
         <size>0x44</size>
         <input_file_ref idref="fl-10e"/>
      </object_component>
      <object_component id="oc-8bf">
         <name>.text:TimerConfigure</name>
         <load_address>0x2000d02c</load_address>
         <run_address>0x2000d02c</run_address>
         <size>0x44</size>
         <input_file_ref idref="fl-1e"/>
      </object_component>
      <object_component id="oc-999">
         <name>.text:_SlDrvHandleHttpServerEvents</name>
         <load_address>0x2000d070</load_address>
         <run_address>0x2000d070</run_address>
         <size>0x44</size>
         <input_file_ref idref="fl-13"/>
      </object_component>
      <object_component id="oc-298">
         <name>.text:_SlDrvSyncObjWaitTimeout</name>
         <load_address>0x2000d0b4</load_address>
         <run_address>0x2000d0b4</run_address>
         <size>0x44</size>
         <input_file_ref idref="fl-13"/>
      </object_component>
      <object_component id="oc-1c9">
         <name>.text:__TI_auto_init_nobinit_nopinit:__TI_auto_init_nobinit_nopinit</name>
         <load_address>0x2000d0f8</load_address>
         <run_address>0x2000d0f8</run_address>
         <size>0x44</size>
         <input_file_ref idref="fl-105"/>
      </object_component>
      <object_component id="oc-879">
         <name>.text:cc_SetupTransfer</name>
         <load_address>0x2000d13c</load_address>
         <run_address>0x2000d13c</run_address>
         <size>0x44</size>
         <input_file_ref idref="fl-19"/>
      </object_component>
      <object_component id="oc-9fe">
         <name>.text:getdevice</name>
         <load_address>0x2000d180</load_address>
         <run_address>0x2000d180</run_address>
         <size>0x44</size>
         <input_file_ref idref="fl-115"/>
      </object_component>
      <object_component id="oc-164">
         <name>.text:sl_Htonl</name>
         <load_address>0x2000d1c4</load_address>
         <run_address>0x2000d1c4</run_address>
         <size>0x42</size>
         <input_file_ref idref="fl-17"/>
      </object_component>
      <object_component id="oc-3e2">
         <name>.text:PinModeSet</name>
         <load_address>0x2000d208</load_address>
         <run_address>0x2000d208</run_address>
         <size>0x40</size>
         <input_file_ref idref="fl-1c"/>
      </object_component>
      <object_component id="oc-8e9">
         <name>.text:_SlDrvHandleNetAppEvents</name>
         <load_address>0x2000d248</load_address>
         <run_address>0x2000d248</run_address>
         <size>0x40</size>
         <input_file_ref idref="fl-13"/>
      </object_component>
      <object_component id="oc-8e3">
         <name>.text:_SlDrvHandleWlanEvents</name>
         <load_address>0x2000d288</load_address>
         <run_address>0x2000d288</run_address>
         <size>0x40</size>
         <input_file_ref idref="fl-13"/>
      </object_component>
      <object_component id="oc-42b">
         <name>.text:_sl_TruncatePayloadByProtocol</name>
         <load_address>0x2000d2c8</load_address>
         <run_address>0x2000d2c8</run_address>
         <size>0x40</size>
         <input_file_ref idref="fl-17"/>
      </object_component>
      <object_component id="oc-190">
         <name>.text:sprintf</name>
         <load_address>0x2000d308</load_address>
         <run_address>0x2000d308</run_address>
         <size>0x40</size>
         <input_file_ref idref="fl-db"/>
      </object_component>
      <object_component id="oc-20d">
         <name>.text:vsnprintf</name>
         <load_address>0x2000d348</load_address>
         <run_address>0x2000d348</run_address>
         <size>0x40</size>
         <input_file_ref idref="fl-dc"/>
      </object_component>
      <object_component id="oc-28c">
         <name>.text:NwpRegisterInterruptHandler</name>
         <load_address>0x2000d388</load_address>
         <run_address>0x2000d388</run_address>
         <size>0x3e</size>
         <input_file_ref idref="fl-19"/>
      </object_component>
      <object_component id="oc-740">
         <name>.text:_fcpy</name>
         <load_address>0x2000d3c6</load_address>
         <run_address>0x2000d3c6</run_address>
         <size>0x3e</size>
         <input_file_ref idref="fl-da"/>
      </object_component>
      <object_component id="oc-90a">
         <name>.text:CopyPingResultsToReport</name>
         <load_address>0x2000d404</load_address>
         <run_address>0x2000d404</run_address>
         <size>0x3c</size>
         <input_file_ref idref="fl-14"/>
      </object_component>
      <object_component id="oc-34c">
         <name>.text:PRCMPeripheralClkEnable</name>
         <load_address>0x2000d440</load_address>
         <run_address>0x2000d440</run_address>
         <size>0x3c</size>
         <input_file_ref idref="fl-1d"/>
      </object_component>
      <object_component id="oc-842">
         <name>.text:simplelink_timerA2_start</name>
         <load_address>0x2000d47c</load_address>
         <run_address>0x2000d47c</run_address>
         <size>0x3c</size>
         <input_file_ref idref="fl-19"/>
      </object_component>
      <object_component id="oc-15e">
         <name>.text:sl_Htons</name>
         <load_address>0x2000d4b8</load_address>
         <run_address>0x2000d4b8</run_address>
         <size>0x3c</size>
         <input_file_ref idref="fl-17"/>
      </object_component>
      <object_component id="oc-92d">
         <name>.text:uDMAChannelControlSet</name>
         <load_address>0x2000d4f4</load_address>
         <run_address>0x2000d4f4</run_address>
         <size>0x3c</size>
         <input_file_ref idref="fl-20"/>
      </object_component>
      <object_component id="oc-286">
         <name>.text:NwpPowerOff</name>
         <load_address>0x2000d530</load_address>
         <run_address>0x2000d530</run_address>
         <size>0x38</size>
         <input_file_ref idref="fl-19"/>
      </object_component>
      <object_component id="oc-9c7">
         <name>.text:__TI_writemsg</name>
         <load_address>0x2000d568</load_address>
         <run_address>0x2000d568</run_address>
         <size>0x38</size>
         <input_file_ref idref="fl-110"/>
      </object_component>
      <object_component id="oc-fc">
         <name>.text:sl_WlanDisconnect</name>
         <load_address>0x2000d5a0</load_address>
         <run_address>0x2000d5a0</run_address>
         <size>0x38</size>
         <input_file_ref idref="fl-18"/>
      </object_component>
      <object_component id="oc-3ee">
         <name>.text:GPIODirModeSet</name>
         <load_address>0x2000d5d8</load_address>
         <run_address>0x2000d5d8</run_address>
         <size>0x36</size>
         <input_file_ref idref="fl-1a"/>
      </object_component>
      <object_component id="oc-a21">
         <name>.text:strncpy</name>
         <load_address>0x2000d60e</load_address>
         <run_address>0x2000d60e</run_address>
         <size>0x36</size>
         <input_file_ref idref="fl-117"/>
      </object_component>
      <object_component id="oc-292">
         <name>.text:NwpPowerOn</name>
         <load_address>0x2000d644</load_address>
         <run_address>0x2000d644</run_address>
         <size>0x34</size>
         <input_file_ref idref="fl-19"/>
      </object_component>
      <object_component id="oc-4cf">
         <name>.text:PRCMPeripheralStatusGet</name>
         <load_address>0x2000d678</load_address>
         <run_address>0x2000d678</run_address>
         <size>0x34</size>
         <input_file_ref idref="fl-1d"/>
      </object_component>
      <object_component id="oc-89a">
         <name>.text:__TI_cleanup</name>
         <load_address>0x2000d6ac</load_address>
         <run_address>0x2000d6ac</run_address>
         <size>0x34</size>
         <input_file_ref idref="fl-102"/>
      </object_component>
      <object_component id="oc-9cd">
         <name>.text:__TI_readmsg</name>
         <load_address>0x2000d6e0</load_address>
         <run_address>0x2000d6e0</run_address>
         <size>0x34</size>
         <input_file_ref idref="fl-110"/>
      </object_component>
      <object_component id="oc-3e8">
         <name>.text:PinTypeGPIO</name>
         <load_address>0x2000d714</load_address>
         <run_address>0x2000d714</run_address>
         <size>0x30</size>
         <input_file_ref idref="fl-1c"/>
      </object_component>
      <object_component id="oc-467">
         <name>.text:UARTDisable</name>
         <load_address>0x2000d744</load_address>
         <run_address>0x2000d744</run_address>
         <size>0x30</size>
         <input_file_ref idref="fl-1f"/>
      </object_component>
      <object_component id="oc-475">
         <name>.text:_outs</name>
         <load_address>0x2000d774</load_address>
         <run_address>0x2000d774</run_address>
         <size>0x30</size>
         <input_file_ref idref="fl-dc"/>
      </object_component>
      <object_component id="oc-a27">
         <name>.text:finddevice</name>
         <load_address>0x2000d7a4</load_address>
         <run_address>0x2000d7a4</run_address>
         <size>0x30</size>
         <input_file_ref idref="fl-115"/>
      </object_component>
      <object_component id="oc-723">
         <name>.text</name>
         <load_address>0x2000d7d4</load_address>
         <run_address>0x2000d7d4</run_address>
         <size>0x2e</size>
         <input_file_ref idref="fl-e6"/>
      </object_component>
      <object_component id="oc-33a">
         <name>.text:PRCMSysResetCauseGet</name>
         <load_address>0x2000d804</load_address>
         <run_address>0x2000d804</run_address>
         <size>0x2c</size>
         <input_file_ref idref="fl-1d"/>
      </object_component>
      <object_component id="oc-54f">
         <name>.text:_SlDrvObjGlobalLockWaitForever</name>
         <load_address>0x2000d830</load_address>
         <run_address>0x2000d830</run_address>
         <size>0x2c</size>
         <input_file_ref idref="fl-13"/>
      </object_component>
      <object_component id="oc-3ad">
         <name>.text:_SlDrvProtectionObjLockWaitForever</name>
         <load_address>0x2000d85c</load_address>
         <run_address>0x2000d85c</run_address>
         <size>0x2c</size>
         <input_file_ref idref="fl-13"/>
      </object_component>
      <object_component id="oc-9bc">
         <name>.text:unlink</name>
         <load_address>0x2000d888</load_address>
         <run_address>0x2000d888</run_address>
         <size>0x2c</size>
         <input_file_ref idref="fl-11a"/>
      </object_component>
      <object_component id="oc-8cb">
         <name>.text:TimerLoadSet</name>
         <load_address>0x2000d8b4</load_address>
         <run_address>0x2000d8b4</run_address>
         <size>0x2a</size>
         <input_file_ref idref="fl-1e"/>
      </object_component>
      <object_component id="oc-8c5">
         <name>.text:TimerPrescaleSet</name>
         <load_address>0x2000d8de</load_address>
         <run_address>0x2000d8de</run_address>
         <size>0x2a</size>
         <input_file_ref idref="fl-1e"/>
      </object_component>
      <object_component id="oc-358">
         <name>.text:PRCMPeripheralClkDisable</name>
         <load_address>0x2000d908</load_address>
         <run_address>0x2000d908</run_address>
         <size>0x28</size>
         <input_file_ref idref="fl-1d"/>
      </object_component>
      <object_component id="oc-555">
         <name>.text:_SlDrvGlobalObjUnLock</name>
         <load_address>0x2000d930</load_address>
         <run_address>0x2000d930</run_address>
         <size>0x28</size>
         <input_file_ref idref="fl-13"/>
      </object_component>
      <object_component id="oc-3b3">
         <name>.text:_SlDrvProtectionObjUnLock</name>
         <load_address>0x2000d958</load_address>
         <run_address>0x2000d958</run_address>
         <size>0x28</size>
         <input_file_ref idref="fl-13"/>
      </object_component>
      <object_component id="oc-3b9">
         <name>.text:_SlDrvSyncObjWaitForever</name>
         <load_address>0x2000d980</load_address>
         <run_address>0x2000d980</run_address>
         <size>0x28</size>
         <input_file_ref idref="fl-13"/>
      </object_component>
      <object_component id="oc-4a5">
         <name>.text:free_list_insert</name>
         <load_address>0x2000d9a8</load_address>
         <run_address>0x2000d9a8</run_address>
         <size>0x28</size>
         <input_file_ref idref="fl-f6"/>
      </object_component>
      <object_component id="oc-892">
         <name>.text:lseek</name>
         <load_address>0x2000d9d0</load_address>
         <run_address>0x2000d9d0</run_address>
         <size>0x28</size>
         <input_file_ref idref="fl-112"/>
      </object_component>
      <object_component id="oc-21f">
         <name>.text:memmove</name>
         <load_address>0x2000d9f8</load_address>
         <run_address>0x2000d9f8</run_address>
         <size>0x28</size>
         <input_file_ref idref="fl-f5"/>
      </object_component>
      <object_component id="oc-78c">
         <name>.text:write</name>
         <load_address>0x2000da20</load_address>
         <run_address>0x2000da20</run_address>
         <size>0x28</size>
         <input_file_ref idref="fl-fb"/>
      </object_component>
      <object_component id="oc-644">
         <name>.text:_SlDrvObjLockWaitForever</name>
         <load_address>0x2000da48</load_address>
         <run_address>0x2000da48</run_address>
         <size>0x26</size>
         <input_file_ref idref="fl-13"/>
      </object_component>
      <object_component id="oc-9e4">
         <name>.text</name>
         <load_address>0x2000da6e</load_address>
         <run_address>0x2000da6e</run_address>
         <size>0x26</size>
         <input_file_ref idref="fl-6"/>
      </object_component>
      <object_component id="oc-4e7">
         <name>.text:DmaSpiSwIntHandler</name>
         <load_address>0x2000da94</load_address>
         <run_address>0x2000da94</run_address>
         <size>0x24</size>
         <input_file_ref idref="fl-19"/>
      </object_component>
      <object_component id="oc-502">
         <name>.text:IntUnregister</name>
         <load_address>0x2000dab8</load_address>
         <run_address>0x2000dab8</run_address>
         <size>0x24</size>
         <input_file_ref idref="fl-1b"/>
      </object_component>
      <object_component id="oc-46d">
         <name>.text:UARTEnable</name>
         <load_address>0x2000dadc</load_address>
         <run_address>0x2000dadc</run_address>
         <size>0x24</size>
         <input_file_ref idref="fl-1f"/>
      </object_component>
      <object_component id="oc-5b">
         <name>.text:_c_int00_noargs:_c_int00_noargs</name>
         <load_address>0x2000db00</load_address>
         <run_address>0x2000db00</run_address>
         <size>0x24</size>
         <input_file_ref idref="fl-fa"/>
      </object_component>
      <object_component id="oc-389">
         <name>.text:GPIOPinWrite</name>
         <load_address>0x2000db24</load_address>
         <run_address>0x2000db24</run_address>
         <size>0x20</size>
         <input_file_ref idref="fl-1a"/>
      </object_component>
      <object_component id="oc-4db">
         <name>.text:IntRegister</name>
         <load_address>0x2000db44</load_address>
         <run_address>0x2000db44</run_address>
         <size>0x20</size>
         <input_file_ref idref="fl-1b"/>
      </object_component>
      <object_component id="oc-2d7">
         <name>.text:NwpPrePowerOffTimout0</name>
         <load_address>0x2000db64</load_address>
         <run_address>0x2000db64</run_address>
         <size>0x20</size>
         <input_file_ref idref="fl-19"/>
      </object_component>
      <object_component id="oc-7a8">
         <name>.text:TimerGetCurrentTimestamp</name>
         <load_address>0x2000db84</load_address>
         <run_address>0x2000db84</run_address>
         <size>0x20</size>
         <input_file_ref idref="fl-19"/>
      </object_component>
      <object_component id="oc-64a">
         <name>.text:_SlDrvObjUnLock</name>
         <load_address>0x2000dba4</load_address>
         <run_address>0x2000dba4</run_address>
         <size>0x20</size>
         <input_file_ref idref="fl-13"/>
      </object_component>
      <object_component id="oc-523">
         <name>.text:_SlDrvSyncObjSignal</name>
         <load_address>0x2000dbc4</load_address>
         <run_address>0x2000dbc4</run_address>
         <size>0x20</size>
         <input_file_ref idref="fl-13"/>
      </object_component>
      <object_component id="oc-780">
         <name>.text:memchr</name>
         <load_address>0x2000dbe4</load_address>
         <run_address>0x2000dbe4</run_address>
         <size>0x20</size>
         <input_file_ref idref="fl-f4"/>
      </object_component>
      <object_component id="oc-377">
         <name>.text:GPIOIntRegister</name>
         <load_address>0x2000dc04</load_address>
         <run_address>0x2000dc04</run_address>
         <size>0x1e</size>
         <input_file_ref idref="fl-1a"/>
      </object_component>
      <object_component id="oc-8d1">
         <name>.text:TimerEnable</name>
         <load_address>0x2000dc22</load_address>
         <run_address>0x2000dc22</run_address>
         <size>0x1e</size>
         <input_file_ref idref="fl-1e"/>
      </object_component>
      <object_component id="oc-207">
         <name>.text:UARTCharPut</name>
         <load_address>0x2000dc40</load_address>
         <run_address>0x2000dc40</run_address>
         <size>0x1e</size>
         <input_file_ref idref="fl-1f"/>
      </object_component>
      <object_component id="oc-4d5">
         <name>.text:cc_UDMAChannelSelect</name>
         <load_address>0x2000dc5e</load_address>
         <run_address>0x2000dc5e</run_address>
         <size>0x1e</size>
         <input_file_ref idref="fl-19"/>
      </object_component>
      <object_component id="oc-848">
         <name>.text:TimerValueGet</name>
         <load_address>0x2000dc7c</load_address>
         <run_address>0x2000dc7c</run_address>
         <size>0x1c</size>
         <input_file_ref idref="fl-1e"/>
      </object_component>
      <object_component id="oc-219">
         <name>.text:UARTCharGetNonBlocking</name>
         <load_address>0x2000dc98</load_address>
         <run_address>0x2000dc98</run_address>
         <size>0x1c</size>
         <input_file_ref idref="fl-1f"/>
      </object_component>
      <object_component id="oc-683">
         <name>.text:_SlDrvStartMeasureTimeout</name>
         <load_address>0x2000dcb4</load_address>
         <run_address>0x2000dcb4</run_address>
         <size>0x1c</size>
         <input_file_ref idref="fl-13"/>
      </object_component>
      <object_component id="oc-49">
         <name>.text:decompress:ZI:__TI_zero_init_nomemset:__TI_zero_init_nomemset</name>
         <load_address>0x2000dcd0</load_address>
         <run_address>0x2000dcd0</run_address>
         <size>0x1c</size>
         <input_file_ref idref="fl-ea"/>
      </object_component>
      <object_component id="oc-498">
         <name>.text:free_list_remove</name>
         <load_address>0x2000dcec</load_address>
         <run_address>0x2000dcec</run_address>
         <size>0x1c</size>
         <input_file_ref idref="fl-f6"/>
      </object_component>
      <object_component id="oc-5f9">
         <name>.text:memccpy</name>
         <load_address>0x2000dd08</load_address>
         <run_address>0x2000dd08</run_address>
         <size>0x1c</size>
         <input_file_ref idref="fl-f3"/>
      </object_component>
[...]
      </symbol>
      <symbol id="sm-d73">
         <name>UARTCharsAvail</name>
         <value>0x2000dda7</value>
         <object_component_ref idref="oc-213"/>
      </symbol>
      <symbol id="sm-d74">
         <name>UARTCharGetNonBlocking</name>
         <value>0x2000dc99</value>
         <object_component_ref idref="oc-219"/>
      </symbol>
      <symbol id="sm-d75">
         <name>UARTCharPut</name>
         <value>0x2000dc41</value>
         <object_component_ref idref="oc-207"/>
      </symbol>
      <symbol id="sm-d76">
         <name>UARTEnable</name>
         <value>0x2000dadd</value>
         <object_component_ref idref="oc-46d"/>
      </symbol>
      <symbol id="sm-dcd">
         <name>uDMAChannelControlSet</name>
         <value>0x2000d4f5</value>
         <object_component_ref idref="oc-92d"/>
      </symbol>
      <symbol id="sm-dce">
         <name>uDMAChannelAttributeEnable</name>
         <value>0x2000c65d</value>
         <object_component_ref idref="oc-933"/>
      </symbol>
      <symbol id="sm-dcf">
         <name>uDMAChannelTransferSet</name>
         <value>0x2000a0bd</value>
         <object_component_ref idref="oc-939"/>
      </symbol>
      <symbol id="sm-dd0">
         <name>uDMAChannelAssign</name>
         <value>0x2000ce39</value>
         <object_component_ref idref="oc-69e"/>
      </symbol>
      <symbol id="sm-dd1">
         <name>uDMAChannelAttributeDisable</name>
         <value>0x2000c5f9</value>
         <object_component_ref idref="oc-6a4"/>
      </symbol>
      <symbol id="sm-dd2">
         <name>uDMAChannelEnable</name>
         <value>0x2000dd25</value>
         <object_component_ref idref="oc-93f"/>
      </symbol>
      <symbol id="sm-dd6">
         <name>UtilsDelay</name>
         <value>0x2000df89</value>
         <object_component_ref idref="oc-14b"/>
      </symbol>
      <symbol id="sm-de0">
         <name>CPUcpsie</name>
         <value>0x2000de91</value>
         <object_component_ref idref="oc-32f"/>
      </symbol>
      <symbol id="sm-e0d">
         <name>printf</name>
         <value>0x2000c401</value>
         <object_component_ref idref="oc-183"/>
      </symbol>
      <symbol id="sm-f77">
         <name>__TI_printfi</name>
         <value>0x200057ed</value>
         <object_component_ref idref="oc-401"/>
      </symbol>
      <symbol id="sm-f99">
         <name>sprintf</name>
         <value>0x2000d309</value>
         <object_component_ref idref="oc-190"/>
      </symbol>
      <symbol id="sm-fc3">
         <name>vsnprintf</name>
         <value>0x2000d349</value>
         <object_component_ref idref="oc-20d"/>
      </symbol>
      <symbol id="sm-fd8">
         <name>putc</name>
         <value>0x2000b901</value>
         <object_component_ref idref="oc-62c"/>
      </symbol>
      <symbol id="sm-fd9">
         <name>fputc</name>
         <value>0x2000b901</value>
         <object_component_ref idref="oc-62c"/>
      </symbol>
      <symbol id="sm-ff7">
         <name>fputs</name>
         <value>0x200099d9</value>
         <object_component_ref idref="oc-625"/>
      </symbol>
      <symbol id="sm-100f">
         <name>__TI_wrt_ok</name>
         <value>0x2000c6c1</value>
         <object_component_ref idref="oc-77a"/>
      </symbol>
      <symbol id="sm-102b">
         <name>setvbuf</name>
         <value>0x2000a705</value>
         <object_component_ref idref="oc-82d"/>
      </symbol>
      <symbol id="sm-1042">
         <name>__aeabi_dsub</name>
         <value>0x20008225</value>
         <object_component_ref idref="oc-728"/>
      </symbol>
      <symbol id="sm-1043">
         <name>__aeabi_dadd</name>
         <value>0x2000822f</value>
         <object_component_ref idref="oc-728"/>
      </symbol>
      <symbol id="sm-1065">
         <name>__aeabi_cdcmpeq</name>
         <value>0x2000baa1</value>
         <object_component_ref idref="oc-5dc"/>
      </symbol>
      <symbol id="sm-1066">
         <name>__aeabi_cdcmple</name>
         <value>0x2000baa1</value>
         <object_component_ref idref="oc-5dc"/>
      </symbol>
      <symbol id="sm-1067">
         <name>__aeabi_cdrcmple</name>
         <value>0x2000bb27</value>
         <object_component_ref idref="oc-713"/>
      </symbol>
      <symbol id="sm-107b">
         <name>__aeabi_ddiv</name>
         <value>0x2000951d</value>
         <object_component_ref idref="oc-70e"/>
      </symbol>
      <symbol id="sm-1086">
         <name>__aeabi_dmul</name>
         <value>0x20009cf1</value>
         <object_component_ref idref="oc-709"/>
      </symbol>
      <symbol id="sm-1090">
         <name>__aeabi_d2iz</name>
         <value>0x2000cf5d</value>
         <object_component_ref idref="oc-718"/>
      </symbol>
      <symbol id="sm-109a">
         <name>__aeabi_i2d</name>
         <value>0x2000d7d5</value>
         <object_component_ref idref="oc-723"/>
      </symbol>
      <symbol id="sm-10b5">
         <name>memcpy</name>
         <value>0x2000afc5</value>
         <object_component_ref idref="oc-3d"/>
      </symbol>
      <symbol id="sm-10b6">
         <name>__aeabi_memcpy</name>
         <value>0x2000afc5</value>
         <object_component_ref idref="oc-3d"/>
      </symbol>
      <symbol id="sm-10b7">
         <name>__aeabi_memcpy8</name>
         <value>0x2000afc5</value>
         <object_component_ref idref="oc-3d"/>
      </symbol>
      <symbol id="sm-10b8">
         <name>__aeabi_memcpy4</name>
         <value>0x2000afc5</value>
         <object_component_ref idref="oc-3d"/>
      </symbol>
      <symbol id="sm-10c7">
         <name>__aeabi_memset</name>
         <value>0x2000bebb</value>
         <object_component_ref idref="oc-8b"/>
      </symbol>
      <symbol id="sm-10c8">
         <name>memset</name>
         <value>0x2000bec1</value>
         <object_component_ref idref="oc-8b"/>
      </symbol>
      <symbol id="sm-10c9">
         <name>__aeabi_memset8</name>
         <value>0x2000bebb</value>
         <object_component_ref idref="oc-8b"/>
      </symbol>
      <symbol id="sm-10ca">
         <name>__aeabi_memset4</name>
         <value>0x2000bebb</value>
         <object_component_ref idref="oc-8b"/>
      </symbol>
      <symbol id="sm-10cb">
         <name>__aeabi_memclr8</name>
         <value>0x2000beb9</value>
         <object_component_ref idref="oc-8b"/>
      </symbol>
      <symbol id="sm-10cc">
         <name>__aeabi_memclr4</name>
         <value>0x2000beb9</value>
         <object_component_ref idref="oc-8b"/>
      </symbol>
      <symbol id="sm-10cd">
         <name>__aeabi_memclr</name>
         <value>0x2000beb9</value>
         <object_component_ref idref="oc-8b"/>
      </symbol>
      <symbol id="sm-10da">
         <name>__aeabi_uldivmod</name>
         <value>0x2000b3f5</value>
         <object_component_ref idref="oc-702"/>
      </symbol>
      <symbol id="sm-10ee">
         <name>__TI_zero_init_nomemset</name>
         <value>0x2000dcd1</value>
         <object_component_ref idref="oc-49"/>
      </symbol>
      <symbol id="sm-1105">
         <name>__TI_decompress_none</name>
         <value>0x2000df25</value>
         <object_component_ref idref="oc-1b"/>
      </symbol>
      <symbol id="sm-1128">
         <name>__TI_decompress_lzss</name>
         <value>0x2000c399</value>
         <object_component_ref idref="oc-15"/>
      </symbol>
      <symbol id="sm-114e">
         <name>C$$EXIT</name>
         <value>0x2000df9b</value>
         <object_component_ref idref="oc-1bd"/>
      </symbol>
      <symbol id="sm-114f">
         <name>abort</name>
         <value>0x2000df9b</value>
         <object_component_ref idref="oc-1bd"/>
      </symbol>
      <symbol id="sm-1150">
         <name>__TI_dtors_ptr</name>
         <value>0x2001f620</value>
         <object_component_ref idref="oc-44a"/>
      </symbol>
      <symbol id="sm-1151">
         <name>__TI_cleanup_ptr</name>
         <value>0x2001f61c</value>
         <object_component_ref idref="oc-44a"/>
      </symbol>
      <symbol id="sm-1152">
         <name>__TI_enable_exit_profile_output</name>
         <value>0x2001f624</value>
         <object_component_ref idref="oc-44a"/>
      </symbol>
      <symbol id="sm-1153">
         <name>exit</name>
         <value>0x2000cf15</value>
         <object_component_ref idref="oc-1c3"/>
      </symbol>
      <symbol id="sm-1168">
         <name>_nop</name>
         <value>0x200083db</value>
         <object_component_ref idref="oc-617"/>
      </symbol>
      <symbol id="sm-1169">
         <name>_lock</name>
         <value>0x2001f640</value>
         <object_component_ref idref="oc-407"/>
      </symbol>
      <symbol id="sm-116a">
         <name>_unlock</name>
         <value>0x2001f644</value>
         <object_component_ref idref="oc-407"/>
      </symbol>
      <symbol id="sm-1179">
         <name>__TI_ltoa</name>
         <value>0x2000cbbd</value>
         <object_component_ref idref="oc-71d"/>
      </symbol>
      <symbol id="sm-118f">
         <name>atoi</name>
         <value>0x2000cded</value>
         <object_component_ref idref="oc-5d0"/>
      </symbol>
      <symbol id="sm-119a">
         <name>_ctypes_</name>
         <value>0x2000dfa0</value>
         <object_component_ref idref="oc-6fd"/>
      </symbol>
      <symbol id="sm-11af">
         <name>__TI_tmpnams</name>
         <value>0x2001f288</value>
      </symbol>
      <symbol id="sm-11b0">
         <name>__aeabi_stdout</name>
         <value>0x2001f604</value>
         <object_component_ref idref="oc-950"/>
      </symbol>
      <symbol id="sm-11b1">
         <name>__aeabi_stderr</name>
         <value>0x2001f608</value>
         <object_component_ref idref="oc-950"/>
      </symbol>
      <symbol id="sm-11b2">
         <name>__aeabi_stdin</name>
         <value>0x2001f600</value>
         <object_component_ref idref="oc-950"/>
      </symbol>
      <symbol id="sm-11b3">
         <name>_ftable</name>
         <value>0x2001f3e4</value>
         <object_component_ref idref="oc-40a"/>
      </symbol>
      <symbol id="sm-11b4">
         <name>__TI_ft_end</name>
         <value>0x2001f5fc</value>
         <object_component_ref idref="oc-950"/>
      </symbol>
      <symbol id="sm-11c4">
         <name>memccpy</name>
         <value>0x2000dd09</value>
         <object_component_ref idref="oc-5f9"/>
      </symbol>
      <symbol id="sm-11d4">
         <name>memchr</name>
         <value>0x2000dbe5</value>
         <object_component_ref idref="oc-780"/>
      </symbol>
      <symbol id="sm-11e5">
         <name>memmove</name>
         <value>0x2000d9f9</value>
         <object_component_ref idref="oc-21f"/>
      </symbol>
      <symbol id="sm-1283">
         <name>_sys_memory</name>
         <value>0x20017000</value>
         <object_component_ref idref="oc-23"/>
      </symbol>
      <symbol id="sm-1284">
         <name>free</name>
         <value>0x2000a37d</value>
         <object_component_ref idref="oc-231"/>
      </symbol>
      <symbol id="sm-1285">
         <name>realloc</name>
         <value>0x2000a461</value>
         <object_component_ref idref="oc-22b"/>
      </symbol>
      <symbol id="sm-1286">
         <name>memalign</name>
         <value>0x20009bf1</value>
         <object_component_ref idref="oc-491"/>
      </symbol>
      <symbol id="sm-1287">
         <name>malloc</name>
         <value>0x2000df81</value>
         <object_component_ref idref="oc-225"/>
      </symbol>
      <symbol id="sm-1288">
         <name>aligned_alloc</name>
         <value>0x20009bf1</value>
         <object_component_ref idref="oc-491"/>
      </symbol>
      <symbol id="sm-1298">
         <name>strchr</name>
         <value>0x2000de7b</value>
         <object_component_ref idref="oc-754"/>
      </symbol>
      <symbol id="sm-12a6">
         <name>strcpy</name>
         <value>0x2000decd</value>
         <object_component_ref idref="oc-18a"/>
      </symbol>
      <symbol id="sm-12b4">
         <name>strlen</name>
         <value>0x2000dee1</value>
         <object_component_ref idref="oc-139"/>
      </symbol>
      <symbol id="sm-12c6">
         <name>__stack</name>
         <value>0x2002f000</value>
         <object_component_ref idref="oc-26"/>
      </symbol>
      <symbol id="sm-12c7">
         <name>_c_int00_noargs</name>
         <value>0x2000db01</value>
         <object_component_ref idref="oc-5b"/>
      </symbol>
      <symbol id="sm-12e1">
         <name>write</name>
         <value>0x2000da21</value>
         <object_component_ref idref="oc-78c"/>
      </symbol>
      <symbol id="sm-12f2">
         <name>_stream</name>
         <value>0x2001f54c</value>
         <object_component_ref idref="oc-839"/>
      </symbol>
      <symbol id="sm-12f3">
         <name>_device</name>
         <value>0x2001f4d4</value>
         <object_component_ref idref="oc-8ad"/>
      </symbol>
      <symbol id="sm-1309">
         <name>__aeabi_errno_addr</name>
         <value>0x2000df79</value>
         <object_component_ref idref="oc-605"/>
      </symbol>
      <symbol id="sm-130a">
         <name>errno</name>
         <value>0x2001f650</value>
         <object_component_ref idref="oc-764"/>
      </symbol>
      <symbol id="sm-1323">
         <name>wcslen</name>
         <value>0x2000def5</value>
         <object_component_ref idref="oc-5ff"/>
      </symbol>
      <symbol id="sm-1343">
         <name>frexpl</name>
         <value>0x2000c901</value>
         <object_component_ref idref="oc-748"/>
      </symbol>
      <symbol id="sm-1344">
         <name>frexp</name>
         <value>0x2000c901</value>
         <object_component_ref idref="oc-748"/>
      </symbol>
      <symbol id="sm-1362">
         <name>scalbn</name>
         <value>0x2000a7e1</value>
         <object_component_ref idref="oc-74e"/>
      </symbol>
      <symbol id="sm-1363">
         <name>scalbnl</name>
         <value>0x2000a7e1</value>
         <object_component_ref idref="oc-74e"/>
      </symbol>
      <symbol id="sm-1364">
         <name>ldexpl</name>
         <value>0x2000a7e1</value>
         <object_component_ref idref="oc-74e"/>
      </symbol>
      <symbol id="sm-1365">
         <name>ldexp</name>
         <value>0x2000a7e1</value>
         <object_component_ref idref="oc-74e"/>
      </symbol>
      <symbol id="sm-1375">
         <name>__TI_doflush</name>
         <value>0x2000cd55</value>
         <object_component_ref idref="oc-786"/>
      </symbol>
      <symbol id="sm-1385">
         <name>__TI_cleanup</name>
         <value>0x2000d6ad</value>
         <object_component_ref idref="oc-89a"/>
      </symbol>
      <symbol id="sm-1397">
         <name>fseek</name>
         <value>0x2000c531</value>
         <object_component_ref idref="oc-827"/>
      </symbol>
      <symbol id="sm-13a1">
         <name>__aeabi_idiv0</name>
         <value>0x20009653</value>
         <object_component_ref idref="oc-7f2"/>
      </symbol>
      <symbol id="sm-13a2">
         <name>__aeabi_ldiv0</name>
         <value>0x20009653</value>
         <object_component_ref idref="oc-7f2"/>
      </symbol>
      <symbol id="sm-13ca">
         <name>__TI_auto_init_nobinit_nopinit</name>
         <value>0x2000d0f9</value>
         <object_component_ref idref="oc-1c9"/>
      </symbol>
      <symbol id="sm-13d4">
         <name>_system_pre_init</name>
         <value>0x2000df97</value>
         <object_component_ref idref="oc-91"/>
      </symbol>
      <symbol id="sm-13e7">
         <name>HOSTclose</name>
         <value>0x2000cfa5</value>
         <object_component_ref idref="oc-95c"/>
      </symbol>
      <symbol id="sm-13f8">
         <name>HOSTlseek</name>
         <value>0x2000c331</value>
         <object_component_ref idref="oc-96e"/>
      </symbol>
      <symbol id="sm-140a">
         <name>parmbuf</name>
         <value>0x2001f3d0</value>
      </symbol>
      <symbol id="sm-140b">
         <name>HOSTopen</name>
         <value>0x2000c725</value>
         <object_component_ref idref="oc-956"/>
      </symbol>
      <symbol id="sm-141c">
         <name>HOSTread</name>
         <value>0x2000c95d</value>
         <object_component_ref idref="oc-962"/>
      </symbol>
      <symbol id="sm-142d">
         <name>HOSTrename</name>
         <value>0x2000c1ed</value>
         <object_component_ref idref="oc-97a"/>
      </symbol>
      <symbol id="sm-143e">
         <name>HOSTunlink</name>
         <value>0x2000cfe9</value>
         <object_component_ref idref="oc-974"/>
      </symbol>
      <symbol id="sm-144f">
         <name>HOSTwrite</name>
         <value>0x2000c9b5</value>
         <object_component_ref idref="oc-968"/>
      </symbol>
      <symbol id="sm-1473">
         <name>__TI_readmsg</name>
         <value>0x2000d6e1</value>
         <object_component_ref idref="oc-9cd"/>
      </symbol>
      <symbol id="sm-1474">
         <name>C$$IO$$</name>
         <value>0x2000d597</value>
         <object_component_ref idref="oc-9c7"/>
      </symbol>
      <symbol id="sm-1475">
         <name>__CIOBUF_</name>
         <value>0x2001f168</value>
         <object_component_ref idref="oc-a08"/>
      </symbol>
      <symbol id="sm-1476">
         <name>__TI_writemsg</name>
         <value>0x2000d569</value>
         <object_component_ref idref="oc-9c7"/>
      </symbol>
      <symbol id="sm-1487">
         <name>lseek</name>
         <value>0x2000d9d1</value>
         <object_component_ref idref="oc-892"/>
      </symbol>
      <symbol id="sm-1491">
         <name>copysign</name>
         <value>0x2000df59</value>
         <object_component_ref idref="oc-80b"/>
      </symbol>
      <symbol id="sm-1492">
         <name>copysignl</name>
         <value>0x2000df59</value>
         <object_component_ref idref="oc-80b"/>
      </symbol>
      <symbol id="sm-14a7">
         <name>__TI_closefile</name>
         <value>0x2000c099</value>
         <object_component_ref idref="oc-94a"/>
      </symbol>
      <symbol id="sm-14ca">
         <name>finddevice</name>
         <value>0x2000d7a5</value>
         <object_component_ref idref="oc-a27"/>
      </symbol>
      <symbol id="sm-14cb">
         <name>getdevice</name>
         <value>0x2000d181</value>
         <object_component_ref idref="oc-9fe"/>
      </symbol>
      <symbol id="sm-14da">
         <name>strcmp</name>
         <value>0x2000de21</value>
         <object_component_ref idref="oc-a3c"/>
      </symbol>
      <symbol id="sm-14ea">
         <name>strncpy</name>
         <value>0x2000d60f</value>
         <object_component_ref idref="oc-a21"/>
      </symbol>
      <symbol id="sm-14ff">
         <name>close</name>
         <value>0x2000c8a5</value>
         <object_component_ref idref="oc-9b6"/>
      </symbol>
      <symbol id="sm-150f">
         <name>unlink</name>
         <value>0x2000d889</value>
         <object_component_ref idref="oc-9bc"/>
      </symbol>
      <symbol id="sm-1510">
         <name>__TI_static_base__</name>
         <value>0x2000e5b8</value>
      </symbol>
      <symbol id="sm-1513">
         <name>__mpu_init</name>
         <value>0x0</value>
      </symbol>
      <symbol id="sm-1514">
         <name>_system_post_cinit</name>
         <value>0x0</value>
      </symbol>
      <symbol id="sm-1515">
         <name>remove</name>
         <value>0x2000d889</value>
      </symbol>
   </symbol_table>
   <title>Link successful</title>
</link_info>
