<?xml version="1.0" encoding="ISO-8859-1" ?>
<link_info>
   <banner>TI ARM Linker PC v20.2.7.LTS</banner>
   <copyright>Copyright (c) 1996-2018 Texas Instruments Incorporated</copyright>
   <link_time>0x6471122b</link_time>
   <link_errors>0x0</link_errors>
   <output_file>Lab5.1.out</output_file>
   <entry_point>
      <name>_c_int00_noargs</name>
      <address>0x2000d42d</address>
   </entry_point>
   <input_file_list>
      <input_file id="fl-2">
         <path>.\</path>
         <kind>object</kind>
         <file>gpio_if.obj</file>
         <name>gpio_if.obj</name>
      </input_file>
      <input_file id="fl-3">
         <path>.\</path>
         <kind>object</kind>
         <file>main.obj</file>
         <name>main.obj</name>
      </input_file>
      <input_file id="fl-4">
         <path>.\</path>
         <kind>object</kind>
         <file>network_common.obj</file>
         <name>network_common.obj</name>
      </input_file>
      <input_file id="fl-5">
         <path>.\</path>
         <kind>object</kind>
         <file>pinmux.obj</file>
         <name>pinmux.obj</name>
      </input_file>
      <input_file id="fl-6">
         <path>.\</path>
         <kind>object</kind>
         <file>startup_ccs.obj</file>
         <name>startup_ccs.obj</name>
      </input_file>
      <input_file id="fl-7">
         <path>.\</path>
         <kind>object</kind>
         <file>uart_if.obj</file>
         <name>uart_if.obj</name>
      </input_file>
      <input_file id="fl-d">
         <kind>object</kind>
         <file>&lt;internal&gt;</file>
         <name>&lt;internal&gt;</name>
      </input_file>
      <input_file id="fl-e">
         <path>C:\ti\CC3200SDK_1.5.0\cc3200-sdk\simplelink\ccs\NON_OS_debug\</path>
         <kind>archive</kind>
         <file>simplelink.a</file>
         <name>device.obj</name>
      </input_file>
      <input_file id="fl-f">
         <path>C:\ti\CC3200SDK_1.5.0\cc3200-sdk\simplelink\ccs\NON_OS_debug\</path>
         <kind>archive</kind>
         <file>simplelink.a</file>
         <name>driver.obj</name>
      </input_file>
      <input_file id="fl-10">
         <path>C:\ti\CC3200SDK_1.5.0\cc3200-sdk\simplelink\ccs\NON_OS_debug\</path>
         <kind>archive</kind>
         <file>simplelink.a</file>
         <name>netapp.obj</name>
      </input_file>
      <input_file id="fl-11">
         <path>C:\ti\CC3200SDK_1.5.0\cc3200-sdk\simplelink\ccs\NON_OS_debug\</path>
         <kind>archive</kind>
         <file>simplelink.a</file>
         <name>netcfg.obj</name>
      </input_file>
      <input_file id="fl-12">
         <path>C:\ti\CC3200SDK_1.5.0\cc3200-sdk\simplelink\ccs\NON_OS_debug\</path>
         <kind>archive</kind>
         <file>simplelink.a</file>
         <name>nonos.obj</name>
      </input_file>
      <input_file id="fl-13">
         <path>C:\ti\CC3200SDK_1.5.0\cc3200-sdk\simplelink\ccs\NON_OS_debug\</path>
         <kind>archive</kind>
         <file>simplelink.a</file>
         <name>socket.obj</name>
      </input_file>
      <input_file id="fl-14">
         <path>C:\ti\CC3200SDK_1.5.0\cc3200-sdk\simplelink\ccs\NON_OS_debug\</path>
         <kind>archive</kind>
         <file>simplelink.a</file>
         <name>wlan.obj</name>
      </input_file>
      <input_file id="fl-15">
         <path>C:\ti\CC3200SDK_1.5.0\cc3200-sdk\simplelink\ccs\NON_OS_debug\</path>
         <kind>archive</kind>
         <file>simplelink.a</file>
         <name>cc_pal.obj</name>
      </input_file>
      <input_file id="fl-16">
         <path>C:\ti\CC3200SDK_1.5.0\cc3200-sdk\driverlib\ccs\Release\</path>
         <kind>archive</kind>
         <file>driverlib.a</file>
         <name>gpio.obj</name>
      </input_file>
      <input_file id="fl-17">
         <path>C:\ti\CC3200SDK_1.5.0\cc3200-sdk\driverlib\ccs\Release\</path>
         <kind>archive</kind>
         <file>driverlib.a</file>
         <name>interrupt.obj</name>
      </input_file>
      <input_file id="fl-18">
         <path>C:\ti\CC3200SDK_1.5.0\cc3200-sdk\driverlib\ccs\Release\</path>
         <kind>archive</kind>
         <file>driverlib.a</file>
         <name>pin.obj</name>
      </input_file>
      <input_file id="fl-19">
         <path>C:\ti\CC3200SDK_1.5.0\cc3200-sdk\driverlib\ccs\Release\</path>
         <kind>archive</kind>
         <file>driverlib.a</file>
         <name>prcm.obj</name>
      </input_file>
      <input_file id="fl-1a">
         <path>C:\ti\CC3200SDK_1.5.0\cc3200-sdk\driverlib\ccs\Release\</path>
         <kind>archive</kind>
         <file>driverlib.a</file>
         <name>spi.obj</name>
      </input_file>
      <input_file id="fl-1b">
         <path>C:\ti\CC3200SDK_1.5.0\cc3200-sdk\driverlib\ccs\Release\</path>
         <kind>archive</kind>
         <file>driverlib.a</file>
         <name>timer.obj</name>
      </input_file>
      <input_file id="fl-1c">
         <path>C:\ti\CC3200SDK_1.5.0\cc3200-sdk\driverlib\ccs\Release\</path>
         <kind>archive</kind>
         <file>driverlib.a</file>
         <name>uart.obj</name>
      </input_file>
      <input_file id="fl-1d">
         <path>C:\ti\CC3200SDK_1.5.0\cc3200-sdk\driverlib\ccs\Release\</path>
         <kind>archive</kind>
         <file>driverlib.a</file>
         <name>udma.obj</name>
      </input_file>
      <input_file id="fl-1e">
         <path>C:\ti\CC3200SDK_1.5.0\cc3200-sdk\driverlib\ccs\Release\</path>
         <kind>archive</kind>
         <file>driverlib.a</file>
         <name>utils.obj</name>
      </input_file>
      <input_file id="fl-1f">
         <path>C:\ti\CC3200SDK_1.5.0\cc3200-sdk\driverlib\ccs\Release\</path>
         <kind>archive</kind>
         <file>driverlib.a</file>
         <name>cpu.obj</name>
      </input_file>
      <input_file id="fl-20">
         <path>C:\ti\CC3200SDK_1.5.0\cc3200-sdk\driverlib\ccs\Release\</path>
         <kind>archive</kind>
         <file>driverlib.a</file>
         <name>flash.obj</name>
      </input_file>
      <input_file id="fl-d6">
         <path>C:\ti\ccs1220\ccs\tools\compiler\ti-cgt-arm_20.2.7.LTS\lib\</path>
         <kind>archive</kind>
         <file>rtsv7M4_T_le_eabi.lib</file>
         <name>printf.c.obj</name>
      </input_file>
      <input_file id="fl-d7">
         <path>C:\ti\ccs1220\ccs\tools\compiler\ti-cgt-arm_20.2.7.LTS\lib\</path>
         <kind>archive</kind>
         <file>rtsv7M4_T_le_eabi.lib</file>
         <name>_printfi.c.obj</name>
      </input_file>
      <input_file id="fl-d8">
         <path>C:\ti\ccs1220\ccs\tools\compiler\ti-cgt-arm_20.2.7.LTS\lib\</path>
         <kind>archive</kind>
         <file>rtsv7M4_T_le_eabi.lib</file>
         <name>sprintf.c.obj</name>
      </input_file>
      <input_file id="fl-d9">
         <path>C:\ti\ccs1220\ccs\tools\compiler\ti-cgt-arm_20.2.7.LTS\lib\</path>
         <kind>archive</kind>
         <file>rtsv7M4_T_le_eabi.lib</file>
         <name>vsnprintf.c.obj</name>
      </input_file>
      <input_file id="fl-da">
         <path>C:\ti\ccs1220\ccs\tools\compiler\ti-cgt-arm_20.2.7.LTS\lib\</path>
         <kind>archive</kind>
         <file>rtsv7M4_T_le_eabi.lib</file>
         <name>fputc.c.obj</name>
      </input_file>
      <input_file id="fl-db">
         <path>C:\ti\ccs1220\ccs\tools\compiler\ti-cgt-arm_20.2.7.LTS\lib\</path>
         <kind>archive</kind>
         <file>rtsv7M4_T_le_eabi.lib</file>
         <name>fputs.c.obj</name>
      </input_file>
      <input_file id="fl-dc">
         <path>C:\ti\ccs1220\ccs\tools\compiler\ti-cgt-arm_20.2.7.LTS\lib\</path>
         <kind>archive</kind>
         <file>rtsv7M4_T_le_eabi.lib</file>
         <name>_io_perm.c.obj</name>
      </input_file>
      <input_file id="fl-dd">
         <path>C:\ti\ccs1220\ccs\tools\compiler\ti-cgt-arm_20.2.7.LTS\lib\</path>
         <kind>archive</kind>
         <file>rtsv7M4_T_le_eabi.lib</file>
         <name>setvbuf.c.obj</name>
      </input_file>
      <input_file id="fl-de">
         <path>C:\ti\ccs1220\ccs\tools\compiler\ti-cgt-arm_20.2.7.LTS\lib\</path>
         <kind>archive</kind>
         <file>rtsv7M4_T_le_eabi.lib</file>
         <name>fd_add_t2.asm.obj</name>
      </input_file>
      <input_file id="fl-df">
         <path>C:\ti\ccs1220\ccs\tools\compiler\ti-cgt-arm_20.2.7.LTS\lib\</path>
         <kind>archive</kind>
         <file>rtsv7M4_T_le_eabi.lib</file>
         <name>fd_cmp_t2.asm.obj</name>
      </input_file>
      <input_file id="fl-e0">
         <path>C:\ti\ccs1220\ccs\tools\compiler\ti-cgt-arm_20.2.7.LTS\lib\</path>
         <kind>archive</kind>
         <file>rtsv7M4_T_le_eabi.lib</file>
         <name>fd_div_t2.asm.obj</name>
      </input_file>
      <input_file id="fl-e1">
         <path>C:\ti\ccs1220\ccs\tools\compiler\ti-cgt-arm_20.2.7.LTS\lib\</path>
         <kind>archive</kind>
         <file>rtsv7M4_T_le_eabi.lib</file>
         <name>fd_mul_t2.asm.obj</name>
      </input_file>
      <input_file id="fl-e2">
         <path>C:\ti\ccs1220\ccs\tools\compiler\ti-cgt-arm_20.2.7.LTS\lib\</path>
         <kind>archive</kind>
         <file>rtsv7M4_T_le_eabi.lib</file>
         <name>fd_toi_t2.asm.obj</name>
      </input_file>
      <input_file id="fl-e3">
         <path>C:\ti\ccs1220\ccs\tools\compiler\ti-cgt-arm_20.2.7.LTS\lib\</path>
         <kind>archive</kind>
         <file>rtsv7M4_T_le_eabi.lib</file>
         <name>i_tofd_t2.asm.obj</name>
      </input_file>
      <input_file id="fl-e4">
         <path>C:\ti\ccs1220\ccs\tools\compiler\ti-cgt-arm_20.2.7.LTS\lib\</path>
         <kind>archive</kind>
         <file>rtsv7M4_T_le_eabi.lib</file>
         <name>memcpy_t2.asm.obj</name>
      </input_file>
      <input_file id="fl-e5">
         <path>C:\ti\ccs1220\ccs\tools\compiler\ti-cgt-arm_20.2.7.LTS\lib\</path>
         <kind>archive</kind>
         <file>rtsv7M4_T_le_eabi.lib</file>
         <name>memset_t2.asm.obj</name>
      </input_file>
      <input_file id="fl-e6">
         <path>C:\ti\ccs1220\ccs\tools\compiler\ti-cgt-arm_20.2.7.LTS\lib\</path>
         <kind>archive</kind>
         <file>rtsv7M4_T_le_eabi.lib</file>
         <name>ull_div_t2.asm.obj</name>
      </input_file>
      <input_file id="fl-e7">
         <path>C:\ti\ccs1220\ccs\tools\compiler\ti-cgt-arm_20.2.7.LTS\lib\</path>
         <kind>archive</kind>
         <file>rtsv7M4_T_le_eabi.lib</file>
         <name>copy_zero_init.c.obj</name>
      </input_file>
      <input_file id="fl-e8">
         <path>C:\ti\ccs1220\ccs\tools\compiler\ti-cgt-arm_20.2.7.LTS\lib\</path>
         <kind>archive</kind>
         <file>rtsv7M4_T_le_eabi.lib</file>
         <name>copy_decompress_none.c.obj</name>
      </input_file>
      <input_file id="fl-e9">
         <path>C:\ti\ccs1220\ccs\tools\compiler\ti-cgt-arm_20.2.7.LTS\lib\</path>
         <kind>archive</kind>
         <file>rtsv7M4_T_le_eabi.lib</file>
         <name>copy_decompress_lzss.c.obj</name>
      </input_file>
      <input_file id="fl-ea">
         <path>C:\ti\ccs1220\ccs\tools\compiler\ti-cgt-arm_20.2.7.LTS\lib\</path>
         <kind>archive</kind>
         <file>rtsv7M4_T_le_eabi.lib</file>
         <name>exit.c.obj</name>
      </input_file>
      <input_file id="fl-eb">
         <path>C:\ti\ccs1220\ccs\tools\compiler\ti-cgt-arm_20.2.7.LTS\lib\</path>
         <kind>archive</kind>
         <file>rtsv7M4_T_le_eabi.lib</file>
         <name>_lock.c.obj</name>
      </input_file>
      <input_file id="fl-ec">
         <path>C:\ti\ccs1220\ccs\tools\compiler\ti-cgt-arm_20.2.7.LTS\lib\</path>
         <kind>archive</kind>
         <file>rtsv7M4_T_le_eabi.lib</file>
         <name>_ltoa.c.obj</name>
      </input_file>
      <input_file id="fl-ed">
         <path>C:\ti\ccs1220\ccs\tools\compiler\ti-cgt-arm_20.2.7.LTS\lib\</path>
         <kind>archive</kind>
         <file>rtsv7M4_T_le_eabi.lib</file>
         <name>atoi.c.obj</name>
      </input_file>
      <input_file id="fl-ee">
         <path>C:\ti\ccs1220\ccs\tools\compiler\ti-cgt-arm_20.2.7.LTS\lib\</path>
         <kind>archive</kind>
         <file>rtsv7M4_T_le_eabi.lib</file>
         <name>ctype.c.obj</name>
      </input_file>
      <input_file id="fl-ef">
         <path>C:\ti\ccs1220\ccs\tools\compiler\ti-cgt-arm_20.2.7.LTS\lib\</path>
         <kind>archive</kind>
         <file>rtsv7M4_T_le_eabi.lib</file>
         <name>defs.c.obj</name>
      </input_file>
      <input_file id="fl-f0">
         <path>C:\ti\ccs1220\ccs\tools\compiler\ti-cgt-arm_20.2.7.LTS\lib\</path>
         <kind>archive</kind>
         <file>rtsv7M4_T_le_eabi.lib</file>
         <name>memccpy.c.obj</name>
      </input_file>
      <input_file id="fl-f1">
         <path>C:\ti\ccs1220\ccs\tools\compiler\ti-cgt-arm_20.2.7.LTS\lib\</path>
         <kind>archive</kind>
         <file>rtsv7M4_T_le_eabi.lib</file>
         <name>memchr.c.obj</name>
      </input_file>
      <input_file id="fl-f2">
         <path>C:\ti\ccs1220\ccs\tools\compiler\ti-cgt-arm_20.2.7.LTS\lib\</path>
         <kind>archive</kind>
         <file>rtsv7M4_T_le_eabi.lib</file>
         <name>memmov.c.obj</name>
      </input_file>
      <input_file id="fl-f3">
         <path>C:\ti\ccs1220\ccs\tools\compiler\ti-cgt-arm_20.2.7.LTS\lib\</path>
         <kind>archive</kind>
         <file>rtsv7M4_T_le_eabi.lib</file>
         <name>memory.c.obj</name>
      </input_file>
      <input_file id="fl-f4">
         <path>C:\ti\ccs1220\ccs\tools\compiler\ti-cgt-arm_20.2.7.LTS\lib\</path>
         <kind>archive</kind>
         <file>rtsv7M4_T_le_eabi.lib</file>
         <name>strchr.c.obj</name>
      </input_file>
      <input_file id="fl-f5">
         <path>C:\ti\ccs1220\ccs\tools\compiler\ti-cgt-arm_20.2.7.LTS\lib\</path>
         <kind>archive</kind>
         <file>rtsv7M4_T_le_eabi.lib</file>
         <name>strcpy.c.obj</name>
      </input_file>
      <input_file id="fl-f6">
         <path>C:\ti\ccs1220\ccs\tools\compiler\ti-cgt-arm_20.2.7.LTS\lib\</path>
         <kind>archive</kind>
         <file>rtsv7M4_T_le_eabi.lib</file>
         <name>strlen.c.obj</name>
      </input_file>
      <input_file id="fl-f7">
         <path>C:\ti\ccs1220\ccs\tools\compiler\ti-cgt-arm_20.2.7.LTS\lib\</path>
         <kind>archive</kind>
         <file>rtsv7M4_T_le_eabi.lib</file>
         <name>boot_cortex_m.c.obj</name>
      </input_file>
      <input_file id="fl-f8">
         <path>C:\ti\ccs1220\ccs\tools\compiler\ti-cgt-arm_20.2.7.LTS\lib\</path>
         <kind>archive</kind>
         <file>rtsv7M4_T_le_eabi.lib</file>
         <name>write.c.obj</name>
      </input_file>
      <input_file id="fl-f9">
         <path>C:\ti\ccs1220\ccs\tools\compiler\ti-cgt-arm_20.2.7.LTS\lib\</path>
         <kind>archive</kind>
         <file>rtsv7M4_T_le_eabi.lib</file>
         <name>host_device.c.obj</name>
      </input_file>
      <input_file id="fl-fa">
         <path>C:\ti\ccs1220\ccs\tools\compiler\ti-cgt-arm_20.2.7.LTS\lib\</path>
         <kind>archive</kind>
         <file>rtsv7M4_T_le_eabi.lib</file>
         <name>errno.c.obj</name>
      </input_file>
      <input_file id="fl-fb">
         <path>C:\ti\ccs1220\ccs\tools\compiler\ti-cgt-arm_20.2.7.LTS\lib\</path>
         <kind>archive</kind>
         <file>rtsv7M4_T_le_eabi.lib</file>
         <name>wcslen.c.obj</name>
      </input_file>
      <input_file id="fl-fc">
         <path>C:\ti\ccs1220\ccs\tools\compiler\ti-cgt-arm_20.2.7.LTS\lib\</path>
         <kind>archive</kind>
         <file>rtsv7M4_T_le_eabi.lib</file>
         <name>s_frexp.c.obj</name>
      </input_file>
      <input_file id="fl-fd">
         <path>C:\ti\ccs1220\ccs\tools\compiler\ti-cgt-arm_20.2.7.LTS\lib\</path>
         <kind>archive</kind>
         <file>rtsv7M4_T_le_eabi.lib</file>
         <name>s_scalbn.c.obj</name>
      </input_file>
      <input_file id="fl-fe">
         <path>C:\ti\ccs1220\ccs\tools\compiler\ti-cgt-arm_20.2.7.LTS\lib\</path>
         <kind>archive</kind>
         <file>rtsv7M4_T_le_eabi.lib</file>
         <name>fflush.c.obj</name>
      </input_file>
      <input_file id="fl-ff">
         <path>C:\ti\ccs1220\ccs\tools\compiler\ti-cgt-arm_20.2.7.LTS\lib\</path>
         <kind>archive</kind>
         <file>rtsv7M4_T_le_eabi.lib</file>
         <name>fopen.c.obj</name>
      </input_file>
      <input_file id="fl-100">
         <path>C:\ti\ccs1220\ccs\tools\compiler\ti-cgt-arm_20.2.7.LTS\lib\</path>
         <kind>archive</kind>
         <file>rtsv7M4_T_le_eabi.lib</file>
         <name>fseek.c.obj</name>
      </input_file>
      <input_file id="fl-101">
         <path>C:\ti\ccs1220\ccs\tools\compiler\ti-cgt-arm_20.2.7.LTS\lib\</path>
         <kind>archive</kind>
         <file>rtsv7M4_T_le_eabi.lib</file>
         <name>div0.asm.obj</name>
      </input_file>
      <input_file id="fl-102">
         <path>C:\ti\ccs1220\ccs\tools\compiler\ti-cgt-arm_20.2.7.LTS\lib\</path>
         <kind>archive</kind>
         <file>rtsv7M4_T_le_eabi.lib</file>
         <name>autoinit.c.obj</name>
      </input_file>
      <input_file id="fl-103">
         <path>C:\ti\ccs1220\ccs\tools\compiler\ti-cgt-arm_20.2.7.LTS\lib\</path>
         <kind>archive</kind>
         <file>rtsv7M4_T_le_eabi.lib</file>
         <name>pre_init.c.obj</name>
      </input_file>
      <input_file id="fl-104">
         <path>C:\ti\ccs1220\ccs\tools\compiler\ti-cgt-arm_20.2.7.LTS\lib\</path>
         <kind>archive</kind>
         <file>rtsv7M4_T_le_eabi.lib</file>
         <name>cpy_tbl.c.obj</name>
      </input_file>
      <input_file id="fl-105">
         <path>C:\ti\ccs1220\ccs\tools\compiler\ti-cgt-arm_20.2.7.LTS\lib\</path>
         <kind>archive</kind>
         <file>rtsv7M4_T_le_eabi.lib</file>
         <name>args_main.c.obj</name>
      </input_file>
      <input_file id="fl-106">
         <path>C:\ti\ccs1220\ccs\tools\compiler\ti-cgt-arm_20.2.7.LTS\lib\</path>
         <kind>archive</kind>
         <file>rtsv7M4_T_le_eabi.lib</file>
         <name>hostclose.c.obj</name>
      </input_file>
      <input_file id="fl-107">
         <path>C:\ti\ccs1220\ccs\tools\compiler\ti-cgt-arm_20.2.7.LTS\lib\</path>
         <kind>archive</kind>
         <file>rtsv7M4_T_le_eabi.lib</file>
         <name>hostlseek.c.obj</name>
      </input_file>
      <input_file id="fl-108">
         <path>C:\ti\ccs1220\ccs\tools\compiler\ti-cgt-arm_20.2.7.LTS\lib\</path>
         <kind>archive</kind>
         <file>rtsv7M4_T_le_eabi.lib</file>
         <name>hostopen.c.obj</name>
      </input_file>
      <input_file id="fl-109">
         <path>C:\ti\ccs1220\ccs\tools\compiler\ti-cgt-arm_20.2.7.LTS\lib\</path>
         <kind>archive</kind>
         <file>rtsv7M4_T_le_eabi.lib</file>
         <name>hostread.c.obj</name>
      </input_file>
      <input_file id="fl-10a">
         <path>C:\ti\ccs1220\ccs\tools\compiler\ti-cgt-arm_20.2.7.LTS\lib\</path>
         <kind>archive</kind>
         <file>rtsv7M4_T_le_eabi.lib</file>
         <name>hostrename.c.obj</name>
      </input_file>
      <input_file id="fl-10b">
         <path>C:\ti\ccs1220\ccs\tools\compiler\ti-cgt-arm_20.2.7.LTS\lib\</path>
         <kind>archive</kind>
         <file>rtsv7M4_T_le_eabi.lib</file>
         <name>hostunlink.c.obj</name>
      </input_file>
      <input_file id="fl-10c">
         <path>C:\ti\ccs1220\ccs\tools\compiler\ti-cgt-arm_20.2.7.LTS\lib\</path>
         <kind>archive</kind>
         <file>rtsv7M4_T_le_eabi.lib</file>
         <name>hostwrite.c.obj</name>
      </input_file>
      <input_file id="fl-10d">
         <path>C:\ti\ccs1220\ccs\tools\compiler\ti-cgt-arm_20.2.7.LTS\lib\</path>
         <kind>archive</kind>
         <file>rtsv7M4_T_le_eabi.lib</file>
         <name>trgmsg.c.obj</name>
      </input_file>
      <input_file id="fl-10e">
         <path>C:\ti\ccs1220\ccs\tools\compiler\ti-cgt-arm_20.2.7.LTS\lib\</path>
         <kind>archive</kind>
         <file>rtsv7M4_T_le_eabi.lib</file>
         <name>open.c.obj</name>
      </input_file>
      <input_file id="fl-10f">
         <path>C:\ti\ccs1220\ccs\tools\compiler\ti-cgt-arm_20.2.7.LTS\lib\</path>
         <kind>archive</kind>
         <file>rtsv7M4_T_le_eabi.lib</file>
         <name>lseek.c.obj</name>
      </input_file>
      <input_file id="fl-110">
         <path>C:\ti\ccs1220\ccs\tools\compiler\ti-cgt-arm_20.2.7.LTS\lib\</path>
         <kind>archive</kind>
         <file>rtsv7M4_T_le_eabi.lib</file>
         <name>s_copysign.c.obj</name>
      </input_file>
      <input_file id="fl-111">
         <path>C:\ti\ccs1220\ccs\tools\compiler\ti-cgt-arm_20.2.7.LTS\lib\</path>
         <kind>archive</kind>
         <file>rtsv7M4_T_le_eabi.lib</file>
         <name>fclose.c.obj</name>
      </input_file>
      <input_file id="fl-112">
         <path>C:\ti\ccs1220\ccs\tools\compiler\ti-cgt-arm_20.2.7.LTS\lib\</path>
         <kind>archive</kind>
         <file>rtsv7M4_T_le_eabi.lib</file>
         <name>getdevice.c.obj</name>
      </input_file>
      <input_file id="fl-113">
         <path>C:\ti\ccs1220\ccs\tools\compiler\ti-cgt-arm_20.2.7.LTS\lib\</path>
         <kind>archive</kind>
         <file>rtsv7M4_T_le_eabi.lib</file>
         <name>strcmp.c.obj</name>
      </input_file>
      <input_file id="fl-114">
         <path>C:\ti\ccs1220\ccs\tools\compiler\ti-cgt-arm_20.2.7.LTS\lib\</path>
         <kind>archive</kind>
         <file>rtsv7M4_T_le_eabi.lib</file>
         <name>strncpy.c.obj</name>
      </input_file>
      <input_file id="fl-115">
         <path>C:\ti\ccs1220\ccs\tools\compiler\ti-cgt-arm_20.2.7.LTS\lib\</path>
         <kind>archive</kind>
         <file>rtsv7M4_T_le_eabi.lib</file>
         <name>remove.c.obj</name>
      </input_file>
      <input_file id="fl-116">
         <path>C:\ti\ccs1220\ccs\tools\compiler\ti-cgt-arm_20.2.7.LTS\lib\</path>
         <kind>archive</kind>
         <file>rtsv7M4_T_le_eabi.lib</file>
         <name>close.c.obj</name>
      </input_file>
      <input_file id="fl-117">
         <path>C:\ti\ccs1220\ccs\tools\compiler\ti-cgt-arm_20.2.7.LTS\lib\</path>
         <kind>archive</kind>
         <file>rtsv7M4_T_le_eabi.lib</file>
         <name>unlink.c.obj</name>
      </input_file>
   </input_file_list>
   <object_component_list>
      <object_component id="oc-12">
         <name>.intvecs</name>
         <load_address>0x20004000</load_address>
         <run_address>0x20004000</run_address>
         <size>0x400</size>
         <input_file_ref idref="fl-6"/>
      </object_component>
      <object_component id="oc-97">
         <name>.text</name>
         <load_address>0x20004400</load_address>
         <run_address>0x20004400</run_address>
         <size>0x13ec</size>
         <input_file_ref idref="fl-3"/>
      </object_component>
      <object_component id="oc-3f5">
         <name>.text:__TI_printfi</name>
         <load_address>0x200057ec</load_address>
         <run_address>0x200057ec</run_address>
         <size>0xa4e</size>
         <input_file_ref idref="fl-d7"/>
      </object_component>
      <object_component id="oc-6fc">
         <name>.text:IntDefaultHandler</name>
         <load_address>0x2000623a</load_address>
         <run_address>0x2000623a</run_address>
         <size>0x2</size>
         <input_file_ref idref="fl-17"/>
      </object_component>
      <object_component id="oc-70e">
         <name>.text:_SlDrvMsgRead</name>
         <load_address>0x2000623c</load_address>
         <run_address>0x2000623c</run_address>
         <size>0x590</size>
         <input_file_ref idref="fl-f"/>
      </object_component>
      <object_component id="oc-145">
         <name>.text</name>
         <load_address>0x200067cc</load_address>
         <run_address>0x200067cc</run_address>
         <size>0x398</size>
         <input_file_ref idref="fl-2"/>
      </object_component>
      <object_component id="oc-13f">
         <name>.text:sl_WlanConnect</name>
         <load_address>0x20006b64</load_address>
         <run_address>0x20006b64</run_address>
         <size>0x280</size>
         <input_file_ref idref="fl-14"/>
      </object_component>
      <object_component id="oc-c5">
         <name>.text</name>
         <load_address>0x20006de4</load_address>
         <run_address>0x20006de4</run_address>
         <size>0x27c</size>
         <input_file_ref idref="fl-7"/>
      </object_component>
      <object_component id="oc-629">
         <name>.text:_pconv_a</name>
         <load_address>0x20007060</load_address>
         <run_address>0x20007060</run_address>
         <size>0x268</size>
         <input_file_ref idref="fl-d7"/>
      </object_component>
      <object_component id="oc-809">
         <name>.text:_SlDrvRxHdrRead</name>
         <load_address>0x200072c8</load_address>
         <run_address>0x200072c8</run_address>
         <size>0x248</size>
         <input_file_ref idref="fl-f"/>
      </object_component>
      <object_component id="oc-433">
         <name>.text:_SlDrvDataReadOp</name>
         <load_address>0x20007510</load_address>
         <run_address>0x20007510</run_address>
         <size>0x1e4</size>
         <input_file_ref idref="fl-f"/>
      </object_component>
      <object_component id="oc-29e">
         <name>.text:_SlDrvReleasePoolObj</name>
         <load_address>0x200076f4</load_address>
         <run_address>0x200076f4</run_address>
         <size>0x1d0</size>
         <input_file_ref idref="fl-f"/>
      </object_component>
      <object_component id="oc-617">
         <name>.text:_pconv_g</name>
         <load_address>0x200078c4</load_address>
         <run_address>0x200078c4</run_address>
         <size>0x1cc</size>
         <input_file_ref idref="fl-d7"/>
      </object_component>
      <object_component id="oc-773">
         <name>.text</name>
         <load_address>0x20007a90</load_address>
         <run_address>0x20007a90</run_address>
         <size>0x1b6</size>
         <input_file_ref idref="fl-de"/>
      </object_component>
      <object_component id="oc-64d">
         <name>.text:_nop</name>
         <load_address>0x20007c46</load_address>
         <run_address>0x20007c46</run_address>
         <size>0x2</size>
         <input_file_ref idref="fl-eb"/>
      </object_component>
      <object_component id="oc-274">
         <name>.text:_SlDrvDriverCBInit</name>
         <load_address>0x20007c48</load_address>
         <run_address>0x20007c48</run_address>
         <size>0x1b4</size>
         <input_file_ref idref="fl-f"/>
      </object_component>
      <object_component id="oc-57e">
         <name>.text:_SlDrvMsgWrite</name>
         <load_address>0x20007dfc</load_address>
         <run_address>0x20007dfc</run_address>
         <size>0x19c</size>
         <input_file_ref idref="fl-f"/>
      </object_component>
      <object_component id="oc-3a7">
         <name>.text:_SlDrvWaitForPoolObj</name>
         <load_address>0x20007f98</load_address>
         <run_address>0x20007f98</run_address>
         <size>0x190</size>
         <input_file_ref idref="fl-f"/>
      </object_component>
      <object_component id="oc-176">
         <name>.text:sl_Connect</name>
         <load_address>0x20008128</load_address>
         <run_address>0x20008128</run_address>
         <size>0x18c</size>
         <input_file_ref idref="fl-13"/>
      </object_component>
      <object_component id="oc-133">
         <name>.text:PRCMCC3200MCUInit</name>
         <load_address>0x200082b4</load_address>
         <run_address>0x200082b4</run_address>
         <size>0x178</size>
         <input_file_ref idref="fl-19"/>
      </object_component>
      <object_component id="oc-81b">
         <name>.text:_SlFindAndSetActiveObj</name>
         <load_address>0x2000842c</load_address>
         <run_address>0x2000842c</run_address>
         <size>0x170</size>
         <input_file_ref idref="fl-f"/>
      </object_component>
      <object_component id="oc-425">
         <name>.text:_SlDrvDataWriteOp</name>
         <load_address>0x2000859c</load_address>
         <run_address>0x2000859c</run_address>
         <size>0x150</size>
         <input_file_ref idref="fl-f"/>
      </object_component>
      <object_component id="oc-27a">
         <name>.text:spi_Open</name>
         <load_address>0x200086ec</load_address>
         <run_address>0x200086ec</run_address>
         <size>0x148</size>
         <input_file_ref idref="fl-15"/>
      </object_component>
      <object_component id="oc-584">
         <name>.text:_SlDrvMsgReadCmdCtx</name>
         <load_address>0x20008834</load_address>
         <run_address>0x20008834</run_address>
         <size>0x144</size>
         <input_file_ref idref="fl-f"/>
      </object_component>
      <object_component id="oc-158">
         <name>.text:sl_NetAppDnsGetHostByName</name>
         <load_address>0x20008978</load_address>
         <run_address>0x20008978</run_address>
         <size>0x144</size>
         <input_file_ref idref="fl-10"/>
      </object_component>
      <object_component id="oc-623">
         <name>.text:_pconv_e</name>
         <load_address>0x20008abc</load_address>
         <run_address>0x20008abc</run_address>
         <size>0x13c</size>
         <input_file_ref idref="fl-d7"/>
      </object_component>
      <object_component id="oc-759">
         <name>.text</name>
         <load_address>0x20008bf8</load_address>
         <run_address>0x20008bf8</run_address>
         <size>0x136</size>
         <input_file_ref idref="fl-e0"/>
      </object_component>
      <object_component id="oc-84d">
         <name>.text</name>
         <load_address>0x20008d2e</load_address>
         <run_address>0x20008d2e</run_address>
         <size>0x2</size>
         <input_file_ref idref="fl-101"/>
      </object_component>
      <object_component id="oc-196">
         <name>.text:sl_Send</name>
         <load_address>0x20008d30</load_address>
         <run_address>0x20008d30</run_address>
         <size>0x134</size>
         <input_file_ref idref="fl-13"/>
      </object_component>
      <object_component id="oc-2e3">
         <name>.text:_SlDrvDriverCBDeinit</name>
         <load_address>0x20008e64</load_address>
         <run_address>0x20008e64</run_address>
         <size>0x130</size>
         <input_file_ref idref="fl-f"/>
      </object_component>
      <object_component id="oc-785">
         <name>.text:fcvt</name>
         <load_address>0x20008f94</load_address>
         <run_address>0x20008f94</run_address>
         <size>0x120</size>
         <input_file_ref idref="fl-d7"/>
      </object_component>
      <object_component id="oc-65b">
         <name>.text:fputs</name>
         <load_address>0x200090b4</load_address>
         <run_address>0x200090b4</run_address>
         <size>0x114</size>
         <input_file_ref idref="fl-db"/>
      </object_component>
      <object_component id="oc-8b7">
         <name>.text:_SlDrvNetAppEventHandler</name>
         <load_address>0x200091c8</load_address>
         <run_address>0x200091c8</run_address>
         <size>0x104</size>
         <input_file_ref idref="fl-10"/>
      </object_component>
      <object_component id="oc-485">
         <name>.text:aligned_alloc</name>
         <load_address>0x200092cc</load_address>
         <run_address>0x200092cc</run_address>
         <size>0x100</size>
         <input_file_ref idref="fl-f3"/>
      </object_component>
      <object_component id="oc-754">
         <name>.text</name>
         <load_address>0x200093cc</load_address>
         <run_address>0x200093cc</run_address>
         <size>0xfc</size>
         <input_file_ref idref="fl-e1"/>
      </object_component>
      <object_component id="oc-d2">
         <name>.text:sl_Start</name>
         <load_address>0x200094c8</load_address>
         <run_address>0x200094c8</run_address>
         <size>0xf0</size>
         <input_file_ref idref="fl-e"/>
      </object_component>
      <object_component id="oc-e4">
         <name>.text:sl_Stop</name>
         <load_address>0x200095b8</load_address>
         <run_address>0x200095b8</run_address>
         <size>0xf0</size>
         <input_file_ref idref="fl-e"/>
      </object_component>
      <object_component id="oc-815">
         <name>.text:spi_Read</name>
         <load_address>0x200096a8</load_address>
         <run_address>0x200096a8</run_address>
         <size>0xf0</size>
         <input_file_ref idref="fl-15"/>
      </object_component>
      <object_component id="oc-99f">
         <name>.text:uDMAChannelTransferSet</name>
         <load_address>0x20009798</load_address>
         <run_address>0x20009798</run_address>
         <size>0xf0</size>
         <input_file_ref idref="fl-1d"/>
      </object_component>
      <object_component id="oc-714">
         <name>.text:_SlAsyncEventGenericHandler</name>
         <load_address>0x20009888</load_address>
         <run_address>0x20009888</run_address>
         <size>0xe8</size>
         <input_file_ref idref="fl-f"/>
      </object_component>
      <object_component id="oc-565">
         <name>.text:_SlDrvMsgReadSpawnCtx</name>
         <load_address>0x20009970</load_address>
         <run_address>0x20009970</run_address>
         <size>0xe8</size>
         <input_file_ref idref="fl-f"/>
      </object_component>
      <object_component id="oc-231">
         <name>.text:free</name>
         <load_address>0x20009a58</load_address>
         <run_address>0x20009a58</run_address>
         <size>0xe4</size>
         <input_file_ref idref="fl-f3"/>
      </object_component>
      <object_component id="oc-22b">
         <name>.text:realloc</name>
         <load_address>0x20009b3c</load_address>
         <run_address>0x20009b3c</run_address>
         <size>0xe4</size>
         <input_file_ref idref="fl-f3"/>
      </object_component>
      <object_component id="oc-31e">
         <name>.text:sl_NetAppMDNSRegisterUnregisterService</name>
         <load_address>0x20009c20</load_address>
         <run_address>0x20009c20</run_address>
         <size>0xe4</size>
         <input_file_ref idref="fl-10"/>
      </object_component>
      <object_component id="oc-80f">
         <name>.text:_SlDrvClassifyRxMsg</name>
         <load_address>0x20009d04</load_address>
         <run_address>0x20009d04</run_address>
         <size>0xdc</size>
         <input_file_ref idref="fl-f"/>
      </object_component>
      <object_component id="oc-888">
         <name>.text:setvbuf</name>
         <load_address>0x20009de0</load_address>
         <run_address>0x20009de0</run_address>
         <size>0xdc</size>
         <input_file_ref idref="fl-dd"/>
      </object_component>
      <object_component id="oc-799">
         <name>.text:scalbn</name>
         <load_address>0x20009ebc</load_address>
         <run_address>0x20009ebc</run_address>
         <size>0xd0</size>
         <input_file_ref idref="fl-fd"/>
      </object_component>
      <object_component id="oc-95d">
         <name>.text:_sl_HandleAsync_DnsGetHostByService</name>
         <load_address>0x20009f8c</load_address>
         <run_address>0x20009f8c</run_address>
         <size>0xcc</size>
         <input_file_ref idref="fl-10"/>
      </object_component>
      <object_component id="oc-ea">
         <name>.text:sl_DevGet</name>
         <load_address>0x2000a058</load_address>
         <run_address>0x2000a058</run_address>
         <size>0xcc</size>
         <input_file_ref idref="fl-e"/>
      </object_component>
      <object_component id="oc-540">
         <name>.text:_SlRemoveFromList</name>
         <load_address>0x2000a124</load_address>
         <run_address>0x2000a124</run_address>
         <size>0xc4</size>
         <input_file_ref idref="fl-f"/>
      </object_component>
      <object_component id="oc-2c7">
         <name>.text:_SlDrvCmdOp</name>
         <load_address>0x2000a1e8</load_address>
         <run_address>0x2000a1e8</run_address>
         <size>0xc0</size>
         <input_file_ref idref="fl-f"/>
      </object_component>
      <object_component id="oc-60c">
         <name>.text:_ltostr</name>
         <load_address>0x2000a2a8</load_address>
         <run_address>0x2000a2a8</run_address>
         <size>0xb1</size>
         <input_file_ref idref="fl-d7"/>
      </object_component>
      <object_component id="oc-4b1">
         <name>.text:_SlNonOsSemGet</name>
         <load_address>0x2000a35c</load_address>
         <run_address>0x2000a35c</run_address>
         <size>0xb0</size>
         <input_file_ref idref="fl-12"/>
      </object_component>
      <object_component id="oc-51f">
         <name>.text:IntDisable</name>
         <load_address>0x2000a40c</load_address>
         <run_address>0x2000a40c</run_address>
         <size>0xa8</size>
         <input_file_ref idref="fl-17"/>
      </object_component>
      <object_component id="oc-12d">
         <name>.text:IntEnable</name>
         <load_address>0x2000a4b4</load_address>
         <run_address>0x2000a4b4</run_address>
         <size>0xa8</size>
         <input_file_ref idref="fl-17"/>
      </object_component>
      <object_component id="oc-539">
         <name>.text:_SlDriverHandleError</name>
         <load_address>0x2000a55c</load_address>
         <run_address>0x2000a55c</run_address>
         <size>0xa4</size>
         <input_file_ref idref="fl-f"/>
      </object_component>
      <object_component id="oc-4ce">
         <name>.text:SPIConfigSetExpClk</name>
         <load_address>0x2000a600</load_address>
         <run_address>0x2000a600</run_address>
         <size>0xa0</size>
         <input_file_ref idref="fl-1a"/>
      </object_component>
      <object_component id="oc-1a2">
         <name>.text:sl_Recv</name>
         <load_address>0x2000a6a0</load_address>
         <run_address>0x2000a6a0</run_address>
         <size>0xa0</size>
         <input_file_ref idref="fl-13"/>
      </object_component>
      <object_component id="oc-3d">
         <name>.text</name>
         <load_address>0x2000a740</load_address>
         <run_address>0x2000a740</run_address>
         <size>0x9c</size>
         <input_file_ref idref="fl-e4"/>
      </object_component>
      <object_component id="oc-943">
         <name>.text:_SlDrvDeviceEventHandler</name>
         <load_address>0x2000a7dc</load_address>
         <run_address>0x2000a7dc</run_address>
         <size>0x9a</size>
         <input_file_ref idref="fl-e"/>
      </object_component>
      <object_component id="oc-14c">
         <name>.text:sl_DevSet</name>
         <load_address>0x2000a878</load_address>
         <run_address>0x2000a878</run_address>
         <size>0x98</size>
         <input_file_ref idref="fl-e"/>
      </object_component>
      <object_component id="oc-102">
         <name>.text:sl_NetCfgSet</name>
         <load_address>0x2000a910</load_address>
         <run_address>0x2000a910</run_address>
         <size>0x98</size>
         <input_file_ref idref="fl-11"/>
      </object_component>
      <object_component id="oc-170">
         <name>.text:sl_SetSockOpt</name>
         <load_address>0x2000a9a8</load_address>
         <run_address>0x2000a9a8</run_address>
         <size>0x98</size>
         <input_file_ref idref="fl-13"/>
      </object_component>
      <object_component id="oc-108">
         <name>.text:sl_WlanSet</name>
         <load_address>0x2000aa40</load_address>
         <run_address>0x2000aa40</run_address>
         <size>0x98</size>
         <input_file_ref idref="fl-14"/>
      </object_component>
      <object_component id="oc-71d">
         <name>.text:spi_Write</name>
         <load_address>0x2000aad8</load_address>
         <run_address>0x2000aad8</run_address>
         <size>0x98</size>
         <input_file_ref idref="fl-15"/>
      </object_component>
      <object_component id="oc-74d">
         <name>.text</name>
         <load_address>0x2000ab70</load_address>
         <run_address>0x2000ab70</run_address>
         <size>0x96</size>
         <input_file_ref idref="fl-e6"/>
      </object_component>
      <object_component id="oc-1fb">
         <name>.text:PRCMPeripheralClockGet</name>
         <load_address>0x2000ac08</load_address>
         <run_address>0x2000ac08</run_address>
         <size>0x94</size>
         <input_file_ref idref="fl-19"/>
      </object_component>
      <object_component id="oc-957">
         <name>.text:_sl_HandleAsync_DnsGetHostByName</name>
         <load_address>0x2000ac9c</load_address>
         <run_address>0x2000ac9c</run_address>
         <size>0x90</size>
         <input_file_ref idref="fl-10"/>
      </object_component>
      <object_component id="oc-8bd">
         <name>.text:_sl_HandleAsync_PingResponse</name>
         <load_address>0x2000ad2c</load_address>
         <run_address>0x2000ad2c</run_address>
         <size>0x90</size>
         <input_file_ref idref="fl-10"/>
      </object_component>
      <object_component id="oc-f0">
         <name>.text:sl_WlanPolicySet</name>
         <load_address>0x2000adbc</load_address>
         <run_address>0x2000adbc</run_address>
         <size>0x90</size>
         <input_file_ref idref="fl-14"/>
      </object_component>
      <object_component id="oc-8c4">
         <name>.text:SetupDMAReceive</name>
         <load_address>0x2000ae4c</load_address>
         <run_address>0x2000ae4c</run_address>
         <size>0x8c</size>
         <input_file_ref idref="fl-15"/>
      </object_component>
      <object_component id="oc-826">
         <name>.text:SetupDMASend</name>
         <load_address>0x2000aed8</load_address>
         <run_address>0x2000aed8</run_address>
         <size>0x8c</size>
         <input_file_ref idref="fl-15"/>
      </object_component>
      <object_component id="oc-6bd">
         <name>.text:_SlDrvIsTimeoutExpired</name>
         <load_address>0x2000af64</load_address>
         <run_address>0x2000af64</run_address>
         <size>0x8c</size>
         <input_file_ref idref="fl-f"/>
      </object_component>
      <object_component id="oc-9ee">
         <name>.text:_sl_HandleAsync_InitComplete</name>
         <load_address>0x2000aff0</load_address>
         <run_address>0x2000aff0</run_address>
         <size>0x8c</size>
         <input_file_ref idref="fl-e"/>
      </object_component>
      <object_component id="oc-662">
         <name>.text:fputc</name>
         <load_address>0x2000b07c</load_address>
         <run_address>0x2000b07c</run_address>
         <size>0x8c</size>
         <input_file_ref idref="fl-da"/>
      </object_component>
      <object_component id="oc-16a">
         <name>.text:sl_Socket</name>
         <load_address>0x2000b108</load_address>
         <run_address>0x2000b108</run_address>
         <size>0x8c</size>
         <input_file_ref idref="fl-13"/>
      </object_component>
      <object_component id="oc-5f7">
         <name>.text:PinConfigSet</name>
         <load_address>0x2000b194</load_address>
         <run_address>0x2000b194</run_address>
         <size>0x88</size>
         <input_file_ref idref="fl-18"/>
      </object_component>
      <object_component id="oc-612">
         <name>.text:__aeabi_cdcmple</name>
         <load_address>0x2000b21c</load_address>
         <run_address>0x2000b21c</run_address>
         <size>0x86</size>
         <input_file_ref idref="fl-df"/>
      </object_component>
      <object_component id="oc-75e">
         <name>.text:__aeabi_cdrcmple</name>
         <load_address>0x2000b2a2</load_address>
         <run_address>0x2000b2a2</run_address>
         <size>0x86</size>
         <input_file_ref idref="fl-df"/>
      </object_component>
      <object_component id="oc-26e">
         <name>.text:NwpPowerOnPreamble</name>
         <load_address>0x2000b328</load_address>
         <run_address>0x2000b328</run_address>
         <size>0x84</size>
         <input_file_ref idref="fl-15"/>
      </object_component>
      <object_component id="oc-11a">
         <name>.text:sl_WlanRxFilterSet</name>
         <load_address>0x2000b3ac</load_address>
         <run_address>0x2000b3ac</run_address>
         <size>0x84</size>
         <input_file_ref idref="fl-14"/>
      </object_component>
      <object_component id="oc-36b">
         <name>.text:GPIOIntTypeSet</name>
         <load_address>0x2000b430</load_address>
         <run_address>0x2000b430</run_address>
         <size>0x82</size>
         <input_file_ref idref="fl-16"/>
      </object_component>
      <object_component id="oc-97f">
         <name>.text:_sl_HandleAsync_Connect</name>
         <load_address>0x2000b4b4</load_address>
         <run_address>0x2000b4b4</run_address>
         <size>0x80</size>
         <input_file_ref idref="fl-13"/>
      </object_component>
      <object_component id="oc-8ca">
         <name>.text:spi_Read_CPU</name>
         <load_address>0x2000b534</load_address>
         <run_address>0x2000b534</run_address>
         <size>0x80</size>
         <input_file_ref idref="fl-15"/>
      </object_component>
      <object_component id="oc-838">
         <name>.text:spi_Write_CPU</name>
         <load_address>0x2000b5b4</load_address>
         <run_address>0x2000b5b4</run_address>
         <size>0x80</size>
         <input_file_ref idref="fl-15"/>
      </object_component>
      <object_component id="oc-8b">
         <name>.text</name>
         <load_address>0x2000b634</load_address>
         <run_address>0x2000b634</run_address>
         <size>0x7a</size>
         <input_file_ref idref="fl-e5"/>
      </object_component>
      <object_component id="oc-2dd">
         <name>.text:spi_Close</name>
         <load_address>0x2000b6b0</load_address>
         <run_address>0x2000b6b0</run_address>
         <size>0x78</size>
         <input_file_ref idref="fl-15"/>
      </object_component>
      <object_component id="oc-201">
         <name>.text:UARTConfigSetExpClk</name>
         <load_address>0x2000b728</load_address>
         <run_address>0x2000b728</run_address>
         <size>0x76</size>
         <input_file_ref idref="fl-1c"/>
      </object_component>
      <object_component id="oc-d8">
         <name>.text:_SlNonOsMainLoopTask</name>
         <load_address>0x2000b7a0</load_address>
         <run_address>0x2000b7a0</run_address>
         <size>0x74</size>
         <input_file_ref idref="fl-12"/>
      </object_component>
      <object_component id="oc-9b0">
         <name>.text:__TI_closefile</name>
         <load_address>0x2000b814</load_address>
         <run_address>0x2000b814</run_address>
         <size>0x74</size>
         <input_file_ref idref="fl-111"/>
      </object_component>
      <object_component id="oc-492">
         <name>.text:split</name>
         <load_address>0x2000b888</load_address>
         <run_address>0x2000b888</run_address>
         <size>0x70</size>
         <input_file_ref idref="fl-f3"/>
      </object_component>
      <object_component id="oc-77e">
         <name>.text:_mcpy</name>
         <load_address>0x2000b8f8</load_address>
         <run_address>0x2000b8f8</run_address>
         <size>0x6e</size>
         <input_file_ref idref="fl-d7"/>
      </object_component>
      <object_component id="oc-9e0">
         <name>.text:HOSTrename</name>
         <load_address>0x2000b968</load_address>
         <run_address>0x2000b968</run_address>
         <size>0x6c</size>
         <input_file_ref idref="fl-10a"/>
      </object_component>
      <object_component id="oc-a06">
         <name>.text:_SlDrvCmdSend</name>
         <load_address>0x2000b9d4</load_address>
         <run_address>0x2000b9d4</run_address>
         <size>0x6c</size>
         <input_file_ref idref="fl-f"/>
      </object_component>
      <object_component id="oc-969">
         <name>.text:_sl_NetAppSendTokenValue</name>
         <load_address>0x2000ba40</load_address>
         <run_address>0x2000ba40</run_address>
         <size>0x6c</size>
         <input_file_ref idref="fl-10"/>
      </object_component>
      <object_component id="oc-9d4">
         <name>.text:HOSTlseek</name>
         <load_address>0x2000baac</load_address>
         <run_address>0x2000baac</run_address>
         <size>0x68</size>
         <input_file_ref idref="fl-107"/>
      </object_component>
      <object_component id="oc-15">
         <name>.text:decompress:lzss:__TI_decompress_lzss</name>
         <load_address>0x2000bb14</load_address>
         <run_address>0x2000bb14</run_address>
         <size>0x68</size>
         <input_file_ref idref="fl-e9"/>
      </object_component>
      <object_component id="oc-183">
         <name>.text:printf</name>
         <load_address>0x2000bb7c</load_address>
         <run_address>0x2000bb7c</run_address>
         <size>0x68</size>
         <input_file_ref idref="fl-d6"/>
      </object_component>
      <object_component id="oc-55f">
         <name>.text:_SlNonOsSpawn</name>
         <load_address>0x2000bbe4</load_address>
         <run_address>0x2000bbe4</run_address>
         <size>0x64</size>
         <input_file_ref idref="fl-12"/>
      </object_component>
      <object_component id="oc-979">
         <name>.text:_sl_HandleAsync_Accept</name>
         <load_address>0x2000bc48</load_address>
         <run_address>0x2000bc48</run_address>
         <size>0x64</size>
         <input_file_ref idref="fl-13"/>
      </object_component>
      <object_component id="oc-882">
         <name>.text:fseek</name>
         <load_address>0x2000bcac</load_address>
         <run_address>0x2000bcac</run_address>
         <size>0x64</size>
         <input_file_ref idref="fl-100"/>
      </object_component>
      <object_component id="oc-10e">
         <name>.text:sl_NetAppMDNSUnRegisterService</name>
         <load_address>0x2000bd10</load_address>
         <run_address>0x2000bd10</run_address>
         <size>0x64</size>
         <input_file_ref idref="fl-10"/>
      </object_component>
      <object_component id="oc-6d4">
         <name>.text:uDMAChannelAttributeDisable</name>
         <load_address>0x2000bd74</load_address>
         <run_address>0x2000bd74</run_address>
         <size>0x64</size>
         <input_file_ref idref="fl-1d"/>
      </object_component>
      <object_component id="oc-999">
         <name>.text:uDMAChannelAttributeEnable</name>
         <load_address>0x2000bdd8</load_address>
         <run_address>0x2000bdd8</run_address>
         <size>0x64</size>
         <input_file_ref idref="fl-1d"/>
      </object_component>
      <object_component id="oc-7c5">
         <name>.text:__TI_wrt_ok</name>
         <load_address>0x2000be3c</load_address>
         <run_address>0x2000be3c</run_address>
         <size>0x62</size>
         <input_file_ref idref="fl-dc"/>
      </object_component>
      <object_component id="oc-9bc">
         <name>.text:HOSTopen</name>
         <load_address>0x2000bea0</load_address>
         <run_address>0x2000bea0</run_address>
         <size>0x60</size>
         <input_file_ref idref="fl-108"/>
      </object_component>
      <object_component id="oc-19c">
         <name>.text:sl_Close</name>
         <load_address>0x2000bf00</load_address>
         <run_address>0x2000bf00</run_address>
         <size>0x60</size>
         <input_file_ref idref="fl-13"/>
      </object_component>
      <object_component id="oc-f6">
         <name>.text:sl_WlanProfileDel</name>
         <load_address>0x2000bf60</load_address>
         <run_address>0x2000bf60</run_address>
         <size>0x60</size>
         <input_file_ref idref="fl-14"/>
      </object_component>
      <object_component id="oc-de">
         <name>.text:sl_WlanSetMode</name>
         <load_address>0x2000bfc0</load_address>
         <run_address>0x2000bfc0</run_address>
         <size>0x60</size>
         <input_file_ref idref="fl-14"/>
      </object_component>
      <object_component id="oc-a1c">
         <name>.text:close</name>
         <load_address>0x2000c020</load_address>
         <run_address>0x2000c020</run_address>
         <size>0x5c</size>
         <input_file_ref idref="fl-116"/>
      </object_component>
      <object_component id="oc-793">
         <name>.text:frexp</name>
         <load_address>0x2000c07c</load_address>
         <run_address>0x2000c07c</run_address>
         <size>0x5c</size>
         <input_file_ref idref="fl-fc"/>
      </object_component>
      <object_component id="oc-9c8">
         <name>.text:HOSTread</name>
         <load_address>0x2000c0d8</load_address>
         <run_address>0x2000c0d8</run_address>
         <size>0x58</size>
         <input_file_ref idref="fl-109"/>
      </object_component>
      <object_component id="oc-9ce">
         <name>.text:HOSTwrite</name>
         <load_address>0x2000c130</load_address>
         <run_address>0x2000c130</run_address>
         <size>0x58</size>
         <input_file_ref idref="fl-10c"/>
      </object_component>
      <object_component id="oc-52b">
         <name>.text:IntPendClear</name>
         <load_address>0x2000c188</load_address>
         <run_address>0x2000c188</run_address>
         <size>0x58</size>
         <input_file_ref idref="fl-17"/>
      </object_component>
      <object_component id="oc-352">
         <name>.text:PRCMPeripheralReset</name>
         <load_address>0x2000c1e0</load_address>
         <run_address>0x2000c1e0</run_address>
         <size>0x58</size>
         <input_file_ref idref="fl-19"/>
      </object_component>
      <object_component id="oc-17d">
         <name>.text</name>
         <load_address>0x2000c238</load_address>
         <run_address>0x2000c238</run_address>
         <size>0x58</size>
         <input_file_ref idref="fl-5"/>
      </object_component>
      <object_component id="oc-61d">
         <name>.text:_pconv_f</name>
         <load_address>0x2000c290</load_address>
         <run_address>0x2000c290</run_address>
         <size>0x56</size>
         <input_file_ref idref="fl-d7"/>
      </object_component>
      <object_component id="oc-371">
         <name>.text:IntPrioritySet</name>
         <load_address>0x2000c2e8</load_address>
         <run_address>0x2000c2e8</run_address>
         <size>0x54</size>
         <input_file_ref idref="fl-17"/>
      </object_component>
      <object_component id="oc-2b0">
         <name>.text:_SlDrvRxIrqHandler</name>
         <load_address>0x2000c33c</load_address>
         <run_address>0x2000c33c</run_address>
         <size>0x54</size>
         <input_file_ref idref="fl-f"/>
      </object_component>
      <object_component id="oc-768">
         <name>.text:__TI_ltoa</name>
         <load_address>0x2000c390</load_address>
         <run_address>0x2000c390</run_address>
         <size>0x54</size>
         <input_file_ref idref="fl-ec"/>
      </object_component>
      <object_component id="oc-985">
         <name>.text:_sl_HandleAsync_Select</name>
         <load_address>0x2000c3e4</load_address>
         <run_address>0x2000c3e4</run_address>
         <size>0x54</size>
         <input_file_ref idref="fl-13"/>
      </object_component>
      <object_component id="oc-778">
         <name>.text:_ecpy</name>
         <load_address>0x2000c438</load_address>
         <run_address>0x2000c438</run_address>
         <size>0x52</size>
         <input_file_ref idref="fl-d7"/>
      </object_component>
      <object_component id="oc-98b">
         <name>.text:_sl_HandleAsync_Stop</name>
         <load_address>0x2000c48c</load_address>
         <run_address>0x2000c48c</run_address>
         <size>0x50</size>
         <input_file_ref idref="fl-e"/>
      </object_component>
      <object_component id="oc-4f8">
         <name>.text:SPIIntEnable</name>
         <load_address>0x2000c4dc</load_address>
         <run_address>0x2000c4dc</run_address>
         <size>0x4c</size>
         <input_file_ref idref="fl-1a"/>
      </object_component>
      <object_component id="oc-728">
         <name>.text:SPIIntNumberGet</name>
         <load_address>0x2000c528</load_address>
         <run_address>0x2000c528</run_address>
         <size>0x4c</size>
         <input_file_ref idref="fl-1a"/>
      </object_component>
      <object_component id="oc-280">
         <name>.text:_SlDrvProtectAsyncRespSetting</name>
         <load_address>0x2000c574</load_address>
         <run_address>0x2000c574</run_address>
         <size>0x4c</size>
         <input_file_ref idref="fl-f"/>
      </object_component>
      <object_component id="oc-7d1">
         <name>.text:__TI_doflush</name>
         <load_address>0x2000c5c0</load_address>
         <run_address>0x2000c5c0</run_address>
         <size>0x4c</size>
         <input_file_ref idref="fl-fe"/>
      </object_component>
      <object_component id="oc-3d8">
         <name>.text:_sl_BuildAddress</name>
         <load_address>0x2000c60c</load_address>
         <run_address>0x2000c60c</run_address>
         <size>0x4c</size>
         <input_file_ref idref="fl-13"/>
      </object_component>
      <object_component id="oc-606">
         <name>.text:atoi</name>
         <load_address>0x2000c658</load_address>
         <run_address>0x2000c658</run_address>
         <size>0x4c</size>
         <input_file_ref idref="fl-ed"/>
      </object_component>
      <object_component id="oc-6ce">
         <name>.text:uDMAChannelAssign</name>
         <load_address>0x2000c6a4</load_address>
         <run_address>0x2000c6a4</run_address>
         <size>0x4c</size>
         <input_file_ref idref="fl-1d"/>
      </object_component>
      <object_component id="oc-5d4">
         <name>.text:GPIOGetIntNumber</name>
         <load_address>0x2000c6f0</load_address>
         <run_address>0x2000c6f0</run_address>
         <size>0x48</size>
         <input_file_ref idref="fl-16"/>
      </object_component>
      <object_component id="oc-6f0">
         <name>.text:SPIIntClear</name>
         <load_address>0x2000c738</load_address>
         <run_address>0x2000c738</run_address>
         <size>0x48</size>
         <input_file_ref idref="fl-1a"/>
      </object_component>
      <object_component id="oc-309">
         <name>.text:_SlDrvBasicCmd</name>
         <load_address>0x2000c780</load_address>
         <run_address>0x2000c780</run_address>
         <size>0x48</size>
         <input_file_ref idref="fl-f"/>
      </object_component>
      <object_component id="oc-1c3">
         <name>.text:exit</name>
         <load_address>0x2000c7c8</load_address>
         <run_address>0x2000c7c8</run_address>
         <size>0x48</size>
         <input_file_ref idref="fl-ea"/>
      </object_component>
      <object_component id="oc-763">
         <name>.text</name>
         <load_address>0x2000c810</load_address>
         <run_address>0x2000c810</run_address>
         <size>0x48</size>
         <input_file_ref idref="fl-e2"/>
      </object_component>
      <object_component id="oc-9c2">
         <name>.text:HOSTclose</name>
         <load_address>0x2000c858</load_address>
         <run_address>0x2000c858</run_address>
         <size>0x44</size>
         <input_file_ref idref="fl-106"/>
      </object_component>
      <object_component id="oc-9da">
         <name>.text:HOSTunlink</name>
         <load_address>0x2000c89c</load_address>
         <run_address>0x2000c89c</run_address>
         <size>0x44</size>
         <input_file_ref idref="fl-10b"/>
      </object_component>
      <object_component id="oc-6df">
         <name>.text:SPIDmaMaskGet</name>
         <load_address>0x2000c8e0</load_address>
         <run_address>0x2000c8e0</run_address>
         <size>0x44</size>
         <input_file_ref idref="fl-1a"/>
      </object_component>
      <object_component id="oc-923">
         <name>.text:TimerConfigure</name>
         <load_address>0x2000c924</load_address>
         <run_address>0x2000c924</run_address>
         <size>0x44</size>
         <input_file_ref idref="fl-1b"/>
      </object_component>
      <object_component id="oc-9ff">
         <name>.text:_SlDrvHandleHttpServerEvents</name>
         <load_address>0x2000c968</load_address>
         <run_address>0x2000c968</run_address>
         <size>0x44</size>
         <input_file_ref idref="fl-f"/>
      </object_component>
      <object_component id="oc-298">
         <name>.text:_SlDrvSyncObjWaitTimeout</name>
         <load_address>0x2000c9ac</load_address>
         <run_address>0x2000c9ac</run_address>
         <size>0x44</size>
         <input_file_ref idref="fl-f"/>
      </object_component>
      <object_component id="oc-1c9">
         <name>.text:__TI_auto_init_nobinit_nopinit:__TI_auto_init_nobinit_nopinit</name>
         <load_address>0x2000c9f0</load_address>
         <run_address>0x2000c9f0</run_address>
         <size>0x44</size>
         <input_file_ref idref="fl-102"/>
      </object_component>
      <object_component id="oc-8d7">
         <name>.text:cc_SetupTransfer</name>
         <load_address>0x2000ca34</load_address>
         <run_address>0x2000ca34</run_address>
         <size>0x44</size>
         <input_file_ref idref="fl-15"/>
      </object_component>
      <object_component id="oc-a64">
         <name>.text:getdevice</name>
         <load_address>0x2000ca78</load_address>
         <run_address>0x2000ca78</run_address>
         <size>0x44</size>
         <input_file_ref idref="fl-112"/>
      </object_component>
      <object_component id="oc-164">
         <name>.text:sl_Htonl</name>
         <load_address>0x2000cabc</load_address>
         <run_address>0x2000cabc</run_address>
         <size>0x42</size>
         <input_file_ref idref="fl-13"/>
      </object_component>
      <object_component id="oc-5fd">
         <name>.text:PinModeSet</name>
         <load_address>0x2000cb00</load_address>
         <run_address>0x2000cb00</run_address>
         <size>0x40</size>
         <input_file_ref idref="fl-18"/>
      </object_component>
      <object_component id="oc-94f">
         <name>.text:_SlDrvHandleNetAppEvents</name>
         <load_address>0x2000cb40</load_address>
         <run_address>0x2000cb40</run_address>
         <size>0x40</size>
         <input_file_ref idref="fl-f"/>
      </object_component>
      <object_component id="oc-949">
         <name>.text:_SlDrvHandleWlanEvents</name>
         <load_address>0x2000cb80</load_address>
         <run_address>0x2000cb80</run_address>
         <size>0x40</size>
         <input_file_ref idref="fl-f"/>
      </object_component>
      <object_component id="oc-41f">
         <name>.text:_sl_TruncatePayloadByProtocol</name>
         <load_address>0x2000cbc0</load_address>
         <run_address>0x2000cbc0</run_address>
         <size>0x40</size>
         <input_file_ref idref="fl-13"/>
      </object_component>
      <object_component id="oc-190">
         <name>.text:sprintf</name>
         <load_address>0x2000cc00</load_address>
         <run_address>0x2000cc00</run_address>
         <size>0x40</size>
         <input_file_ref idref="fl-d8"/>
      </object_component>
      <object_component id="oc-20d">
         <name>.text:vsnprintf</name>
         <load_address>0x2000cc40</load_address>
         <run_address>0x2000cc40</run_address>
         <size>0x40</size>
         <input_file_ref idref="fl-d9"/>
      </object_component>
      <object_component id="oc-28c">
         <name>.text:NwpRegisterInterruptHandler</name>
         <load_address>0x2000cc80</load_address>
         <run_address>0x2000cc80</run_address>
         <size>0x3e</size>
         <input_file_ref idref="fl-15"/>
      </object_component>
      <object_component id="oc-78b">
         <name>.text:_fcpy</name>
         <load_address>0x2000ccbe</load_address>
         <run_address>0x2000ccbe</run_address>
         <size>0x3e</size>
         <input_file_ref idref="fl-d7"/>
      </object_component>
      <object_component id="oc-970">
         <name>.text:CopyPingResultsToReport</name>
         <load_address>0x2000ccfc</load_address>
         <run_address>0x2000ccfc</run_address>
         <size>0x3c</size>
         <input_file_ref idref="fl-10"/>
      </object_component>
      <object_component id="oc-34c">
         <name>.text:PRCMPeripheralClkEnable</name>
         <load_address>0x2000cd38</load_address>
         <run_address>0x2000cd38</run_address>
         <size>0x3c</size>
         <input_file_ref idref="fl-19"/>
      </object_component>
      <object_component id="oc-89d">
         <name>.text:simplelink_timerA2_start</name>
         <load_address>0x2000cd74</load_address>
         <run_address>0x2000cd74</run_address>
         <size>0x3c</size>
         <input_file_ref idref="fl-15"/>
      </object_component>
      <object_component id="oc-15e">
         <name>.text:sl_Htons</name>
         <load_address>0x2000cdb0</load_address>
         <run_address>0x2000cdb0</run_address>
         <size>0x3c</size>
         <input_file_ref idref="fl-13"/>
      </object_component>
      <object_component id="oc-993">
         <name>.text:uDMAChannelControlSet</name>
         <load_address>0x2000cdec</load_address>
         <run_address>0x2000cdec</run_address>
         <size>0x3c</size>
         <input_file_ref idref="fl-1d"/>
      </object_component>
      <object_component id="oc-286">
         <name>.text:NwpPowerOff</name>
         <load_address>0x2000ce28</load_address>
         <run_address>0x2000ce28</run_address>
         <size>0x38</size>
         <input_file_ref idref="fl-15"/>
      </object_component>
      <object_component id="oc-a2d">
         <name>.text:__TI_writemsg</name>
         <load_address>0x2000ce60</load_address>
         <run_address>0x2000ce60</run_address>
         <size>0x38</size>
         <input_file_ref idref="fl-10d"/>
      </object_component>
      <object_component id="oc-fc">
         <name>.text:sl_WlanDisconnect</name>
         <load_address>0x2000ce98</load_address>
         <run_address>0x2000ce98</run_address>
         <size>0x38</size>
         <input_file_ref idref="fl-14"/>
      </object_component>
      <object_component id="oc-3e8">
         <name>.text:GPIODirModeSet</name>
         <load_address>0x2000ced0</load_address>
         <run_address>0x2000ced0</run_address>
         <size>0x36</size>
         <input_file_ref idref="fl-16"/>
      </object_component>
      <object_component id="oc-a87">
         <name>.text:strncpy</name>
         <load_address>0x2000cf06</load_address>
         <run_address>0x2000cf06</run_address>
         <size>0x36</size>
         <input_file_ref idref="fl-114"/>
      </object_component>
      <object_component id="oc-292">
         <name>.text:NwpPowerOn</name>
         <load_address>0x2000cf3c</load_address>
         <run_address>0x2000cf3c</run_address>
         <size>0x34</size>
         <input_file_ref idref="fl-15"/>
      </object_component>
      <object_component id="oc-4d4">
         <name>.text:PRCMPeripheralStatusGet</name>
         <load_address>0x2000cf70</load_address>
         <run_address>0x2000cf70</run_address>
         <size>0x34</size>
         <input_file_ref idref="fl-19"/>
      </object_component>
      <object_component id="oc-4ec">
         <name>.text:SPIFIFOLevelSet</name>
         <load_address>0x2000cfa4</load_address>
         <run_address>0x2000cfa4</run_address>
         <size>0x34</size>
         <input_file_ref idref="fl-1a"/>
      </object_component>
      <object_component id="oc-8fe">
         <name>.text:__TI_cleanup</name>
         <load_address>0x2000cfd8</load_address>
         <run_address>0x2000cfd8</run_address>
         <size>0x34</size>
         <input_file_ref idref="fl-ff"/>
      </object_component>
      <object_component id="oc-a33">
         <name>.text:__TI_readmsg</name>
         <load_address>0x2000d00c</load_address>
         <run_address>0x2000d00c</run_address>
         <size>0x34</size>
         <input_file_ref idref="fl-10d"/>
      </object_component>
      <object_component id="oc-3e2">
         <name>.text:PinTypeGPIO</name>
         <load_address>0x2000d040</load_address>
         <run_address>0x2000d040</run_address>
         <size>0x30</size>
         <input_file_ref idref="fl-18"/>
      </object_component>
      <object_component id="oc-45b">
         <name>.text:UARTDisable</name>
         <load_address>0x2000d070</load_address>
         <run_address>0x2000d070</run_address>
         <size>0x30</size>
         <input_file_ref idref="fl-1c"/>
      </object_component>
      <object_component id="oc-469">
         <name>.text:_outs</name>
         <load_address>0x2000d0a0</load_address>
         <run_address>0x2000d0a0</run_address>
         <size>0x30</size>
         <input_file_ref idref="fl-d9"/>
      </object_component>
      <object_component id="oc-a8d">
         <name>.text:finddevice</name>
         <load_address>0x2000d0d0</load_address>
         <run_address>0x2000d0d0</run_address>
         <size>0x30</size>
         <input_file_ref idref="fl-112"/>
      </object_component>
      <object_component id="oc-76e">
         <name>.text</name>
         <load_address>0x2000d100</load_address>
         <run_address>0x2000d100</run_address>
         <size>0x2e</size>
         <input_file_ref idref="fl-e3"/>
      </object_component>
      <object_component id="oc-33a">
         <name>.text:PRCMSysResetCauseGet</name>
         <load_address>0x2000d130</load_address>
         <run_address>0x2000d130</run_address>
         <size>0x2c</size>
         <input_file_ref idref="fl-19"/>
      </object_component>
      <object_component id="oc-572">
         <name>.text:_SlDrvObjGlobalLockWaitForever</name>
         <load_address>0x2000d15c</load_address>
         <run_address>0x2000d15c</run_address>
         <size>0x2c</size>
         <input_file_ref idref="fl-f"/>
      </object_component>
      <object_component id="oc-3ad">
         <name>.text:_SlDrvProtectionObjLockWaitForever</name>
         <load_address>0x2000d188</load_address>
         <run_address>0x2000d188</run_address>
         <size>0x2c</size>
         <input_file_ref idref="fl-f"/>
      </object_component>
      <object_component id="oc-a22">
         <name>.text:unlink</name>
         <load_address>0x2000d1b4</load_address>
         <run_address>0x2000d1b4</run_address>
         <size>0x2c</size>
         <input_file_ref idref="fl-117"/>
      </object_component>
      <object_component id="oc-92f">
         <name>.text:TimerLoadSet</name>
         <load_address>0x2000d1e0</load_address>
         <run_address>0x2000d1e0</run_address>
         <size>0x2a</size>
         <input_file_ref idref="fl-1b"/>
      </object_component>
      <object_component id="oc-929">
         <name>.text:TimerPrescaleSet</name>
         <load_address>0x2000d20a</load_address>
         <run_address>0x2000d20a</run_address>
         <size>0x2a</size>
         <input_file_ref idref="fl-1b"/>
      </object_component>
      <object_component id="oc-358">
         <name>.text:PRCMPeripheralClkDisable</name>
         <load_address>0x2000d234</load_address>
         <run_address>0x2000d234</run_address>
         <size>0x28</size>
         <input_file_ref idref="fl-19"/>
      </object_component>
      <object_component id="oc-578">
         <name>.text:_SlDrvGlobalObjUnLock</name>
         <load_address>0x2000d25c</load_address>
         <run_address>0x2000d25c</run_address>
         <size>0x28</size>
         <input_file_ref idref="fl-f"/>
      </object_component>
      <object_component id="oc-3b3">
         <name>.text:_SlDrvProtectionObjUnLock</name>
         <load_address>0x2000d284</load_address>
         <run_address>0x2000d284</run_address>
         <size>0x28</size>
         <input_file_ref idref="fl-f"/>
      </object_component>
      <object_component id="oc-3b9">
         <name>.text:_SlDrvSyncObjWaitForever</name>
         <load_address>0x2000d2ac</load_address>
         <run_address>0x2000d2ac</run_address>
         <size>0x28</size>
         <input_file_ref idref="fl-f"/>
      </object_component>
      <object_component id="oc-499">
         <name>.text:free_list_insert</name>
         <load_address>0x2000d2d4</load_address>
         <run_address>0x2000d2d4</run_address>
         <size>0x28</size>
         <input_file_ref idref="fl-f3"/>
      </object_component>
      <object_component id="oc-8f6">
         <name>.text:lseek</name>
         <load_address>0x2000d2fc</load_address>
         <run_address>0x2000d2fc</run_address>
         <size>0x28</size>
         <input_file_ref idref="fl-10f"/>
      </object_component>
      <object_component id="oc-21f">
         <name>.text:memmove</name>
         <load_address>0x2000d324</load_address>
         <run_address>0x2000d324</run_address>
         <size>0x28</size>
         <input_file_ref idref="fl-f2"/>
      </object_component>
      <object_component id="oc-7d7">
         <name>.text:write</name>
         <load_address>0x2000d34c</load_address>
         <run_address>0x2000d34c</run_address>
         <size>0x28</size>
         <input_file_ref idref="fl-f8"/>
      </object_component>
      <object_component id="oc-67a">
         <name>.text:_SlDrvObjLockWaitForever</name>
         <load_address>0x2000d374</load_address>
         <run_address>0x2000d374</run_address>
         <size>0x26</size>
         <input_file_ref idref="fl-f"/>
      </object_component>
      <object_component id="oc-a4a">
         <name>.text</name>
         <load_address>0x2000d39a</load_address>
         <run_address>0x2000d39a</run_address>
         <size>0x26</size>
         <input_file_ref idref="fl-4"/>
      </object_component>
      <object_component id="oc-50a">
         <name>.text:DmaSpiSwIntHandler</name>
         <load_address>0x2000d3c0</load_address>
         <run_address>0x2000d3c0</run_address>
         <size>0x24</size>
         <input_file_ref idref="fl-15"/>
      </object_component>
      <object_component id="oc-525">
         <name>.text:IntUnregister</name>
         <load_address>0x2000d3e4</load_address>
         <run_address>0x2000d3e4</run_address>
         <size>0x24</size>
         <input_file_ref idref="fl-17"/>
      </object_component>
      <object_component id="oc-461">
         <name>.text:UARTEnable</name>
         <load_address>0x2000d408</load_address>
         <run_address>0x2000d408</run_address>
         <size>0x24</size>
         <input_file_ref idref="fl-1c"/>
      </object_component>
      <object_component id="oc-5b">
         <name>.text:_c_int00_noargs:_c_int00_noargs</name>
         <load_address>0x2000d42c</load_address>
         <run_address>0x2000d42c</run_address>
         <size>0x24</size>
         <input_file_ref idref="fl-f7"/>
      </object_component>
      <object_component id="oc-4c8">
         <name>.text:SPIReset</name>
         <load_address>0x2000d450</load_address>
         <run_address>0x2000d450</run_address>
         <size>0x22</size>
         <input_file_ref idref="fl-1a"/>
      </object_component>
      <object_component id="oc-832">
         <name>.text:SPIWordCountSet</name>
         <load_address>0x2000d472</load_address>
         <run_address>0x2000d472</run_address>
         <size>0x22</size>
         <input_file_ref idref="fl-1a"/>
      </object_component>
      <object_component id="oc-389">
         <name>.text:GPIOPinWrite</name>
         <load_address>0x2000d494</load_address>
         <run_address>0x2000d494</run_address>
         <size>0x20</size>
         <input_file_ref idref="fl-16"/>
      </object_component>
      <object_component id="oc-4f2">
         <name>.text:IntRegister</name>
         <load_address>0x2000d4b4</load_address>
         <run_address>0x2000d4b4</run_address>
         <size>0x20</size>
         <input_file_ref idref="fl-17"/>
      </object_component>
      <object_component id="oc-2d7">
         <name>.text:NwpPrePowerOffTimout0</name>
         <load_address>0x2000d4d4</load_address>
         <run_address>0x2000d4d4</run_address>
         <size>0x20</size>
         <input_file_ref idref="fl-15"/>
      </object_component>
      <object_component id="oc-7f3">
         <name>.text:TimerGetCurrentTimestamp</name>
         <load_address>0x2000d4f4</load_address>
         <run_address>0x2000d4f4</run_address>
         <size>0x20</size>
         <input_file_ref idref="fl-15"/>
      </object_component>
      <object_component id="oc-680">
         <name>.text:_SlDrvObjUnLock</name>
         <load_address>0x2000d514</load_address>
         <run_address>0x2000d514</run_address>
         <size>0x20</size>
         <input_file_ref idref="fl-f"/>
      </object_component>
      <object_component id="oc-546">
         <name>.text:_SlDrvSyncObjSignal</name>
         <load_address>0x2000d534</load_address>
         <run_address>0x2000d534</run_address>
         <size>0x20</size>
         <input_file_ref idref="fl-f"/>
      </object_component>
      <object_component id="oc-7cb">
         <name>.text:memchr</name>
         <load_address>0x2000d554</load_address>
         <run_address>0x2000d554</run_address>
         <size>0x20</size>
         <input_file_ref idref="fl-f1"/>
      </object_component>
      <object_component id="oc-377">
         <name>.text:GPIOIntRegister</name>
         <load_address>0x2000d574</load_address>
         <run_address>0x2000d574</run_address>
         <size>0x1e</size>
         <input_file_ref idref="fl-16"/>
      </object_component>
      <object_component id="oc-935">
         <name>.text:TimerEnable</name>
         <load_address>0x2000d592</load_address>
         <run_address>0x2000d592</run_address>
         <size>0x1e</size>
         <input_file_ref idref="fl-1b"/>
      </object_component>
      <object_component id="oc-207">
         <name>.text:UARTCharPut</name>
         <load_address>0x2000d5b0</load_address>
         <run_address>0x2000d5b0</run_address>
         <size>0x1e</size>
         <input_file_ref idref="fl-1c"/>
      </object_component>
      <object_component id="oc-4da">
         <name>.text:cc_UDMAChannelSelect</name>
         <load_address>0x2000d5ce</load_address>
         <run_address>0x2000d5ce</run_address>
         <size>0x1e</size>
         <input_file_ref idref="fl-15"/>
      </object_component>
      <object_component id="oc-8a3">
         <name>.text:TimerValueGet</name>
         <load_address>0x2000d5ec</load_address>
         <run_address>0x2000d5ec</run_address>
         <size>0x1c</size>
         <input_file_ref idref="fl-1b"/>
      </object_component>
      <object_component id="oc-219">
[...]
      </symbol>
      <symbol id="sm-d88">
         <name>UARTCharsAvail</name>
         <value>0x2000d7df</value>
         <object_component_ref idref="oc-213"/>
      </symbol>
      <symbol id="sm-d89">
         <name>UARTCharGetNonBlocking</name>
         <value>0x2000d609</value>
         <object_component_ref idref="oc-219"/>
      </symbol>
      <symbol id="sm-d8a">
         <name>UARTCharPut</name>
         <value>0x2000d5b1</value>
         <object_component_ref idref="oc-207"/>
      </symbol>
      <symbol id="sm-d8b">
         <name>UARTEnable</name>
         <value>0x2000d409</value>
         <object_component_ref idref="oc-461"/>
      </symbol>
      <symbol id="sm-de2">
         <name>uDMAChannelControlSet</name>
         <value>0x2000cded</value>
         <object_component_ref idref="oc-993"/>
      </symbol>
      <symbol id="sm-de3">
         <name>uDMAChannelAttributeEnable</name>
         <value>0x2000bdd9</value>
         <object_component_ref idref="oc-999"/>
      </symbol>
      <symbol id="sm-de4">
         <name>uDMAChannelTransferSet</name>
         <value>0x20009799</value>
         <object_component_ref idref="oc-99f"/>
      </symbol>
      <symbol id="sm-de5">
         <name>uDMAChannelAssign</name>
         <value>0x2000c6a5</value>
         <object_component_ref idref="oc-6ce"/>
      </symbol>
      <symbol id="sm-de6">
         <name>uDMAChannelAttributeDisable</name>
         <value>0x2000bd75</value>
         <object_component_ref idref="oc-6d4"/>
      </symbol>
      <symbol id="sm-de7">
         <name>uDMAChannelEnable</name>
         <value>0x2000d695</value>
         <object_component_ref idref="oc-9a5"/>
      </symbol>
      <symbol id="sm-deb">
         <name>UtilsDelay</name>
         <value>0x2000d9c1</value>
         <object_component_ref idref="oc-14b"/>
      </symbol>
      <symbol id="sm-df5">
         <name>CPUcpsie</name>
         <value>0x2000d8c9</value>
         <object_component_ref idref="oc-32f"/>
      </symbol>
      <symbol id="sm-e22">
         <name>printf</name>
         <value>0x2000bb7d</value>
         <object_component_ref idref="oc-183"/>
      </symbol>
      <symbol id="sm-f8c">
         <name>__TI_printfi</name>
         <value>0x200057ed</value>
         <object_component_ref idref="oc-3f5"/>
      </symbol>
      <symbol id="sm-fae">
         <name>sprintf</name>
         <value>0x2000cc01</value>
         <object_component_ref idref="oc-190"/>
      </symbol>
      <symbol id="sm-fd8">
         <name>vsnprintf</name>
         <value>0x2000cc41</value>
         <object_component_ref idref="oc-20d"/>
      </symbol>
      <symbol id="sm-fed">
         <name>putc</name>
         <value>0x2000b07d</value>
         <object_component_ref idref="oc-662"/>
      </symbol>
      <symbol id="sm-fee">
         <name>fputc</name>
         <value>0x2000b07d</value>
         <object_component_ref idref="oc-662"/>
      </symbol>
      <symbol id="sm-1011">
         <name>fputs</name>
         <value>0x200090b5</value>
         <object_component_ref idref="oc-65b"/>
      </symbol>
      <symbol id="sm-1029">
         <name>__TI_wrt_ok</name>
         <value>0x2000be3d</value>
         <object_component_ref idref="oc-7c5"/>
      </symbol>
      <symbol id="sm-1045">
         <name>setvbuf</name>
         <value>0x20009de1</value>
         <object_component_ref idref="oc-888"/>
      </symbol>
      <symbol id="sm-105c">
         <name>__aeabi_dsub</name>
         <value>0x20007a91</value>
         <object_component_ref idref="oc-773"/>
      </symbol>
      <symbol id="sm-105d">
         <name>__aeabi_dadd</name>
         <value>0x20007a9b</value>
         <object_component_ref idref="oc-773"/>
      </symbol>
      <symbol id="sm-107f">
         <name>__aeabi_cdcmpeq</name>
         <value>0x2000b21d</value>
         <object_component_ref idref="oc-612"/>
      </symbol>
      <symbol id="sm-1080">
         <name>__aeabi_cdcmple</name>
         <value>0x2000b21d</value>
         <object_component_ref idref="oc-612"/>
      </symbol>
      <symbol id="sm-1081">
         <name>__aeabi_cdrcmple</name>
         <value>0x2000b2a3</value>
         <object_component_ref idref="oc-75e"/>
      </symbol>
      <symbol id="sm-1095">
         <name>__aeabi_ddiv</name>
         <value>0x20008bf9</value>
         <object_component_ref idref="oc-759"/>
      </symbol>
      <symbol id="sm-10a0">
         <name>__aeabi_dmul</name>
         <value>0x200093cd</value>
         <object_component_ref idref="oc-754"/>
      </symbol>
      <symbol id="sm-10aa">
         <name>__aeabi_d2iz</name>
         <value>0x2000c811</value>
         <object_component_ref idref="oc-763"/>
      </symbol>
      <symbol id="sm-10b4">
         <name>__aeabi_i2d</name>
         <value>0x2000d101</value>
         <object_component_ref idref="oc-76e"/>
      </symbol>
      <symbol id="sm-10cf">
         <name>memcpy</name>
         <value>0x2000a741</value>
         <object_component_ref idref="oc-3d"/>
      </symbol>
      <symbol id="sm-10d0">
         <name>__aeabi_memcpy</name>
         <value>0x2000a741</value>
         <object_component_ref idref="oc-3d"/>
      </symbol>
      <symbol id="sm-10d1">
         <name>__aeabi_memcpy8</name>
         <value>0x2000a741</value>
         <object_component_ref idref="oc-3d"/>
      </symbol>
      <symbol id="sm-10d2">
         <name>__aeabi_memcpy4</name>
         <value>0x2000a741</value>
         <object_component_ref idref="oc-3d"/>
      </symbol>
      <symbol id="sm-10e1">
         <name>__aeabi_memset</name>
         <value>0x2000b637</value>
         <object_component_ref idref="oc-8b"/>
      </symbol>
      <symbol id="sm-10e2">
         <name>memset</name>
         <value>0x2000b63d</value>
         <object_component_ref idref="oc-8b"/>
      </symbol>
      <symbol id="sm-10e3">
         <name>__aeabi_memset8</name>
         <value>0x2000b637</value>
         <object_component_ref idref="oc-8b"/>
      </symbol>
      <symbol id="sm-10e4">
         <name>__aeabi_memset4</name>
         <value>0x2000b637</value>
         <object_component_ref idref="oc-8b"/>
      </symbol>
      <symbol id="sm-10e5">
         <name>__aeabi_memclr8</name>
         <value>0x2000b635</value>
         <object_component_ref idref="oc-8b"/>
      </symbol>
      <symbol id="sm-10e6">
         <name>__aeabi_memclr4</name>
         <value>0x2000b635</value>
         <object_component_ref idref="oc-8b"/>
      </symbol>
      <symbol id="sm-10e7">
         <name>__aeabi_memclr</name>
         <value>0x2000b635</value>
         <object_component_ref idref="oc-8b"/>
      </symbol>
      <symbol id="sm-10f4">
         <name>__aeabi_uldivmod</name>
         <value>0x2000ab71</value>
         <object_component_ref idref="oc-74d"/>
      </symbol>
      <symbol id="sm-1108">
         <name>__TI_zero_init_nomemset</name>
         <value>0x2000d641</value>
         <object_component_ref idref="oc-49"/>
      </symbol>
      <symbol id="sm-111f">
         <name>__TI_decompress_none</name>
         <value>0x2000d95d</value>
         <object_component_ref idref="oc-1b"/>
      </symbol>
      <symbol id="sm-1142">
         <name>__TI_decompress_lzss</name>
         <value>0x2000bb15</value>
         <object_component_ref idref="oc-15"/>
      </symbol>
      <symbol id="sm-1168">
         <name>C$$EXIT</name>
         <value>0x2000d9d3</value>
         <object_component_ref idref="oc-1bd"/>
      </symbol>
      <symbol id="sm-1169">
         <name>abort</name>
         <value>0x2000d9d3</value>
         <object_component_ref idref="oc-1bd"/>
      </symbol>
      <symbol id="sm-116a">
         <name>__TI_dtors_ptr</name>
         <value>0x2001f620</value>
         <object_component_ref idref="oc-43e"/>
      </symbol>
      <symbol id="sm-116b">
         <name>__TI_cleanup_ptr</name>
         <value>0x2001f61c</value>
         <object_component_ref idref="oc-43e"/>
      </symbol>
      <symbol id="sm-116c">
         <name>__TI_enable_exit_profile_output</name>
         <value>0x2001f624</value>
         <object_component_ref idref="oc-43e"/>
      </symbol>
      <symbol id="sm-116d">
         <name>exit</name>
         <value>0x2000c7c9</value>
         <object_component_ref idref="oc-1c3"/>
      </symbol>
      <symbol id="sm-1182">
         <name>_nop</name>
         <value>0x20007c47</value>
         <object_component_ref idref="oc-64d"/>
      </symbol>
      <symbol id="sm-1183">
         <name>_lock</name>
         <value>0x2001f640</value>
         <object_component_ref idref="oc-3fb"/>
      </symbol>
      <symbol id="sm-1184">
         <name>_unlock</name>
         <value>0x2001f644</value>
         <object_component_ref idref="oc-3fb"/>
      </symbol>
      <symbol id="sm-1193">
         <name>__TI_ltoa</name>
         <value>0x2000c391</value>
         <object_component_ref idref="oc-768"/>
      </symbol>
      <symbol id="sm-11a9">
         <name>atoi</name>
         <value>0x2000c659</value>
         <object_component_ref idref="oc-606"/>
      </symbol>
      <symbol id="sm-11b4">
         <name>_ctypes_</name>
         <value>0x2000d9d8</value>
         <object_component_ref idref="oc-748"/>
      </symbol>
      <symbol id="sm-11c9">
         <name>__TI_tmpnams</name>
         <value>0x2001f288</value>
      </symbol>
      <symbol id="sm-11ca">
         <name>__aeabi_stdout</name>
         <value>0x2001f604</value>
         <object_component_ref idref="oc-9b6"/>
      </symbol>
      <symbol id="sm-11cb">
         <name>__aeabi_stderr</name>
         <value>0x2001f608</value>
         <object_component_ref idref="oc-9b6"/>
      </symbol>
      <symbol id="sm-11cc">
         <name>__aeabi_stdin</name>
         <value>0x2001f600</value>
         <object_component_ref idref="oc-9b6"/>
      </symbol>
      <symbol id="sm-11cd">
         <name>_ftable</name>
         <value>0x2001f3e4</value>
         <object_component_ref idref="oc-3fe"/>
      </symbol>
      <symbol id="sm-11ce">
         <name>__TI_ft_end</name>
         <value>0x2001f5fc</value>
         <object_component_ref idref="oc-9b6"/>
      </symbol>
      <symbol id="sm-11de">
         <name>memccpy</name>
         <value>0x2000d679</value>
         <object_component_ref idref="oc-62f"/>
      </symbol>
      <symbol id="sm-11ee">
         <name>memchr</name>
         <value>0x2000d555</value>
         <object_component_ref idref="oc-7cb"/>
      </symbol>
      <symbol id="sm-11ff">
         <name>memmove</name>
         <value>0x2000d325</value>
         <object_component_ref idref="oc-21f"/>
      </symbol>
      <symbol id="sm-129d">
         <name>_sys_memory</name>
         <value>0x20017000</value>
         <object_component_ref idref="oc-23"/>
      </symbol>
      <symbol id="sm-129e">
         <name>free</name>
         <value>0x20009a59</value>
         <object_component_ref idref="oc-231"/>
      </symbol>
      <symbol id="sm-129f">
         <name>realloc</name>
         <value>0x20009b3d</value>
         <object_component_ref idref="oc-22b"/>
      </symbol>
      <symbol id="sm-12a0">
         <name>memalign</name>
         <value>0x200092cd</value>
         <object_component_ref idref="oc-485"/>
      </symbol>
      <symbol id="sm-12a1">
         <name>malloc</name>
         <value>0x2000d9b9</value>
         <object_component_ref idref="oc-225"/>
      </symbol>
      <symbol id="sm-12a2">
         <name>aligned_alloc</name>
         <value>0x200092cd</value>
         <object_component_ref idref="oc-485"/>
      </symbol>
      <symbol id="sm-12b2">
         <name>strchr</name>
         <value>0x2000d8b3</value>
         <object_component_ref idref="oc-79f"/>
      </symbol>
      <symbol id="sm-12c0">
         <name>strcpy</name>
         <value>0x2000d905</value>
         <object_component_ref idref="oc-18a"/>
      </symbol>
      <symbol id="sm-12ce">
         <name>strlen</name>
         <value>0x2000d919</value>
         <object_component_ref idref="oc-139"/>
      </symbol>
      <symbol id="sm-12e0">
         <name>__stack</name>
         <value>0x2002f000</value>
         <object_component_ref idref="oc-26"/>
      </symbol>
      <symbol id="sm-12e1">
         <name>_c_int00_noargs</name>
         <value>0x2000d42d</value>
         <object_component_ref idref="oc-5b"/>
      </symbol>
      <symbol id="sm-12fb">
         <name>write</name>
         <value>0x2000d34d</value>
         <object_component_ref idref="oc-7d7"/>
      </symbol>
      <symbol id="sm-130c">
         <name>_stream</name>
         <value>0x2001f54c</value>
         <object_component_ref idref="oc-894"/>
      </symbol>
      <symbol id="sm-130d">
         <name>_device</name>
         <value>0x2001f4d4</value>
         <object_component_ref idref="oc-911"/>
      </symbol>
      <symbol id="sm-1323">
         <name>__aeabi_errno_addr</name>
         <value>0x2000d9b1</value>
         <object_component_ref idref="oc-63b"/>
      </symbol>
      <symbol id="sm-1324">
         <name>errno</name>
         <value>0x2001f650</value>
         <object_component_ref idref="oc-7af"/>
      </symbol>
      <symbol id="sm-133d">
         <name>wcslen</name>
         <value>0x2000d92d</value>
         <object_component_ref idref="oc-635"/>
      </symbol>
      <symbol id="sm-135d">
         <name>frexpl</name>
         <value>0x2000c07d</value>
         <object_component_ref idref="oc-793"/>
      </symbol>
      <symbol id="sm-135e">
         <name>frexp</name>
         <value>0x2000c07d</value>
         <object_component_ref idref="oc-793"/>
      </symbol>
      <symbol id="sm-137c">
         <name>scalbn</name>
         <value>0x20009ebd</value>
         <object_component_ref idref="oc-799"/>
      </symbol>
      <symbol id="sm-137d">
         <name>scalbnl</name>
         <value>0x20009ebd</value>
         <object_component_ref idref="oc-799"/>
      </symbol>
      <symbol id="sm-137e">
         <name>ldexpl</name>
         <value>0x20009ebd</value>
         <object_component_ref idref="oc-799"/>
      </symbol>
      <symbol id="sm-137f">
         <name>ldexp</name>
         <value>0x20009ebd</value>
         <object_component_ref idref="oc-799"/>
      </symbol>
      <symbol id="sm-138f">
         <name>__TI_doflush</name>
         <value>0x2000c5c1</value>
         <object_component_ref idref="oc-7d1"/>
      </symbol>
      <symbol id="sm-139f">
         <name>__TI_cleanup</name>
         <value>0x2000cfd9</value>
         <object_component_ref idref="oc-8fe"/>
      </symbol>
      <symbol id="sm-13b1">
         <name>fseek</name>
         <value>0x2000bcad</value>
         <object_component_ref idref="oc-882"/>
      </symbol>
      <symbol id="sm-13bb">
         <name>__aeabi_idiv0</name>
         <value>0x20008d2f</value>
         <object_component_ref idref="oc-84d"/>
      </symbol>
      <symbol id="sm-13bc">
         <name>__aeabi_ldiv0</name>
         <value>0x20008d2f</value>
         <object_component_ref idref="oc-84d"/>
      </symbol>
      <symbol id="sm-13e4">
         <name>__TI_auto_init_nobinit_nopinit</name>
         <value>0x2000c9f1</value>
         <object_component_ref idref="oc-1c9"/>
      </symbol>
      <symbol id="sm-13ee">
         <name>_system_pre_init</name>
         <value>0x2000d9cf</value>
         <object_component_ref idref="oc-91"/>
      </symbol>
      <symbol id="sm-1401">
         <name>HOSTclose</name>
         <value>0x2000c859</value>
         <object_component_ref idref="oc-9c2"/>
      </symbol>
      <symbol id="sm-1412">
         <name>HOSTlseek</name>
         <value>0x2000baad</value>
         <object_component_ref idref="oc-9d4"/>
      </symbol>
      <symbol id="sm-1424">
         <name>parmbuf</name>
         <value>0x2001f3d0</value>
      </symbol>
      <symbol id="sm-1425">
         <name>HOSTopen</name>
         <value>0x2000bea1</value>
         <object_component_ref idref="oc-9bc"/>
      </symbol>
      <symbol id="sm-1436">
         <name>HOSTread</name>
         <value>0x2000c0d9</value>
         <object_component_ref idref="oc-9c8"/>
      </symbol>
      <symbol id="sm-1447">
         <name>HOSTrename</name>
         <value>0x2000b969</value>
         <object_component_ref idref="oc-9e0"/>
      </symbol>
      <symbol id="sm-1458">
         <name>HOSTunlink</name>
         <value>0x2000c89d</value>
         <object_component_ref idref="oc-9da"/>
      </symbol>
      <symbol id="sm-1469">
         <name>HOSTwrite</name>
         <value>0x2000c131</value>
         <object_component_ref idref="oc-9ce"/>
      </symbol>
      <symbol id="sm-148d">
         <name>__TI_readmsg</name>
         <value>0x2000d00d</value>
         <object_component_ref idref="oc-a33"/>
      </symbol>
      <symbol id="sm-148e">
         <name>C$$IO$$</name>
         <value>0x2000ce8f</value>
         <object_component_ref idref="oc-a2d"/>
      </symbol>
      <symbol id="sm-148f">
         <name>__CIOBUF_</name>
         <value>0x2001f168</value>
         <object_component_ref idref="oc-a6e"/>
      </symbol>
      <symbol id="sm-1490">
         <name>__TI_writemsg</name>
         <value>0x2000ce61</value>
         <object_component_ref idref="oc-a2d"/>
      </symbol>
      <symbol id="sm-14a1">
         <name>lseek</name>
         <value>0x2000d2fd</value>
         <object_component_ref idref="oc-8f6"/>
      </symbol>
      <symbol id="sm-14ab">
         <name>copysign</name>
         <value>0x2000d991</value>
         <object_component_ref idref="oc-866"/>
      </symbol>
      <symbol id="sm-14ac">
         <name>copysignl</name>
         <value>0x2000d991</value>
         <object_component_ref idref="oc-866"/>
      </symbol>
      <symbol id="sm-14c1">
         <name>__TI_closefile</name>
         <value>0x2000b815</value>
         <object_component_ref idref="oc-9b0"/>
      </symbol>
      <symbol id="sm-14e4">
         <name>finddevice</name>
         <value>0x2000d0d1</value>
         <object_component_ref idref="oc-a8d"/>
      </symbol>
      <symbol id="sm-14e5">
         <name>getdevice</name>
         <value>0x2000ca79</value>
         <object_component_ref idref="oc-a64"/>
      </symbol>
      <symbol id="sm-14f4">
         <name>strcmp</name>
         <value>0x2000d859</value>
         <object_component_ref idref="oc-aa2"/>
      </symbol>
      <symbol id="sm-1504">
         <name>strncpy</name>
         <value>0x2000cf07</value>
         <object_component_ref idref="oc-a87"/>
      </symbol>
      <symbol id="sm-1519">
         <name>close</name>
         <value>0x2000c021</value>
         <object_component_ref idref="oc-a1c"/>
      </symbol>
      <symbol id="sm-1529">
         <name>unlink</name>
         <value>0x2000d1b5</value>
         <object_component_ref idref="oc-a22"/>
      </symbol>
      <symbol id="sm-152a">
         <name>__TI_static_base__</name>
         <value>0x2000dff0</value>
      </symbol>
      <symbol id="sm-152d">
         <name>__mpu_init</name>
         <value>0x0</value>
      </symbol>
      <symbol id="sm-152e">
         <name>_system_post_cinit</name>
         <value>0x0</value>
      </symbol>
      <symbol id="sm-152f">
         <name>remove</name>
         <value>0x2000d1b5</value>
      </symbol>
   </symbol_table>
   <title>Link successful</title>
</link_info>
