******************************************************************************
                  TI ARM Linker PC v20.2.7                     
******************************************************************************
>> Linked Fri May 26 13:10:19 2023

OUTPUT FILE NAME:   <Lab5.1.out>
ENTRY POINT SYMBOL: "_c_int00_noargs"  address: 2000d42d


MEMORY CONFIGURATION

         name            origin    length      used     unused   attr    fill
----------------------  --------  ---------  --------  --------  ----  --------
  SRAM_CODE             20004000   00013000  0000a0a2  00008f5e  RW X
  SRAM_DATA             20017000   00019000  00009656  0000f9aa  RW X


SEGMENT ALLOCATION MAP

run origin  load origin   length   init length attrs members
----------  ----------- ---------- ----------- ----- -------
20004000    20004000    0000a0a8   0000a0a8    r-x
  20004000    20004000    00000400   00000400    r-- .intvecs
  20004400    20004400    000095d6   000095d6    r-x .text
  2000d9d8    2000d9d8    00000614   00000614    r-- .const
  2000dff0    2000dff0    000000b8   000000b8    r-- .cinit
20017000    20017000    00008658   00000000    rw-
  20017000    20017000    00008000   00000000    rw- .sysmem
  2001f000    2001f000    000003e2   00000000    rw- .bss
  2001f3e4    2001f3e4    00000274   00000000    rw- .data
2002f000    2002f000    00001000   00000000    rw-
  2002f000    2002f000    00001000   00000000    rw- .stack


SECTION ALLOCATION MAP

 output                                  attributes/
section   page    origin      length       input sections
--------  ----  ----------  ----------   ----------------
.intvecs   0    20004000    00000400     
                  20004000    00000400     startup_ccs.obj (.intvecs)

.init_array 
*          0    20004000    00000000     UNINITIALIZED

.text      0    20004400    000095d6     
                  20004400    000013ec     main.obj (.text)
                  200057ec    00000a4e     rtsv7M4_T_le_eabi.lib : _printfi.c.obj (.text:__TI_printfi)
                  2000623a    00000002     driverlib.a : interrupt.obj (.text:IntDefaultHandler)
                  2000623c    00000590     simplelink.a : driver.obj (.text:_SlDrvMsgRead)
                  200067cc    00000398     gpio_if.obj (.text)
                  20006b64    00000280     simplelink.a : wlan.obj (.text:sl_WlanConnect)
                  20006de4    0000027c     uart_if.obj (.text)
                  20007060    00000268     rtsv7M4_T_le_eabi.lib : _printfi.c.obj (.text:_pconv_a)
                  200072c8    00000248     simplelink.a : driver.obj (.text:_SlDrvRxHdrRead)
                  20007510    000001e4                  : driver.obj (.text:_SlDrvDataReadOp)
                  200076f4    000001d0                  : driver.obj (.text:_SlDrvReleasePoolObj)
                  200078c4    000001cc     rtsv7M4_T_le_eabi.lib : _printfi.c.obj (.text:_pconv_g)
                  20007a90    000001b6                           : fd_add_t2.asm.obj (.text)
                  20007c46    00000002                           : _lock.c.obj (.text:_nop)
                  20007c48    000001b4     simplelink.a : driver.obj (.text:_SlDrvDriverCBInit)
                  20007dfc    0000019c                  : driver.obj (.text:_SlDrvMsgWrite)
                  20007f98    00000190                  : driver.obj (.text:_SlDrvWaitForPoolObj)
                  20008128    0000018c                  : socket.obj (.text:sl_Connect)
                  200082b4    00000178     driverlib.a : prcm.obj (.text:PRCMCC3200MCUInit)
                  2000842c    00000170     simplelink.a : driver.obj (.text:_SlFindAndSetActiveObj)
                  2000859c    00000150                  : driver.obj (.text:_SlDrvDataWriteOp)
                  200086ec    00000148                  : cc_pal.obj (.text:spi_Open)
                  20008834    00000144                  : driver.obj (.text:_SlDrvMsgReadCmdCtx)
                  20008978    00000144                  : netapp.obj (.text:sl_NetAppDnsGetHostByName)
                  20008abc    0000013c     rtsv7M4_T_le_eabi.lib : _printfi.c.obj (.text:_pconv_e)
                  20008bf8    00000136                           : fd_div_t2.asm.obj (.text)
                  20008d2e    00000002                           : div0.asm.obj (.text)
                  20008d30    00000134     simplelink.a : socket.obj (.text:sl_Send)
                  20008e64    00000130                  : driver.obj (.text:_SlDrvDriverCBDeinit)
                  20008f94    00000120     rtsv7M4_T_le_eabi.lib : _printfi.c.obj (.text:fcvt)
                  200090b4    00000114                           : fputs.c.obj (.text:fputs)
                  200091c8    00000104     simplelink.a : netapp.obj (.text:_SlDrvNetAppEventHandler)
                  200092cc    00000100     rtsv7M4_T_le_eabi.lib : memory.c.obj (.text:aligned_alloc)
                  200093cc    000000fc                           : fd_mul_t2.asm.obj (.text)
                  200094c8    000000f0     simplelink.a : device.obj (.text:sl_Start)
                  200095b8    000000f0                  : device.obj (.text:sl_Stop)
                  200096a8    000000f0                  : cc_pal.obj (.text:spi_Read)
                  20009798    000000f0     driverlib.a : udma.obj (.text:uDMAChannelTransferSet)
                  20009888    000000e8     simplelink.a : driver.obj (.text:_SlAsyncEventGenericHandler)
                  20009970    000000e8                  : driver.obj (.text:_SlDrvMsgReadSpawnCtx)
                  20009a58    000000e4     rtsv7M4_T_le_eabi.lib : memory.c.obj (.text:free)
                  20009b3c    000000e4                           : memory.c.obj (.text:realloc)
                  20009c20    000000e4     simplelink.a : netapp.obj (.text:sl_NetAppMDNSRegisterUnregisterService)
                  20009d04    000000dc                  : driver.obj (.text:_SlDrvClassifyRxMsg)
                  20009de0    000000dc     rtsv7M4_T_le_eabi.lib : setvbuf.c.obj (.text:setvbuf)
                  20009ebc    000000d0                           : s_scalbn.c.obj (.text:scalbn)
                  20009f8c    000000cc     simplelink.a : netapp.obj (.text:_sl_HandleAsync_DnsGetHostByService)
                  2000a058    000000cc                  : device.obj (.text:sl_DevGet)
                  2000a124    000000c4                  : driver.obj (.text:_SlRemoveFromList)
                  2000a1e8    000000c0                  : driver.obj (.text:_SlDrvCmdOp)
                  2000a2a8    000000b1     rtsv7M4_T_le_eabi.lib : _printfi.c.obj (.text:_ltostr)
                  2000a359    00000003     --HOLE-- [fill = 0]
                  2000a35c    000000b0     simplelink.a : nonos.obj (.text:_SlNonOsSemGet)
                  2000a40c    000000a8     driverlib.a : interrupt.obj (.text:IntDisable)
                  2000a4b4    000000a8                 : interrupt.obj (.text:IntEnable)
                  2000a55c    000000a4     simplelink.a : driver.obj (.text:_SlDriverHandleError)
                  2000a600    000000a0     driverlib.a : spi.obj (.text:SPIConfigSetExpClk)
                  2000a6a0    000000a0     simplelink.a : socket.obj (.text:sl_Recv)
                  2000a740    0000009c     rtsv7M4_T_le_eabi.lib : memcpy_t2.asm.obj (.text)
                  2000a7dc    0000009a     simplelink.a : device.obj (.text:_SlDrvDeviceEventHandler)
                  2000a876    00000002     --HOLE-- [fill = 0]
                  2000a878    00000098                  : device.obj (.text:sl_DevSet)
                  2000a910    00000098                  : netcfg.obj (.text:sl_NetCfgSet)
                  2000a9a8    00000098                  : socket.obj (.text:sl_SetSockOpt)
                  2000aa40    00000098                  : wlan.obj (.text:sl_WlanSet)
                  2000aad8    00000098                  : cc_pal.obj (.text:spi_Write)
                  2000ab70    00000096     rtsv7M4_T_le_eabi.lib : ull_div_t2.asm.obj (.text)
                  2000ac06    00000002     --HOLE-- [fill = 0]
                  2000ac08    00000094     driverlib.a : prcm.obj (.text:PRCMPeripheralClockGet)
                  2000ac9c    00000090     simplelink.a : netapp.obj (.text:_sl_HandleAsync_DnsGetHostByName)
                  2000ad2c    00000090                  : netapp.obj (.text:_sl_HandleAsync_PingResponse)
                  2000adbc    00000090                  : wlan.obj (.text:sl_WlanPolicySet)
                  2000ae4c    0000008c                  : cc_pal.obj (.text:SetupDMAReceive)
                  2000aed8    0000008c                  : cc_pal.obj (.text:SetupDMASend)
                  2000af64    0000008c                  : driver.obj (.text:_SlDrvIsTimeoutExpired)
                  2000aff0    0000008c                  : device.obj (.text:_sl_HandleAsync_InitComplete)
                  2000b07c    0000008c     rtsv7M4_T_le_eabi.lib : fputc.c.obj (.text:fputc)
                  2000b108    0000008c     simplelink.a : socket.obj (.text:sl_Socket)
                  2000b194    00000088     driverlib.a : pin.obj (.text:PinConfigSet)
                  2000b21c    00000086     rtsv7M4_T_le_eabi.lib : fd_cmp_t2.asm.obj (.text:__aeabi_cdcmple)
                  2000b2a2    00000086                           : fd_cmp_t2.asm.obj (.text:__aeabi_cdrcmple)
                  2000b328    00000084     simplelink.a : cc_pal.obj (.text:NwpPowerOnPreamble)
                  2000b3ac    00000084                  : wlan.obj (.text:sl_WlanRxFilterSet)
                  2000b430    00000082     driverlib.a : gpio.obj (.text:GPIOIntTypeSet)
                  2000b4b2    00000002     --HOLE-- [fill = 0]
                  2000b4b4    00000080     simplelink.a : socket.obj (.text:_sl_HandleAsync_Connect)
                  2000b534    00000080                  : cc_pal.obj (.text:spi_Read_CPU)
                  2000b5b4    00000080                  : cc_pal.obj (.text:spi_Write_CPU)
                  2000b634    0000007a     rtsv7M4_T_le_eabi.lib : memset_t2.asm.obj (.text)
                  2000b6ae    00000002     --HOLE-- [fill = 0]
                  2000b6b0    00000078     simplelink.a : cc_pal.obj (.text:spi_Close)
                  2000b728    00000076     driverlib.a : uart.obj (.text:UARTConfigSetExpClk)
                  2000b79e    00000002     --HOLE-- [fill = 0]
                  2000b7a0    00000074     simplelink.a : nonos.obj (.text:_SlNonOsMainLoopTask)
                  2000b814    00000074     rtsv7M4_T_le_eabi.lib : fclose.c.obj (.text:__TI_closefile)
                  2000b888    00000070                           : memory.c.obj (.text:split)
                  2000b8f8    0000006e                           : _printfi.c.obj (.text:_mcpy)
                  2000b966    00000002     --HOLE-- [fill = 0]
                  2000b968    0000006c                           : hostrename.c.obj (.text:HOSTrename)
                  2000b9d4    0000006c     simplelink.a : driver.obj (.text:_SlDrvCmdSend)
                  2000ba40    0000006c                  : netapp.obj (.text:_sl_NetAppSendTokenValue)
                  2000baac    00000068     rtsv7M4_T_le_eabi.lib : hostlseek.c.obj (.text:HOSTlseek)
                  2000bb14    00000068                           : copy_decompress_lzss.c.obj (.text:decompress:lzss:__TI_decompress_lzss)
                  2000bb7c    00000068                           : printf.c.obj (.text:printf)
                  2000bbe4    00000064     simplelink.a : nonos.obj (.text:_SlNonOsSpawn)
                  2000bc48    00000064                  : socket.obj (.text:_sl_HandleAsync_Accept)
                  2000bcac    00000064     rtsv7M4_T_le_eabi.lib : fseek.c.obj (.text:fseek)
                  2000bd10    00000064     simplelink.a : netapp.obj (.text:sl_NetAppMDNSUnRegisterService)
                  2000bd74    00000064     driverlib.a : udma.obj (.text:uDMAChannelAttributeDisable)
                  2000bdd8    00000064                 : udma.obj (.text:uDMAChannelAttributeEnable)
                  2000be3c    00000062     rtsv7M4_T_le_eabi.lib : _io_perm.c.obj (.text:__TI_wrt_ok)
                  2000be9e    00000002     --HOLE-- [fill = 0]
                  2000bea0    00000060                           : hostopen.c.obj (.text:HOSTopen)
                  2000bf00    00000060     simplelink.a : socket.obj (.text:sl_Close)
                  2000bf60    00000060                  : wlan.obj (.text:sl_WlanProfileDel)
                  2000bfc0    00000060                  : wlan.obj (.text:sl_WlanSetMode)
                  2000c020    0000005c     rtsv7M4_T_le_eabi.lib : close.c.obj (.text:close)
                  2000c07c    0000005c                           : s_frexp.c.obj (.text:frexp)
                  2000c0d8    00000058                           : hostread.c.obj (.text:HOSTread)
                  2000c130    00000058                           : hostwrite.c.obj (.text:HOSTwrite)
                  2000c188    00000058     driverlib.a : interrupt.obj (.text:IntPendClear)
                  2000c1e0    00000058                 : prcm.obj (.text:PRCMPeripheralReset)
                  2000c238    00000058     pinmux.obj (.text)
                  2000c290    00000056     rtsv7M4_T_le_eabi.lib : _printfi.c.obj (.text:_pconv_f)
                  2000c2e6    00000002     --HOLE-- [fill = 0]
                  2000c2e8    00000054     driverlib.a : interrupt.obj (.text:IntPrioritySet)
                  2000c33c    00000054     simplelink.a : driver.obj (.text:_SlDrvRxIrqHandler)
                  2000c390    00000054     rtsv7M4_T_le_eabi.lib : _ltoa.c.obj (.text:__TI_ltoa)
                  2000c3e4    00000054     simplelink.a : socket.obj (.text:_sl_HandleAsync_Select)
                  2000c438    00000052     rtsv7M4_T_le_eabi.lib : _printfi.c.obj (.text:_ecpy)
                  2000c48a    00000002     --HOLE-- [fill = 0]
                  2000c48c    00000050     simplelink.a : device.obj (.text:_sl_HandleAsync_Stop)
                  2000c4dc    0000004c     driverlib.a : spi.obj (.text:SPIIntEnable)
                  2000c528    0000004c                 : spi.obj (.text:SPIIntNumberGet)
                  2000c574    0000004c     simplelink.a : driver.obj (.text:_SlDrvProtectAsyncRespSetting)
                  2000c5c0    0000004c     rtsv7M4_T_le_eabi.lib : fflush.c.obj (.text:__TI_doflush)
                  2000c60c    0000004c     simplelink.a : socket.obj (.text:_sl_BuildAddress)
                  2000c658    0000004c     rtsv7M4_T_le_eabi.lib : atoi.c.obj (.text:atoi)
                  2000c6a4    0000004c     driverlib.a : udma.obj (.text:uDMAChannelAssign)
                  2000c6f0    00000048                 : gpio.obj (.text:GPIOGetIntNumber)
                  2000c738    00000048                 : spi.obj (.text:SPIIntClear)
                  2000c780    00000048     simplelink.a : driver.obj (.text:_SlDrvBasicCmd)
                  2000c7c8    00000048     rtsv7M4_T_le_eabi.lib : exit.c.obj (.text:exit)
                  2000c810    00000048                           : fd_toi_t2.asm.obj (.text)
                  2000c858    00000044                           : hostclose.c.obj (.text:HOSTclose)
                  2000c89c    00000044                           : hostunlink.c.obj (.text:HOSTunlink)
                  2000c8e0    00000044     driverlib.a : spi.obj (.text:SPIDmaMaskGet)
                  2000c924    00000044                 : timer.obj (.text:TimerConfigure)
                  2000c968    00000044     simplelink.a : driver.obj (.text:_SlDrvHandleHttpServerEvents)
                  2000c9ac    00000044                  : driver.obj (.text:_SlDrvSyncObjWaitTimeout)
                  2000c9f0    00000044     rtsv7M4_T_le_eabi.lib : autoinit.c.obj (.text:__TI_auto_init_nobinit_nopinit:__TI_auto_init_nobinit_nopinit)
                  2000ca34    00000044     simplelink.a : cc_pal.obj (.text:cc_SetupTransfer)
                  2000ca78    00000044     rtsv7M4_T_le_eabi.lib : getdevice.c.obj (.text:getdevice)
                  2000cabc    00000042     simplelink.a : socket.obj (.text:sl_Htonl)
                  2000cafe    00000002     --HOLE-- [fill = 0]
                  2000cb00    00000040     driverlib.a : pin.obj (.text:PinModeSet)
                  2000cb40    00000040     simplelink.a : driver.obj (.text:_SlDrvHandleNetAppEvents)
                  2000cb80    00000040                  : driver.obj (.text:_SlDrvHandleWlanEvents)
                  2000cbc0    00000040                  : socket.obj (.text:_sl_TruncatePayloadByProtocol)
                  2000cc00    00000040     rtsv7M4_T_le_eabi.lib : sprintf.c.obj (.text:sprintf)
                  2000cc40    00000040                           : vsnprintf.c.obj (.text:vsnprintf)
                  2000cc80    0000003e     simplelink.a : cc_pal.obj (.text:NwpRegisterInterruptHandler)
                  2000ccbe    0000003e     rtsv7M4_T_le_eabi.lib : _printfi.c.obj (.text:_fcpy)
                  2000ccfc    0000003c     simplelink.a : netapp.obj (.text:CopyPingResultsToReport)
                  2000cd38    0000003c     driverlib.a : prcm.obj (.text:PRCMPeripheralClkEnable)
                  2000cd74    0000003c     simplelink.a : cc_pal.obj (.text:simplelink_timerA2_start)
                  2000cdb0    0000003c                  : socket.obj (.text:sl_Htons)
                  2000cdec    0000003c     driverlib.a : udma.obj (.text:uDMAChannelControlSet)
                  2000ce28    00000038     simplelink.a : cc_pal.obj (.text:NwpPowerOff)
                  2000ce60    00000038     rtsv7M4_T_le_eabi.lib : trgmsg.c.obj (.text:__TI_writemsg)
                  2000ce98    00000038     simplelink.a : wlan.obj (.text:sl_WlanDisconnect)
                  2000ced0    00000036     driverlib.a : gpio.obj (.text:GPIODirModeSet)
                  2000cf06    00000036     rtsv7M4_T_le_eabi.lib : strncpy.c.obj (.text:strncpy)
                  2000cf3c    00000034     simplelink.a : cc_pal.obj (.text:NwpPowerOn)
                  2000cf70    00000034     driverlib.a : prcm.obj (.text:PRCMPeripheralStatusGet)
                  2000cfa4    00000034                 : spi.obj (.text:SPIFIFOLevelSet)
                  2000cfd8    00000034     rtsv7M4_T_le_eabi.lib : fopen.c.obj (.text:__TI_cleanup)
                  2000d00c    00000034                           : trgmsg.c.obj (.text:__TI_readmsg)
                  2000d040    00000030     driverlib.a : pin.obj (.text:PinTypeGPIO)
                  2000d070    00000030                 : uart.obj (.text:UARTDisable)
                  2000d0a0    00000030     rtsv7M4_T_le_eabi.lib : vsnprintf.c.obj (.text:_outs)
                  2000d0d0    00000030                           : getdevice.c.obj (.text:finddevice)
                  2000d100    0000002e                           : i_tofd_t2.asm.obj (.text)
                  2000d12e    00000002     --HOLE-- [fill = 0]
                  2000d130    0000002c     driverlib.a : prcm.obj (.text:PRCMSysResetCauseGet)
                  2000d15c    0000002c     simplelink.a : driver.obj (.text:_SlDrvObjGlobalLockWaitForever)
                  2000d188    0000002c                  : driver.obj (.text:_SlDrvProtectionObjLockWaitForever)
                  2000d1b4    0000002c     rtsv7M4_T_le_eabi.lib : unlink.c.obj (.text:unlink)
                  2000d1e0    0000002a     driverlib.a : timer.obj (.text:TimerLoadSet)
                  2000d20a    0000002a                 : timer.obj (.text:TimerPrescaleSet)
                  2000d234    00000028                 : prcm.obj (.text:PRCMPeripheralClkDisable)
                  2000d25c    00000028     simplelink.a : driver.obj (.text:_SlDrvGlobalObjUnLock)
                  2000d284    00000028                  : driver.obj (.text:_SlDrvProtectionObjUnLock)
                  2000d2ac    00000028                  : driver.obj (.text:_SlDrvSyncObjWaitForever)
                  2000d2d4    00000028     rtsv7M4_T_le_eabi.lib : memory.c.obj (.text:free_list_insert)
                  2000d2fc    00000028                           : lseek.c.obj (.text:lseek)
                  2000d324    00000028                           : memmov.c.obj (.text:memmove)
                  2000d34c    00000028                           : write.c.obj (.text:write)
                  2000d374    00000026     simplelink.a : driver.obj (.text:_SlDrvObjLockWaitForever)
                  2000d39a    00000026     network_common.obj (.text)
                  2000d3c0    00000024     simplelink.a : cc_pal.obj (.text:DmaSpiSwIntHandler)
                  2000d3e4    00000024     driverlib.a : interrupt.obj (.text:IntUnregister)
                  2000d408    00000024                 : uart.obj (.text:UARTEnable)
                  2000d42c    00000024     rtsv7M4_T_le_eabi.lib : boot_cortex_m.c.obj (.text:_c_int00_noargs:_c_int00_noargs)
                  2000d450    00000022     driverlib.a : spi.obj (.text:SPIReset)
                  2000d472    00000022                 : spi.obj (.text:SPIWordCountSet)
                  2000d494    00000020                 : gpio.obj (.text:GPIOPinWrite)
                  2000d4b4    00000020                 : interrupt.obj (.text:IntRegister)
                  2000d4d4    00000020     simplelink.a : cc_pal.obj (.text:NwpPrePowerOffTimout0)
                  2000d4f4    00000020                  : cc_pal.obj (.text:TimerGetCurrentTimestamp)
                  2000d514    00000020                  : driver.obj (.text:_SlDrvObjUnLock)
                  2000d534    00000020                  : driver.obj (.text:_SlDrvSyncObjSignal)
                  2000d554    00000020     rtsv7M4_T_le_eabi.lib : memchr.c.obj (.text:memchr)
                  2000d574    0000001e     driverlib.a : gpio.obj (.text:GPIOIntRegister)
                  2000d592    0000001e                 : timer.obj (.text:TimerEnable)
                  2000d5b0    0000001e                 : uart.obj (.text:UARTCharPut)
                  2000d5ce    0000001e     simplelink.a : cc_pal.obj (.text:cc_UDMAChannelSelect)
                  2000d5ec    0000001c     driverlib.a : timer.obj (.text:TimerValueGet)
                  2000d608    0000001c                 : uart.obj (.text:UARTCharGetNonBlocking)
                  2000d624    0000001c     simplelink.a : driver.obj (.text:_SlDrvStartMeasureTimeout)
                  2000d640    0000001c     rtsv7M4_T_le_eabi.lib : copy_zero_init.c.obj (.text:decompress:ZI:__TI_zero_init_nomemset:__TI_zero_init_nomemset)
                  2000d65c    0000001c                           : memory.c.obj (.text:free_list_remove)
                  2000d678    0000001c                           : memccpy.c.obj (.text:memccpy)
                  2000d694    0000001c     driverlib.a : udma.obj (.text:uDMAChannelEnable)
                  2000d6b0    0000001a                 : gpio.obj (.text:GPIOIntEnable)
                  2000d6ca    0000001a                 : pin.obj (.text:PinTypeUART)
                  2000d6e4    0000001a                 : spi.obj (.text:SPIDmaDisable)
                  2000d6fe    0000001a                 : spi.obj (.text:SPIDmaEnable)
                  2000d718    0000001a                 : spi.obj (.text:SPIFIFODisable)
                  2000d732    0000001a                 : spi.obj (.text:SPIFIFOEnable)
                  2000d74c    0000001a                 : spi.obj (.text:SPIIntUnregister)
                  2000d766    00000018                 : gpio.obj (.text:GPIOPinRead)
                  2000d77e    00000018                 : spi.obj (.text:SPICSDisable)
                  2000d796    00000018                 : spi.obj (.text:SPICSEnable)
                  2000d7ae    00000018                 : spi.obj (.text:SPIDisable)
                  2000d7c6    00000018                 : spi.obj (.text:SPIEnable)
                  2000d7de    00000018                 : uart.obj (.text:UARTCharsAvail)
                  2000d7f6    00000018     simplelink.a : nonos.obj (.text:_SlNonOsSemSet)
                  2000d80e    00000018     rtsv7M4_T_le_eabi.lib : vsnprintf.c.obj (.text:_outc)
                  2000d826    00000018                           : sprintf.c.obj (.text:_outs)
                  2000d83e    00000002     --HOLE-- [fill = 0]
                  2000d840    00000018     simplelink.a : device.obj (.text:_sl_GetStartResponseConvert)
                  2000d858    00000018     rtsv7M4_T_le_eabi.lib : strcmp.c.obj (.text:strcmp)
                  2000d870    00000016     driverlib.a : prcm.obj (.text:PRCMHIBRegRead)
                  2000d886    00000016                 : prcm.obj (.text:PRCMHIBRegWrite)
                  2000d89c    00000016     simplelink.a : driver.obj (.text:_SlDrvMemZero)
                  2000d8b2    00000016     rtsv7M4_T_le_eabi.lib : strchr.c.obj (.text:strchr)
                  2000d8c8    00000014     driverlib.a : cpu.obj (.text:CPUcpsie)
                  2000d8dc    00000014                 : gpio.obj (.text:GPIOIntClear)
                  2000d8f0    00000014                 : interrupt.obj (.text:IntVTableBaseSet)
                  2000d904    00000014     rtsv7M4_T_le_eabi.lib : strcpy.c.obj (.text:strcpy)
                  2000d918    00000014                           : strlen.c.obj (.text:strlen)
                  2000d92c    00000012                           : wcslen.c.obj (.text:wcslen)
                  2000d93e    00000010     simplelink.a : driver.obj (.text:_SlDrvDispatchHttpServerEvents)
                  2000d94e    0000000e                  : driver.obj (.text:_SlDrvResetCmdExt)
                  2000d95c    0000000e     rtsv7M4_T_le_eabi.lib : copy_decompress_none.c.obj (.text:decompress:none:__TI_decompress_none)
                  2000d96a    0000000e     startup_ccs.obj (.text)
                  2000d978    0000000c     simplelink.a : cc_pal.obj (.text:NwpMaskInterrupt)
                  2000d984    0000000c                  : cc_pal.obj (.text:NwpUnMaskInterrupt)
                  2000d990    0000000c     rtsv7M4_T_le_eabi.lib : s_copysign.c.obj (.text:copysign)
                  2000d99c    0000000a     driverlib.a : interrupt.obj (.text:IntMasterEnable)
                  2000d9a6    0000000a     rtsv7M4_T_le_eabi.lib : sprintf.c.obj (.text:_outc)
                  2000d9b0    00000008                           : errno.c.obj (.text:__aeabi_errno_addr)
                  2000d9b8    00000008                           : memory.c.obj (.text:malloc)
                  2000d9c0    00000006     driverlib.a : utils.obj (.text:UtilsDelay)
                  2000d9c6    00000004     rtsv7M4_T_le_eabi.lib : printf.c.obj (.text:_outc)
                  2000d9ca    00000004                           : printf.c.obj (.text:_outs)
                  2000d9ce    00000004                           : pre_init.c.obj (.text:_system_pre_init)
                  2000d9d2    00000004                           : exit.c.obj (.text:abort:abort)

.const     0    2000d9d8    00000614     
                  2000d9d8    00000101     rtsv7M4_T_le_eabi.lib : ctype.c.obj (.const:.string:_ctypes_)
                  2000dad9    00000003     --HOLE-- [fill = 0]
                  2000dadc    00000100     driverlib.a : pin.obj (.const:g_ulPinToPadMap)
                  2000dbdc    000000d4                 : interrupt.obj (.const:g_pulRegs)
                  2000dcb0    000000a8                 : prcm.obj (.const:PRCM_PeriphRegsList)
                  2000dd58    0000003c     simplelink.a : driver.obj (.const:OpcodeTranslateTable)
                  2000dd94    00000038                  : driver.obj (.const:_SlActionLookupTable)
                  2000ddcc    0000002e     main.obj (.const:.string)
                  2000ddfa    00000002     --HOLE-- [fill = 0]
                  2000ddfc    0000002c     main.obj (.const:$P$T1$2)
                  2000de28    00000024     driverlib.a : spi.obj (.const:g_ppulSPIIntMap)
                  2000de4c    00000022     main.obj (.const:.string:$P$T0$1)
                  2000de6e    00000002     --HOLE-- [fill = 0]
                  2000de70    00000020     simplelink.a : driver.obj (.const:RxMsgClassLUT)
                  2000de90    00000018     driverlib.a : interrupt.obj (.const:g_pulDisRegs)
                  2000dea8    00000018                 : interrupt.obj (.const:g_pulEnRegs)
                  2000dec0    00000018                 : interrupt.obj (.const:g_pulUnpendRegs)
                  2000ded8    00000018                 : spi.obj (.const:g_ulSPIDmaMaskMap)
                  2000def0    00000015     main.obj (.const:.string:$P$T6$7)
                  2000df05    00000003     --HOLE-- [fill = 0]
                  2000df08    00000014     simplelink.a : driver.obj (.const:$P$T0$1)
                  2000df1c    00000014                  : nonos.obj (.const:$P$T0$1)
                  2000df30    00000014     main.obj (.const:$P$T2$3)
                  2000df44    00000010     simplelink.a : socket.obj (.const:.string:_SlPayloadByProtocolLUT)
                  2000df54    0000000c     main.obj (.const:$P$T4$5)
                  2000df60    0000000c     main.obj (.const:.string:$P$T3$4)
                  2000df6c    00000009     main.obj (.const:.string:$P$T5$6)
                  2000df75    00000008     simplelink.a : device.obj (.const:StartResponseLUT)
                  2000df7d    00000003     --HOLE-- [fill = 0]
                  2000df80    00000008                  : driver.obj (.const:g_H2NCnysPattern)
                  2000df88    00000008                  : driver.obj (.const:g_H2NSyncPattern)
                  2000df90    00000005     main.obj (.const:.string:$P$T7$8)
                  2000df95    00000001     --HOLE-- [fill = 0]
                  2000df96    00000004     simplelink.a : wlan.obj (.const:$P$T0$1)
                  2000df9a    00000004                  : socket.obj (.const:$P$T2$3)
                  2000df9e    00000004                  : device.obj (.const:_SlDeviceGetCmdCtrl)
                  2000dfa2    00000004                  : device.obj (.const:_SlDeviceSetCmdCtrl)
                  2000dfa6    00000004                  : netapp.obj (.const:_SlGetHostByNameCtrl)
                  2000dfaa    00000004                  : netapp.obj (.const:_SlNetAppSendTokenValueCmdCtrl)
                  2000dfae    00000004                  : netcfg.obj (.const:_SlNetCfgSetCmdCtrl)
                  2000dfb2    00000004                  : wlan.obj (.const:_SlPolicySetCmdCtrl)
                  2000dfb6    00000004                  : wlan.obj (.const:_SlProfileDelCmdCtrl)
                  2000dfba    00000004                  : socket.obj (.const:_SlRecvCmdCtrl)
                  2000dfbe    00000004                  : netapp.obj (.const:_SlRegisterServiceCtrl)
                  2000dfc2    00000004                  : wlan.obj (.const:_SlRxFilterSetCmdCtrl)
                  2000dfc6    00000004                  : socket.obj (.const:_SlSendCmdCtrl)
                  2000dfca    00000004                  : socket.obj (.const:_SlSetSockOptCmdCtrl)
                  2000dfce    00000004                  : socket.obj (.const:_SlSockCloseCmdCtrl)
                  2000dfd2    00000004                  : socket.obj (.const:_SlSockSocketCmdCtrl)
                  2000dfd6    00000004                  : device.obj (.const:_SlStopCmdCtrl)
                  2000dfda    00000004                  : wlan.obj (.const:_SlWlanCfgSetCmdCtrl)
                  2000dfde    00000004                  : wlan.obj (.const:_SlWlanSetModeCmdCtrl)
                  2000dfe2    00000002     --HOLE-- [fill = 0]
                  2000dfe4    00000004                  : driver.obj (.const:httpServer_callbacks)
                  2000dfe8    00000004                  : driver.obj (.const:netApp_callbacks)

.cinit     0    2000dff0    000000b8     
                  2000dff0    00000091     (.cinit..data.load) [load image, compression = lzss]
                  2000e081    00000003     --HOLE-- [fill = 0]
                  2000e084    0000000c     (__TI_handler_table)
                  2000e090    00000008     (.cinit..bss.load) [load image, compression = zero_init]
                  2000e098    00000010     (__TI_cinit_table)

.sysmem    0    20017000    00008000     UNINITIALIZED
                  20017000    00000010     rtsv7M4_T_le_eabi.lib : memory.c.obj (.sysmem)
                  20017010    00007ff0     --HOLE--

.bss       0    2001f000    000003e2     UNINITIALIZED
                  2001f000    00000168     simplelink.a : driver.obj (.bss:g_StatMem)
                  2001f168    00000120     rtsv7M4_T_le_eabi.lib : trgmsg.c.obj (.bss:_CIOBUF_)
                  2001f288    000000a0     (.common:__TI_tmpnams)
                  2001f328    00000050     (.common:g_ucDinDout)
                  2001f378    0000002c     (.common:g_time)
                  2001f3a4    00000024     (.common:g_ucConnectionSSID)
                  2001f3c8    00000008     (.common:g_ucConnectionBSSID)
                  2001f3d0    00000008     (.common:parmbuf)
                  2001f3d8    00000004     uart_if.obj (.bss)
                  2001f3dc    00000001     (.common:RxIrqCnt)
                  2001f3dd    00000001     (.common:g_bDeviceRestartIsRequired)
                  2001f3de    00000001     (.common:g_cDummy)
                  2001f3df    00000001     (.common:g_ucLED1Pin)
                  2001f3e0    00000001     (.common:g_ucLED2Pin)
                  2001f3e1    00000001     (.common:g_ucLED3Pin)

.data      0    2001f3e4    00000274     UNINITIALIZED
                  2001f3e4    000000f0     rtsv7M4_T_le_eabi.lib : defs.c.obj (.data:_ftable)
                  2001f4d4    00000078                           : host_device.c.obj (.data:_device)
                  2001f54c    00000050                           : host_device.c.obj (.data:_stream)
                  2001f59c    0000003c     simplelink.a : nonos.obj (.data:g__SlNonOsCB)
                  2001f5d8    00000014     gpio_if.obj (.data:ulReg)
                  2001f5ec    00000010     main.obj (.data)
                  2001f5fc    00000010     rtsv7M4_T_le_eabi.lib : defs.c.obj (.data)
                  2001f60c    0000000d     simplelink.a : driver.obj (.data)
                  2001f619    00000003     --HOLE--
                  2001f61c    0000000c     rtsv7M4_T_le_eabi.lib : exit.c.obj (.data:$O1$$)
                  2001f628    0000000c     gpio_if.obj (.data)
                  2001f634    00000009     simplelink.a : cc_pal.obj (.data)
                  2001f63d    00000003     --HOLE--
                  2001f640    00000008     rtsv7M4_T_le_eabi.lib : _lock.c.obj (.data:$O1$$)
                  2001f648    00000008                           : memory.c.obj (.data:$O1$$)
                  2001f650    00000004                           : errno.c.obj (.data)
                  2001f654    00000004     simplelink.a : driver.obj (.data:wlan_callbacks)

.stack     0    2002f000    00001000     UNINITIALIZED
                  2002f000    00000004     rtsv7M4_T_le_eabi.lib : boot_cortex_m.c.obj (.stack)
                  2002f004    00000ffc     --HOLE--

__llvm_prf_cnts 
*          0    20017000    00000000     UNINITIALIZED

MODULE SUMMARY

       Module                       code    ro data   rw data
       ------                       ----    -------   -------
    .\
       main.obj                     5100    203       104    
       startup_ccs.obj              14      1024      0      
       gpio_if.obj                  920     0         35     
       uart_if.obj                  636     0         4      
       pinmux.obj                   88      0         0      
       network_common.obj           38      0         0      
    +--+----------------------------+-------+---------+---------+
       Total:                       6796    1227      143    
                                                             
    C:/ti/CC3200SDK_1.5.0/cc3200-sdk/driverlib/ccs/Release/driverlib.a
       prcm.obj                     852     168       0      
       interrupt.obj                608     284       0      
       spi.obj                      798     60        0      
       udma.obj                     604     0         0      
       pin.obj                      274     256       0      
       gpio.obj                     388     0         0      
       uart.obj                     284     0         0      
       timer.obj                    210     0         0      
       cpu.obj                      20      0         0      
       utils.obj                    6       0         0      
    +--+----------------------------+-------+---------+---------+
       Total:                       4044    768       0      
                                                             
    C:/ti/CC3200SDK_1.5.0/cc3200-sdk/simplelink/ccs/NON_OS_debug/simplelink.a
       driver.obj                   7906    192       379    
       cc_pal.obj                   1960    0         90     
       socket.obj                   1830    40        0      
       netapp.obj                   1572    12        0      
       wlan.obj                     1316    24        0      
       device.obj                   1234    20        0      
       nonos.obj                    416     20        60     
       netcfg.obj                   152     4         0      
    +--+----------------------------+-------+---------+---------+
       Total:                       16386   312       529    
                                                             
    C:\ti\ccs1220\ccs\tools\compiler\ti-cgt-arm_20.2.7.LTS\lib\rtsv7M4_T_le_eabi.lib
       _printfi.c.obj               4835    0         0      
       memory.c.obj                 900     0         8      
       fd_add_t2.asm.obj            438     0         0      
       defs.c.obj                   0       0         416    
       trgmsg.c.obj                 108     0         288    
       fd_div_t2.asm.obj            310     0         0      
       fputs.c.obj                  276     0         0      
       fd_cmp_t2.asm.obj            268     0         0      
       ctype.c.obj                  0       257       0      
       fd_mul_t2.asm.obj            252     0         0      
       setvbuf.c.obj                220     0         0      
       s_scalbn.c.obj               208     0         0      
       host_device.c.obj            0       0         200    
       memcpy_t2.asm.obj            156     0         0      
       ull_div_t2.asm.obj           150     0         0      
       fputc.c.obj                  140     0         0      
       vsnprintf.c.obj              136     0         0      
       memset_t2.asm.obj            122     0         0      
       fclose.c.obj                 116     0         0      
       getdevice.c.obj              116     0         0      
       printf.c.obj                 112     0         0      
       hostrename.c.obj             108     0         0      
       copy_decompress_lzss.c.obj   104     0         0      
       hostlseek.c.obj              104     0         0      
       hostopen.c.obj               96      0         8      
       fseek.c.obj                  100     0         0      
       _io_perm.c.obj               98      0         0      
       sprintf.c.obj                98      0         0      
       close.c.obj                  92      0         0      
       s_frexp.c.obj                92      0         0      
       exit.c.obj                   76      0         12     
       hostread.c.obj               88      0         0      
       hostwrite.c.obj              88      0         0      
       _ltoa.c.obj                  84      0         0      
       atoi.c.obj                   76      0         0      
       fflush.c.obj                 76      0         0      
       fd_toi_t2.asm.obj            72      0         0      
       autoinit.c.obj               68      0         0      
       hostclose.c.obj              68      0         0      
       hostunlink.c.obj             68      0         0      
       strncpy.c.obj                54      0         0      
       fopen.c.obj                  52      0         0      
       i_tofd_t2.asm.obj            46      0         0      
       unlink.c.obj                 44      0         0      
       lseek.c.obj                  40      0         0      
       memmov.c.obj                 40      0         0      
       write.c.obj                  40      0         0      
       boot_cortex_m.c.obj          36      0         0      
       memchr.c.obj                 32      0         0      
       copy_zero_init.c.obj         28      0         0      
       memccpy.c.obj                28      0         0      
       strcmp.c.obj                 24      0         0      
       strchr.c.obj                 22      0         0      
       strcpy.c.obj                 20      0         0      
       strlen.c.obj                 20      0         0      
       wcslen.c.obj                 18      0         0      
       copy_decompress_none.c.obj   14      0         0      
       errno.c.obj                  8       0         4      
       s_copysign.c.obj             12      0         0      
       _lock.c.obj                  2       0         8      
       pre_init.c.obj               4       0         0      
       div0.asm.obj                 2       0         0      
    +--+----------------------------+-------+---------+---------+
       Total:                       11105   257       944    
                                                             
       Heap:                        0       0         32768  
       Stack:                       0       0         4096   
       Linker Generated:            0       181       0      
    +--+----------------------------+-------+---------+---------+
       Grand Total:                 38331   2745      38480  


LINKER GENERATED COPY TABLES

__TI_cinit_table @ 2000e098 records: 2, size/record: 8, table size: 16
	.data: load addr=2000dff0, load size=00000091 bytes, run addr=2001f3e4, run size=00000274 bytes, compression=lzss
	.bss: load addr=2000e090, load size=00000008 bytes, run addr=2001f000, run size=000003e2 bytes, compression=zero_init


LINKER GENERATED HANDLER TABLE

__TI_handler_table @ 2000e084 records: 3, size/record: 4, table size: 12
	index: 0, handler: __TI_decompress_lzss
	index: 1, handler: __TI_decompress_none
	index: 2, handler: __TI_zero_init


GLOBAL SYMBOLS: SORTED ALPHABETICALLY BY Name 

address   name                                  
-------   ----                                  
2000d9d3  C$$EXIT                               
2000ce8f  C$$IO$$                               
2000d8c9  CPUcpsie                              
20006e25  ClearTerm                             
2000d3c1  DmaSpiSwIntHandler                    
20006e2f  Error                                 
2000ced1  GPIODirModeSet                        
2000d8dd  GPIOIntClear                          
2000d6b1  GPIOIntEnable                         
2000d575  GPIOIntRegister                       
2000b431  GPIOIntTypeSet                        
2000d767  GPIOPinRead                           
2000d495  GPIOPinWrite                          
20006a8d  GPIO_IF_ConfigureNIntEnable           
20006b19  GPIO_IF_Get                           
20006a47  GPIO_IF_GetPortNPin                   
20006809  GPIO_IF_LedConfigure                  
200068fb  GPIO_IF_LedOff                        
20006847  GPIO_IF_LedOn                         
200069af  GPIO_IF_LedStatus                     
20006a19  GPIO_IF_LedToggle                     
20006ad5  GPIO_IF_Set                           
20006e67  GetCmd                                
2000c859  HOSTclose                             
2000baad  HOSTlseek                             
2000bea1  HOSTopen                              
2000c0d9  HOSTread                              
2000b969  HOSTrename                            
2000c89d  HOSTunlink                            
2000c131  HOSTwrite                             
20006de5  InitTerm                              
2000a40d  IntDisable                            
2000a4b5  IntEnable                             
2000d99d  IntMasterEnable                       
2000c189  IntPendClear                          
2000c2e9  IntPrioritySet                        
2000d4b5  IntRegister                           
2000d3e5  IntUnregister                         
2000d8f1  IntVTableBaseSet                      
20006e03  Message                               
2000d979  NwpMaskInterrupt                      
2000ce29  NwpPowerOff                           
2000cf3d  NwpPowerOn                            
2000b329  NwpPowerOnPreamble                    
2000d4d5  NwpPrePowerOffTimout0                 
2000cc81  NwpRegisterInterruptHandler           
2000d985  NwpUnMaskInterrupt                    
2000dd58  OpcodeTranslateTable                  
200082b5  PRCMCC3200MCUInit                     
2000d871  PRCMHIBRegRead                        
2000d887  PRCMHIBRegWrite                       
2000d235  PRCMPeripheralClkDisable              
2000cd39  PRCMPeripheralClkEnable               
2000ac09  PRCMPeripheralClockGet                
2000c1e1  PRCMPeripheralReset                   
2000cf71  PRCMPeripheralStatusGet               
2000d131  PRCMSysResetCauseGet                  
2000b195  PinConfigSet                          
2000cb01  PinModeSet                            
2000c239  PinMuxConfig                          
2000d041  PinTypeGPIO                           
2000d6cb  PinTypeUART                           
20006fa5  Report                                
2000d96b  ResetISR                              
2001f3dc  RxIrqCnt                              
2000d77f  SPICSDisable                          
2000d797  SPICSEnable                           
2000a601  SPIConfigSetExpClk                    
2000d7af  SPIDisable                            
2000d6e5  SPIDmaDisable                         
2000d6ff  SPIDmaEnable                          
2000d7c7  SPIEnable                             
2000d719  SPIFIFODisable                        
2000d733  SPIFIFOEnable                         
2000cfa5  SPIFIFOLevelSet                       
2000c739  SPIIntClear                           
2000c4dd  SPIIntEnable                          
2000d74d  SPIIntUnregister                      
2000d451  SPIReset                              
2000d473  SPIWordCountSet                       
200045d5  SimpleLinkGeneralEventHandler         
200045b1  SimpleLinkHttpServerCallback          
2000450f  SimpleLinkNetAppEventHandler          
200045f5  SimpleLinkSockEventHandler            
20004401  SimpleLinkWlanEventHandler            
2000c925  TimerConfigure                        
2000d593  TimerEnable                           
2000d4f5  TimerGetCurrentTimestamp              
2000d1e1  TimerLoadSet                          
2000d20b  TimerPrescaleSet                      
2000d5ed  TimerValueGet                         
20006f0d  TrimSpace                             
2000d609  UARTCharGetNonBlocking                
2000d5b1  UARTCharPut                           
2000d7df  UARTCharsAvail                        
2000b729  UARTConfigSetExpClk                   
2000d071  UARTDisable                           
2000d409  UARTEnable                            
2000d9c1  UtilsDelay                            
2000dd94  _SlActionLookupTable                  
2000a55d  _SlDriverHandleError                  
2000c781  _SlDrvBasicCmd                        
2000a1e9  _SlDrvCmdOp                           
2000b9d5  _SlDrvCmdSend                         
20007511  _SlDrvDataReadOp                      
2000859d  _SlDrvDataWriteOp                     
2000a7dd  _SlDrvDeviceEventHandler              
2000d93f  _SlDrvDispatchHttpServerEvents        
20008e65  _SlDrvDriverCBDeinit                  
20007c49  _SlDrvDriverCBInit                    
2000d25d  _SlDrvGlobalObjUnLock                 
2000c969  _SlDrvHandleHttpServerEvents          
2000cb41  _SlDrvHandleNetAppEvents              
2000cb81  _SlDrvHandleWlanEvents                
2000af65  _SlDrvIsTimeoutExpired                
2000d89d  _SlDrvMemZero                         
20009971  _SlDrvMsgReadSpawnCtx                 
200091c9  _SlDrvNetAppEventHandler              
2000d375  _SlDrvObjLockWaitForever              
2000d515  _SlDrvObjUnLock                       
2000c575  _SlDrvProtectAsyncRespSetting         
2000d189  _SlDrvProtectionObjLockWaitForever    
2000d285  _SlDrvProtectionObjUnLock             
200076f5  _SlDrvReleasePoolObj                  
2000d94f  _SlDrvResetCmdExt                     
2000c33d  _SlDrvRxIrqHandler                    
2000d625  _SlDrvStartMeasureTimeout             
2000d535  _SlDrvSyncObjSignal                   
2000d2ad  _SlDrvSyncObjWaitForever              
2000c9ad  _SlDrvSyncObjWaitTimeout              
20007f99  _SlDrvWaitForPoolObj                  
2000dfaa  _SlNetAppSendTokenValueCmdCtrl        
2000b7a1  _SlNonOsMainLoopTask                  
2000a35d  _SlNonOsSemGet                        
2000d7f7  _SlNonOsSemSet                        
2000bbe5  _SlNonOsSpawn                         
2001f168  __CIOBUF_                             
20030000  __STACK_END                           
00001000  __STACK_SIZE                          
00008000  __SYSMEM_SIZE                         
2000e098  __TI_CINIT_Base                       
2000e0a8  __TI_CINIT_Limit                      
2000e084  __TI_Handler_Table_Base               
2000e090  __TI_Handler_Table_Limit              
2000c9f1  __TI_auto_init_nobinit_nopinit        
2000cfd9  __TI_cleanup                          
2001f61c  __TI_cleanup_ptr                      
2000b815  __TI_closefile                        
2000bb15  __TI_decompress_lzss                  
2000d95d  __TI_decompress_none                  
2000c5c1  __TI_doflush                          
2001f620  __TI_dtors_ptr                        
2001f624  __TI_enable_exit_profile_output       
2001f5fc  __TI_ft_end                           
2000c391  __TI_ltoa                             
ffffffff  __TI_pprof_out_hndl                   
200057ed  __TI_printfi                          
ffffffff  __TI_prof_data_size                   
ffffffff  __TI_prof_data_start                  
2000d00d  __TI_readmsg                          
2000dff0  __TI_static_base__                    
2001f288  __TI_tmpnams                          
2000ce61  __TI_writemsg                         
2000be3d  __TI_wrt_ok                           
2000d641  __TI_zero_init_nomemset               
2000b21d  __aeabi_cdcmpeq                       
2000b21d  __aeabi_cdcmple                       
2000b2a3  __aeabi_cdrcmple                      
2000c811  __aeabi_d2iz                          
20007a9b  __aeabi_dadd                          
20008bf9  __aeabi_ddiv                          
200093cd  __aeabi_dmul                          
20007a91  __aeabi_dsub                          
2000d9b1  __aeabi_errno_addr                    
2000d101  __aeabi_i2d                           
20008d2f  __aeabi_idiv0                         
20008d2f  __aeabi_ldiv0                         
2000b635  __aeabi_memclr                        
2000b635  __aeabi_memclr4                       
2000b635  __aeabi_memclr8                       
2000a741  __aeabi_memcpy                        
2000a741  __aeabi_memcpy4                       
2000a741  __aeabi_memcpy8                       
2000b637  __aeabi_memset                        
2000b637  __aeabi_memset4                       
2000b637  __aeabi_memset8                       
2001f608  __aeabi_stderr                        
2001f600  __aeabi_stdin                         
2001f604  __aeabi_stdout                        
2000ab71  __aeabi_uldivmod                      
ffffffff  __binit__                             
ffffffff  __c_args__                            
UNDEFED   __mpu_init                            
2002f000  __stack                               
20017000  __start___llvm_prf_cnts               
20017000  __stop___llvm_prf_cnts                
2000d42d  _c_int00_noargs                       
2000d9d8  _ctypes_                              
2001f4d4  _device                               
2001f3e4  _ftable                               
2001f640  _lock                                 
20007c47  _nop                                  
2000bc49  _sl_HandleAsync_Accept                
2000b4b5  _sl_HandleAsync_Connect               
2000ac9d  _sl_HandleAsync_DnsGetHostByName      
20009f8d  _sl_HandleAsync_DnsGetHostByService   
2000aff1  _sl_HandleAsync_InitComplete          
2000ad2d  _sl_HandleAsync_PingResponse          
2000c3e5  _sl_HandleAsync_Select                
2000c48d  _sl_HandleAsync_Stop                  
2000ba41  _sl_NetAppSendTokenValue              
2001f54c  _stream                               
20017000  _sys_memory                           
UNDEFED   _system_post_cinit                    
2000d9cf  _system_pre_init                      
2001f644  _unlock                               
2000d9d3  abort                                 
200092cd  aligned_alloc                         
2000c659  atoi                                  
ffffffff  binit                                 
2000c021  close                                 
2000d991  copysign                              
2000d991  copysignl                             
2001f650  errno                                 
2000c7c9  exit                                  
2000d0d1  finddevice                            
2000b07d  fputc                                 
200090b5  fputs                                 
20009a59  free                                  
2000c07d  frexp                                 
2000c07d  frexpl                                
2000bcad  fseek                                 
2001f5f8  g_Host                                
2001f60c  g_SlDeviceStatus                      
2001f634  g_SpiFd                               
2001f59c  g__SlNonOsCB                          
2001f3dd  g_bDeviceRestartIsRequired            
2001f3de  g_cDummy                              
2001f610  g_pCB                                 
2001f638  g_pHostIntHdl                         
20004000  g_pfnVectors                          
2001f378  g_time                                
2001f3c8  g_ucConnectionBSSID                   
2001f3a4  g_ucConnectionSSID                    
2001f63c  g_ucDMAEnabled                        
2001f328  g_ucDinDout                           
2001f3df  g_ucLED1Pin                           
2001f3e0  g_ucLED2Pin                           
2001f3e1  g_ucLED3Pin                           
2001f628  g_uiLED1Port                          
2001f62c  g_uiLED2Port                          
2001f630  g_uiLED3Port                          
2001f5f4  g_ulGatewayIP                         
2001f5f0  g_ulPingPacketsRecv                   
2001f5ec  g_ulStatus                            
2000ca79  getdevice                             
20009ebd  ldexp                                 
20009ebd  ldexpl                                
2000d2fd  lseek                                 
200050bd  main                                  
2000d9b9  malloc                                
200092cd  memalign                              
2000d679  memccpy                               
2000d555  memchr                                
2000a741  memcpy                                
2000d325  memmove                               
2000b63d  memset                                
2001f614  pPingCallBackFunc                     
2001f3d0  parmbuf                               
20004dd7  printErrConvenience                   
2000bb7d  printf                                
2000b07d  putc                                  
20009b3d  realloc                               
2000d1b5  remove                                
20009ebd  scalbn                                
20009ebd  scalbnl                               
20009de1  setvbuf                               
2000cd75  simplelink_timerA2_start              
2000bf01  sl_Close                              
20008129  sl_Connect                            
2000a059  sl_DevGet                             
2000a879  sl_DevSet                             
2000cabd  sl_Htonl                              
2000cdb1  sl_Htons                              
20008979  sl_NetAppDnsGetHostByName             
20009c21  sl_NetAppMDNSRegisterUnregisterService
2000bd11  sl_NetAppMDNSUnRegisterService        
2000a911  sl_NetCfgSet                          
2000d39b  sl_Provisioning_HttpServerEventHdl    
2000d3a9  sl_Provisioning_NetAppEventHdl        
2000d3b5  sl_Provisioning_WlanEventHdl          
2000a6a1  sl_Recv                               
20008d31  sl_Send                               
2000a9a9  sl_SetSockOpt                         
2000b109  sl_Socket                             
200094c9  sl_Start                              
200095b9  sl_Stop                               
20006b65  sl_WlanConnect                        
2000ce99  sl_WlanDisconnect                     
2000adbd  sl_WlanPolicySet                      
2000bf61  sl_WlanProfileDel                     
2000b3ad  sl_WlanRxFilterSet                    
2000aa41  sl_WlanSet                            
2000bfc1  sl_WlanSetMode                        
2000b6b1  spi_Close                             
200086ed  spi_Open                              
200096a9  spi_Read                              
2000aad9  spi_Write                             
2000cc01  sprintf                               
2000d8b3  strchr                                
2000d859  strcmp                                
2000d905  strcpy                                
2000d919  strlen                                
2000cf07  strncpy                               
2000c6a5  uDMAChannelAssign                     
2000bd75  uDMAChannelAttributeDisable           
2000bdd9  uDMAChannelAttributeEnable            
2000cded  uDMAChannelControlSet                 
2000d695  uDMAChannelEnable                     
20009799  uDMAChannelTransferSet                
2000d1b5  unlink                                
2000cc41  vsnprintf                             
2000d92d  wcslen                                
2000d34d  write                                 


GLOBAL SYMBOLS: SORTED BY Symbol Address 

address   name                                  
-------   ----                                  
00001000  __STACK_SIZE                          
00008000  __SYSMEM_SIZE                         
20004000  g_pfnVectors                          
20004401  SimpleLinkWlanEventHandler            
2000450f  SimpleLinkNetAppEventHandler          
200045b1  SimpleLinkHttpServerCallback          
200045d5  SimpleLinkGeneralEventHandler         
200045f5  SimpleLinkSockEventHandler            
20004dd7  printErrConvenience                   
200050bd  main                                  
200057ed  __TI_printfi                          
20006809  GPIO_IF_LedConfigure                  
20006847  GPIO_IF_LedOn                         
200068fb  GPIO_IF_LedOff                        
200069af  GPIO_IF_LedStatus                     
20006a19  GPIO_IF_LedToggle                     
20006a47  GPIO_IF_GetPortNPin                   
20006a8d  GPIO_IF_ConfigureNIntEnable           
20006ad5  GPIO_IF_Set                           
20006b19  GPIO_IF_Get                           
20006b65  sl_WlanConnect                        
20006de5  InitTerm                              
20006e03  Message                               
20006e25  ClearTerm                             
20006e2f  Error                                 
20006e67  GetCmd                                
20006f0d  TrimSpace                             
20006fa5  Report                                
20007511  _SlDrvDataReadOp                      
200076f5  _SlDrvReleasePoolObj                  
20007a91  __aeabi_dsub                          
20007a9b  __aeabi_dadd                          
20007c47  _nop                                  
20007c49  _SlDrvDriverCBInit                    
20007f99  _SlDrvWaitForPoolObj                  
20008129  sl_Connect                            
200082b5  PRCMCC3200MCUInit                     
2000859d  _SlDrvDataWriteOp                     
200086ed  spi_Open                              
20008979  sl_NetAppDnsGetHostByName             
20008bf9  __aeabi_ddiv                          
20008d2f  __aeabi_idiv0                         
20008d2f  __aeabi_ldiv0                         
20008d31  sl_Send                               
20008e65  _SlDrvDriverCBDeinit                  
200090b5  fputs                                 
200091c9  _SlDrvNetAppEventHandler              
200092cd  aligned_alloc                         
200092cd  memalign                              
200093cd  __aeabi_dmul                          
200094c9  sl_Start                              
200095b9  sl_Stop                               
200096a9  spi_Read                              
20009799  uDMAChannelTransferSet                
20009971  _SlDrvMsgReadSpawnCtx                 
20009a59  free                                  
20009b3d  realloc                               
20009c21  sl_NetAppMDNSRegisterUnregisterService
20009de1  setvbuf                               
20009ebd  ldexp                                 
20009ebd  ldexpl                                
20009ebd  scalbn                                
20009ebd  scalbnl                               
20009f8d  _sl_HandleAsync_DnsGetHostByService   
2000a059  sl_DevGet                             
2000a1e9  _SlDrvCmdOp                           
2000a35d  _SlNonOsSemGet                        
2000a40d  IntDisable                            
2000a4b5  IntEnable                             
2000a55d  _SlDriverHandleError                  
2000a601  SPIConfigSetExpClk                    
2000a6a1  sl_Recv                               
2000a741  __aeabi_memcpy                        
2000a741  __aeabi_memcpy4                       
2000a741  __aeabi_memcpy8                       
2000a741  memcpy                                
2000a7dd  _SlDrvDeviceEventHandler              
2000a879  sl_DevSet                             
2000a911  sl_NetCfgSet                          
2000a9a9  sl_SetSockOpt                         
2000aa41  sl_WlanSet                            
2000aad9  spi_Write                             
2000ab71  __aeabi_uldivmod                      
2000ac09  PRCMPeripheralClockGet                
2000ac9d  _sl_HandleAsync_DnsGetHostByName      
2000ad2d  _sl_HandleAsync_PingResponse          
2000adbd  sl_WlanPolicySet                      
2000af65  _SlDrvIsTimeoutExpired                
2000aff1  _sl_HandleAsync_InitComplete          
2000b07d  fputc                                 
2000b07d  putc                                  
2000b109  sl_Socket                             
2000b195  PinConfigSet                          
2000b21d  __aeabi_cdcmpeq                       
2000b21d  __aeabi_cdcmple                       
2000b2a3  __aeabi_cdrcmple                      
2000b329  NwpPowerOnPreamble                    
2000b3ad  sl_WlanRxFilterSet                    
2000b431  GPIOIntTypeSet                        
2000b4b5  _sl_HandleAsync_Connect               
2000b635  __aeabi_memclr                        
2000b635  __aeabi_memclr4                       
2000b635  __aeabi_memclr8                       
2000b637  __aeabi_memset                        
2000b637  __aeabi_memset4                       
2000b637  __aeabi_memset8                       
2000b63d  memset                                
2000b6b1  spi_Close                             
2000b729  UARTConfigSetExpClk                   
2000b7a1  _SlNonOsMainLoopTask                  
2000b815  __TI_closefile                        
2000b969  HOSTrename                            
2000b9d5  _SlDrvCmdSend                         
2000ba41  _sl_NetAppSendTokenValue              
2000baad  HOSTlseek                             
2000bb15  __TI_decompress_lzss                  
2000bb7d  printf                                
2000bbe5  _SlNonOsSpawn                         
2000bc49  _sl_HandleAsync_Accept                
2000bcad  fseek                                 
2000bd11  sl_NetAppMDNSUnRegisterService        
2000bd75  uDMAChannelAttributeDisable           
2000bdd9  uDMAChannelAttributeEnable            
2000be3d  __TI_wrt_ok                           
2000bea1  HOSTopen                              
2000bf01  sl_Close                              
2000bf61  sl_WlanProfileDel                     
2000bfc1  sl_WlanSetMode                        
2000c021  close                                 
2000c07d  frexp                                 
2000c07d  frexpl                                
2000c0d9  HOSTread                              
2000c131  HOSTwrite                             
2000c189  IntPendClear                          
2000c1e1  PRCMPeripheralReset                   
2000c239  PinMuxConfig                          
2000c2e9  IntPrioritySet                        
2000c33d  _SlDrvRxIrqHandler                    
2000c391  __TI_ltoa                             
2000c3e5  _sl_HandleAsync_Select                
2000c48d  _sl_HandleAsync_Stop                  
2000c4dd  SPIIntEnable                          
2000c575  _SlDrvProtectAsyncRespSetting         
2000c5c1  __TI_doflush                          
2000c659  atoi                                  
2000c6a5  uDMAChannelAssign                     
2000c739  SPIIntClear                           
2000c781  _SlDrvBasicCmd                        
2000c7c9  exit                                  
2000c811  __aeabi_d2iz                          
2000c859  HOSTclose                             
2000c89d  HOSTunlink                            
2000c925  TimerConfigure                        
2000c969  _SlDrvHandleHttpServerEvents          
2000c9ad  _SlDrvSyncObjWaitTimeout              
2000c9f1  __TI_auto_init_nobinit_nopinit        
2000ca79  getdevice                             
2000cabd  sl_Htonl                              
2000cb01  PinModeSet                            
2000cb41  _SlDrvHandleNetAppEvents              
2000cb81  _SlDrvHandleWlanEvents                
2000cc01  sprintf                               
2000cc41  vsnprintf                             
2000cc81  NwpRegisterInterruptHandler           
2000cd39  PRCMPeripheralClkEnable               
2000cd75  simplelink_timerA2_start              
2000cdb1  sl_Htons                              
2000cded  uDMAChannelControlSet                 
2000ce29  NwpPowerOff                           
2000ce61  __TI_writemsg                         
2000ce8f  C$$IO$$                               
2000ce99  sl_WlanDisconnect                     
2000ced1  GPIODirModeSet                        
2000cf07  strncpy                               
2000cf3d  NwpPowerOn                            
2000cf71  PRCMPeripheralStatusGet               
2000cfa5  SPIFIFOLevelSet                       
2000cfd9  __TI_cleanup                          
2000d00d  __TI_readmsg                          
2000d041  PinTypeGPIO                           
2000d071  UARTDisable                           
2000d0d1  finddevice                            
2000d101  __aeabi_i2d                           
2000d131  PRCMSysResetCauseGet                  
2000d189  _SlDrvProtectionObjLockWaitForever    
2000d1b5  remove                                
2000d1b5  unlink                                
2000d1e1  TimerLoadSet                          
2000d20b  TimerPrescaleSet                      
2000d235  PRCMPeripheralClkDisable              
2000d25d  _SlDrvGlobalObjUnLock                 
2000d285  _SlDrvProtectionObjUnLock             
2000d2ad  _SlDrvSyncObjWaitForever              
2000d2fd  lseek                                 
2000d325  memmove                               
2000d34d  write                                 
2000d375  _SlDrvObjLockWaitForever              
2000d39b  sl_Provisioning_HttpServerEventHdl    
2000d3a9  sl_Provisioning_NetAppEventHdl        
2000d3b5  sl_Provisioning_WlanEventHdl          
2000d3c1  DmaSpiSwIntHandler                    
2000d3e5  IntUnregister                         
2000d409  UARTEnable                            
2000d42d  _c_int00_noargs                       
2000d451  SPIReset                              
2000d473  SPIWordCountSet                       
2000d495  GPIOPinWrite                          
2000d4b5  IntRegister                           
2000d4d5  NwpPrePowerOffTimout0                 
2000d4f5  TimerGetCurrentTimestamp              
2000d515  _SlDrvObjUnLock                       
2000d535  _SlDrvSyncObjSignal                   
2000d555  memchr                                
2000d575  GPIOIntRegister                       
2000d593  TimerEnable                           
2000d5b1  UARTCharPut                           
2000d5ed  TimerValueGet                         
2000d609  UARTCharGetNonBlocking                
2000d625  _SlDrvStartMeasureTimeout             
2000d641  __TI_zero_init_nomemset               
2000d679  memccpy                               
2000d695  uDMAChannelEnable                     
2000d6b1  GPIOIntEnable                         
2000d6cb  PinTypeUART                           
2000d6e5  SPIDmaDisable                         
2000d6ff  SPIDmaEnable                          
2000d719  SPIFIFODisable                        
2000d733  SPIFIFOEnable                         
2000d74d  SPIIntUnregister                      
2000d767  GPIOPinRead                           
2000d77f  SPICSDisable                          
2000d797  SPICSEnable                           
2000d7af  SPIDisable                            
2000d7c7  SPIEnable                             
2000d7df  UARTCharsAvail                        
2000d7f7  _SlNonOsSemSet                        
2000d859  strcmp                                
2000d871  PRCMHIBRegRead                        
2000d887  PRCMHIBRegWrite                       
2000d89d  _SlDrvMemZero                         
2000d8b3  strchr                                
2000d8c9  CPUcpsie                              
2000d8dd  GPIOIntClear                          
2000d8f1  IntVTableBaseSet                      
2000d905  strcpy                                
2000d919  strlen                                
2000d92d  wcslen                                
2000d93f  _SlDrvDispatchHttpServerEvents        
2000d94f  _SlDrvResetCmdExt                     
2000d95d  __TI_decompress_none                  
2000d96b  ResetISR                              
2000d979  NwpMaskInterrupt                      
2000d985  NwpUnMaskInterrupt                    
2000d991  copysign                              
2000d991  copysignl                             
2000d99d  IntMasterEnable                       
2000d9b1  __aeabi_errno_addr                    
2000d9b9  malloc                                
2000d9c1  UtilsDelay                            
2000d9cf  _system_pre_init                      
2000d9d3  C$$EXIT                               
2000d9d3  abort                                 
2000d9d8  _ctypes_                              
2000dd58  OpcodeTranslateTable                  
2000dd94  _SlActionLookupTable                  
2000dfaa  _SlNetAppSendTokenValueCmdCtrl        
2000dff0  __TI_static_base__                    
2000e084  __TI_Handler_Table_Base               
2000e090  __TI_Handler_Table_Limit              
2000e098  __TI_CINIT_Base                       
2000e0a8  __TI_CINIT_Limit                      
20017000  __start___llvm_prf_cnts               
20017000  __stop___llvm_prf_cnts                
20017000  _sys_memory                           
2001f168  __CIOBUF_                             
2001f288  __TI_tmpnams                          
2001f328  g_ucDinDout                           
2001f378  g_time                                
2001f3a4  g_ucConnectionSSID                    
2001f3c8  g_ucConnectionBSSID                   
2001f3d0  parmbuf                               
2001f3dc  RxIrqCnt                              
2001f3dd  g_bDeviceRestartIsRequired            
2001f3de  g_cDummy                              
2001f3df  g_ucLED1Pin                           
2001f3e0  g_ucLED2Pin                           
2001f3e1  g_ucLED3Pin                           
2001f3e4  _ftable                               
2001f4d4  _device                               
2001f54c  _stream                               
2001f59c  g__SlNonOsCB                          
2001f5ec  g_ulStatus                            
2001f5f0  g_ulPingPacketsRecv                   
2001f5f4  g_ulGatewayIP                         
2001f5f8  g_Host                                
2001f5fc  __TI_ft_end                           
2001f600  __aeabi_stdin                         
2001f604  __aeabi_stdout                        
2001f608  __aeabi_stderr                        
2001f60c  g_SlDeviceStatus                      
2001f610  g_pCB                                 
2001f614  pPingCallBackFunc                     
2001f61c  __TI_cleanup_ptr                      
2001f620  __TI_dtors_ptr                        
2001f624  __TI_enable_exit_profile_output       
2001f628  g_uiLED1Port                          
2001f62c  g_uiLED2Port                          
2001f630  g_uiLED3Port                          
2001f634  g_SpiFd                               
2001f638  g_pHostIntHdl                         
2001f63c  g_ucDMAEnabled                        
2001f640  _lock                                 
2001f644  _unlock                               
2001f650  errno                                 
2002f000  __stack                               
20030000  __STACK_END                           
ffffffff  __TI_pprof_out_hndl                   
ffffffff  __TI_prof_data_size                   
ffffffff  __TI_prof_data_start                  
ffffffff  __binit__                             
ffffffff  __c_args__                            
ffffffff  binit                                 
UNDEFED   __mpu_init                            
UNDEFED   _system_post_cinit                    

[324 symbols]
