******************************************************************************
                  TI ARM Linker PC v20.2.7                     
******************************************************************************
>> Linked Fri May 26 14:10:54 2023

OUTPUT FILE NAME:   <Lab5.5.out>
ENTRY POINT SYMBOL: "_c_int00_noargs"  address: 2000db01


MEMORY CONFIGURATION

         name            origin    length      used     unused   attr    fill
----------------------  --------  ---------  --------  --------  ----  --------
  SRAM_CODE             20004000   00013000  0000a66a  00008996  RW X
  SRAM_DATA             20017000   00019000  00009656  0000f9aa  RW X


SEGMENT ALLOCATION MAP

run origin  load origin   length   init length attrs members
----------  ----------- ---------- ----------- ----- -------
20004000    20004000    0000a670   0000a670    r-x
  20004000    20004000    00000400   00000400    r-- .intvecs
  20004400    20004400    00009b9e   00009b9e    r-x .text
  2000dfa0    2000dfa0    00000614   00000614    r-- .const
  2000e5b8    2000e5b8    000000b8   000000b8    r-- .cinit
20017000    20017000    00008658   00000000    rw-
  20017000    20017000    00008000   00000000    rw- .sysmem
  2001f000    2001f000    000003e2   00000000    rw- .bss
  2001f3e4    2001f3e4    00000274   00000000    rw- .data
2002f000    2002f000    00001000   00000000    rw-
  2002f000    2002f000    00001000   00000000    rw- .stack


SECTION ALLOCATION MAP

 output                                  attributes/
section   page    origin      length       input sections
--------  ----  ----------  ----------   ----------------
.intvecs   0    20004000    00000400     
                  20004000    00000400     startup_ccs.obj (.intvecs)

.init_array 
*          0    20004000    00000000     UNINITIALIZED

.text      0    20004400    00009b9e     
                  20004400    000013ec     main.obj (.text)
                  200057ec    00000a4e     rtsv7M4_T_le_eabi.lib : _printfi.c.obj (.text:__TI_printfi)
                  2000623a    00000002     driverlib.a : interrupt.obj (.text:IntDefaultHandler)
                  2000623c    00000794     spi.obj (.text)
                  200069d0    00000590     simplelink.a : driver.obj (.text:_SlDrvMsgRead)
                  20006f60    00000398     gpio_if.obj (.text)
                  200072f8    00000280     simplelink.a : wlan.obj (.text:sl_WlanConnect)
                  20007578    0000027c     uart_if.obj (.text)
                  200077f4    00000268     rtsv7M4_T_le_eabi.lib : _printfi.c.obj (.text:_pconv_a)
                  20007a5c    00000248     simplelink.a : driver.obj (.text:_SlDrvRxHdrRead)
                  20007ca4    000001e4                  : driver.obj (.text:_SlDrvDataReadOp)
                  20007e88    000001d0                  : driver.obj (.text:_SlDrvReleasePoolObj)
                  20008058    000001cc     rtsv7M4_T_le_eabi.lib : _printfi.c.obj (.text:_pconv_g)
                  20008224    000001b6                           : fd_add_t2.asm.obj (.text)
                  200083da    00000002                           : _lock.c.obj (.text:_nop)
                  200083dc    000001b4     simplelink.a : driver.obj (.text:_SlDrvDriverCBInit)
                  20008590    0000019c                  : driver.obj (.text:_SlDrvMsgWrite)
                  2000872c    00000190                  : driver.obj (.text:_SlDrvWaitForPoolObj)
                  200088bc    00000190     pinmux.obj (.text)
                  20008a4c    0000018c     simplelink.a : socket.obj (.text:sl_Connect)
                  20008bd8    00000178     driverlib.a : prcm.obj (.text:PRCMCC3200MCUInit)
                  20008d50    00000170     simplelink.a : driver.obj (.text:_SlFindAndSetActiveObj)
                  20008ec0    00000150                  : driver.obj (.text:_SlDrvDataWriteOp)
                  20009010    00000148                  : cc_pal.obj (.text:spi_Open)
                  20009158    00000144                  : driver.obj (.text:_SlDrvMsgReadCmdCtx)
                  2000929c    00000144                  : netapp.obj (.text:sl_NetAppDnsGetHostByName)
                  200093e0    0000013c     rtsv7M4_T_le_eabi.lib : _printfi.c.obj (.text:_pconv_e)
                  2000951c    00000136                           : fd_div_t2.asm.obj (.text)
                  20009652    00000002                           : div0.asm.obj (.text)
                  20009654    00000134     simplelink.a : socket.obj (.text:sl_Send)
                  20009788    00000130                  : driver.obj (.text:_SlDrvDriverCBDeinit)
                  200098b8    00000120     rtsv7M4_T_le_eabi.lib : _printfi.c.obj (.text:fcvt)
                  200099d8    00000114                           : fputs.c.obj (.text:fputs)
                  20009aec    00000104     simplelink.a : netapp.obj (.text:_SlDrvNetAppEventHandler)
                  20009bf0    00000100     rtsv7M4_T_le_eabi.lib : memory.c.obj (.text:aligned_alloc)
                  20009cf0    000000fc                           : fd_mul_t2.asm.obj (.text)
                  20009dec    000000f0     simplelink.a : device.obj (.text:sl_Start)
                  20009edc    000000f0                  : device.obj (.text:sl_Stop)
                  20009fcc    000000f0                  : cc_pal.obj (.text:spi_Read)
                  2000a0bc    000000f0     driverlib.a : udma.obj (.text:uDMAChannelTransferSet)
                  2000a1ac    000000e8     simplelink.a : driver.obj (.text:_SlAsyncEventGenericHandler)
                  2000a294    000000e8                  : driver.obj (.text:_SlDrvMsgReadSpawnCtx)
                  2000a37c    000000e4     rtsv7M4_T_le_eabi.lib : memory.c.obj (.text:free)
                  2000a460    000000e4                           : memory.c.obj (.text:realloc)
                  2000a544    000000e4     simplelink.a : netapp.obj (.text:sl_NetAppMDNSRegisterUnregisterService)
                  2000a628    000000dc                  : driver.obj (.text:_SlDrvClassifyRxMsg)
                  2000a704    000000dc     rtsv7M4_T_le_eabi.lib : setvbuf.c.obj (.text:setvbuf)
                  2000a7e0    000000d0                           : s_scalbn.c.obj (.text:scalbn)
                  2000a8b0    000000cc     simplelink.a : netapp.obj (.text:_sl_HandleAsync_DnsGetHostByService)
                  2000a97c    000000cc                  : device.obj (.text:sl_DevGet)
                  2000aa48    000000c4                  : driver.obj (.text:_SlRemoveFromList)
                  2000ab0c    000000c0                  : driver.obj (.text:_SlDrvCmdOp)
                  2000abcc    000000b1     rtsv7M4_T_le_eabi.lib : _printfi.c.obj (.text:_ltostr)
                  2000ac7d    00000003     --HOLE-- [fill = 0]
                  2000ac80    000000b0     simplelink.a : nonos.obj (.text:_SlNonOsSemGet)
                  2000ad30    000000a8     driverlib.a : interrupt.obj (.text:IntDisable)
                  2000add8    000000a8                 : interrupt.obj (.text:IntEnable)
                  2000ae80    000000a4     simplelink.a : driver.obj (.text:_SlDriverHandleError)
                  2000af24    000000a0                  : socket.obj (.text:sl_Recv)
                  2000afc4    0000009c     rtsv7M4_T_le_eabi.lib : memcpy_t2.asm.obj (.text)
                  2000b060    0000009a     simplelink.a : device.obj (.text:_SlDrvDeviceEventHandler)
                  2000b0fa    00000002     --HOLE-- [fill = 0]
                  2000b0fc    00000098                  : device.obj (.text:sl_DevSet)
                  2000b194    00000098                  : netcfg.obj (.text:sl_NetCfgSet)
                  2000b22c    00000098                  : socket.obj (.text:sl_SetSockOpt)
                  2000b2c4    00000098                  : wlan.obj (.text:sl_WlanSet)
                  2000b35c    00000098                  : cc_pal.obj (.text:spi_Write)
                  2000b3f4    00000096     rtsv7M4_T_le_eabi.lib : ull_div_t2.asm.obj (.text)
                  2000b48a    00000002     --HOLE-- [fill = 0]
                  2000b48c    00000094     driverlib.a : prcm.obj (.text:PRCMPeripheralClockGet)
                  2000b520    00000090     simplelink.a : netapp.obj (.text:_sl_HandleAsync_DnsGetHostByName)
                  2000b5b0    00000090                  : netapp.obj (.text:_sl_HandleAsync_PingResponse)
                  2000b640    00000090                  : wlan.obj (.text:sl_WlanPolicySet)
                  2000b6d0    0000008c                  : cc_pal.obj (.text:SetupDMAReceive)
                  2000b75c    0000008c                  : cc_pal.obj (.text:SetupDMASend)
                  2000b7e8    0000008c                  : driver.obj (.text:_SlDrvIsTimeoutExpired)
                  2000b874    0000008c                  : device.obj (.text:_sl_HandleAsync_InitComplete)
                  2000b900    0000008c     rtsv7M4_T_le_eabi.lib : fputc.c.obj (.text:fputc)
                  2000b98c    0000008c     simplelink.a : socket.obj (.text:sl_Socket)
                  2000ba18    00000088     driverlib.a : pin.obj (.text:PinConfigSet)
                  2000baa0    00000086     rtsv7M4_T_le_eabi.lib : fd_cmp_t2.asm.obj (.text:__aeabi_cdcmple)
                  2000bb26    00000086                           : fd_cmp_t2.asm.obj (.text:__aeabi_cdrcmple)
                  2000bbac    00000084     simplelink.a : cc_pal.obj (.text:NwpPowerOnPreamble)
                  2000bc30    00000084                  : wlan.obj (.text:sl_WlanRxFilterSet)
                  2000bcb4    00000082     driverlib.a : gpio.obj (.text:GPIOIntTypeSet)
                  2000bd36    00000002     --HOLE-- [fill = 0]
                  2000bd38    00000080     simplelink.a : socket.obj (.text:_sl_HandleAsync_Connect)
                  2000bdb8    00000080                  : cc_pal.obj (.text:spi_Read_CPU)
                  2000be38    00000080                  : cc_pal.obj (.text:spi_Write_CPU)
                  2000beb8    0000007a     rtsv7M4_T_le_eabi.lib : memset_t2.asm.obj (.text)
                  2000bf32    00000002     --HOLE-- [fill = 0]
                  2000bf34    00000078     simplelink.a : cc_pal.obj (.text:spi_Close)
                  2000bfac    00000076     driverlib.a : uart.obj (.text:UARTConfigSetExpClk)
                  2000c022    00000002     --HOLE-- [fill = 0]
                  2000c024    00000074     simplelink.a : nonos.obj (.text:_SlNonOsMainLoopTask)
                  2000c098    00000074     rtsv7M4_T_le_eabi.lib : fclose.c.obj (.text:__TI_closefile)
                  2000c10c    00000070                           : memory.c.obj (.text:split)
                  2000c17c    0000006e                           : _printfi.c.obj (.text:_mcpy)
                  2000c1ea    00000002     --HOLE-- [fill = 0]
                  2000c1ec    0000006c                           : hostrename.c.obj (.text:HOSTrename)
                  2000c258    0000006c     simplelink.a : driver.obj (.text:_SlDrvCmdSend)
                  2000c2c4    0000006c                  : netapp.obj (.text:_sl_NetAppSendTokenValue)
                  2000c330    00000068     rtsv7M4_T_le_eabi.lib : hostlseek.c.obj (.text:HOSTlseek)
                  2000c398    00000068                           : copy_decompress_lzss.c.obj (.text:decompress:lzss:__TI_decompress_lzss)
                  2000c400    00000068                           : printf.c.obj (.text:printf)
                  2000c468    00000064     simplelink.a : nonos.obj (.text:_SlNonOsSpawn)
                  2000c4cc    00000064                  : socket.obj (.text:_sl_HandleAsync_Accept)
                  2000c530    00000064     rtsv7M4_T_le_eabi.lib : fseek.c.obj (.text:fseek)
                  2000c594    00000064     simplelink.a : netapp.obj (.text:sl_NetAppMDNSUnRegisterService)
                  2000c5f8    00000064     driverlib.a : udma.obj (.text:uDMAChannelAttributeDisable)
                  2000c65c    00000064                 : udma.obj (.text:uDMAChannelAttributeEnable)
                  2000c6c0    00000062     rtsv7M4_T_le_eabi.lib : _io_perm.c.obj (.text:__TI_wrt_ok)
                  2000c722    00000002     --HOLE-- [fill = 0]
                  2000c724    00000060                           : hostopen.c.obj (.text:HOSTopen)
                  2000c784    00000060     simplelink.a : socket.obj (.text:sl_Close)
                  2000c7e4    00000060                  : wlan.obj (.text:sl_WlanProfileDel)
                  2000c844    00000060                  : wlan.obj (.text:sl_WlanSetMode)
                  2000c8a4    0000005c     rtsv7M4_T_le_eabi.lib : close.c.obj (.text:close)
                  2000c900    0000005c                           : s_frexp.c.obj (.text:frexp)
                  2000c95c    00000058                           : hostread.c.obj (.text:HOSTread)
                  2000c9b4    00000058                           : hostwrite.c.obj (.text:HOSTwrite)
                  2000ca0c    00000058     driverlib.a : interrupt.obj (.text:IntPendClear)
                  2000ca64    00000058                 : prcm.obj (.text:PRCMPeripheralReset)
                  2000cabc    00000056     rtsv7M4_T_le_eabi.lib : _printfi.c.obj (.text:_pconv_f)
                  2000cb12    00000002     --HOLE-- [fill = 0]
                  2000cb14    00000054     driverlib.a : interrupt.obj (.text:IntPrioritySet)
                  2000cb68    00000054     simplelink.a : driver.obj (.text:_SlDrvRxIrqHandler)
                  2000cbbc    00000054     rtsv7M4_T_le_eabi.lib : _ltoa.c.obj (.text:__TI_ltoa)
                  2000cc10    00000054     simplelink.a : socket.obj (.text:_sl_HandleAsync_Select)
                  2000cc64    00000052     rtsv7M4_T_le_eabi.lib : _printfi.c.obj (.text:_ecpy)
                  2000ccb6    00000002     --HOLE-- [fill = 0]
                  2000ccb8    00000050     simplelink.a : device.obj (.text:_sl_HandleAsync_Stop)
                  2000cd08    0000004c                  : driver.obj (.text:_SlDrvProtectAsyncRespSetting)
                  2000cd54    0000004c     rtsv7M4_T_le_eabi.lib : fflush.c.obj (.text:__TI_doflush)
                  2000cda0    0000004c     simplelink.a : socket.obj (.text:_sl_BuildAddress)
                  2000cdec    0000004c     rtsv7M4_T_le_eabi.lib : atoi.c.obj (.text:atoi)
                  2000ce38    0000004c     driverlib.a : udma.obj (.text:uDMAChannelAssign)
                  2000ce84    00000048                 : gpio.obj (.text:GPIOGetIntNumber)
                  2000cecc    00000048     simplelink.a : driver.obj (.text:_SlDrvBasicCmd)
                  2000cf14    00000048     rtsv7M4_T_le_eabi.lib : exit.c.obj (.text:exit)
                  2000cf5c    00000048                           : fd_toi_t2.asm.obj (.text)
                  2000cfa4    00000044                           : hostclose.c.obj (.text:HOSTclose)
                  2000cfe8    00000044                           : hostunlink.c.obj (.text:HOSTunlink)
                  2000d02c    00000044     driverlib.a : timer.obj (.text:TimerConfigure)
                  2000d070    00000044     simplelink.a : driver.obj (.text:_SlDrvHandleHttpServerEvents)
                  2000d0b4    00000044                  : driver.obj (.text:_SlDrvSyncObjWaitTimeout)
                  2000d0f8    00000044     rtsv7M4_T_le_eabi.lib : autoinit.c.obj (.text:__TI_auto_init_nobinit_nopinit:__TI_auto_init_nobinit_nopinit)
                  2000d13c    00000044     simplelink.a : cc_pal.obj (.text:cc_SetupTransfer)
                  2000d180    00000044     rtsv7M4_T_le_eabi.lib : getdevice.c.obj (.text:getdevice)
                  2000d1c4    00000042     simplelink.a : socket.obj (.text:sl_Htonl)
                  2000d206    00000002     --HOLE-- [fill = 0]
                  2000d208    00000040     driverlib.a : pin.obj (.text:PinModeSet)
                  2000d248    00000040     simplelink.a : driver.obj (.text:_SlDrvHandleNetAppEvents)
                  2000d288    00000040                  : driver.obj (.text:_SlDrvHandleWlanEvents)
                  2000d2c8    00000040                  : socket.obj (.text:_sl_TruncatePayloadByProtocol)
                  2000d308    00000040     rtsv7M4_T_le_eabi.lib : sprintf.c.obj (.text:sprintf)
                  2000d348    00000040                           : vsnprintf.c.obj (.text:vsnprintf)
                  2000d388    0000003e     simplelink.a : cc_pal.obj (.text:NwpRegisterInterruptHandler)
                  2000d3c6    0000003e     rtsv7M4_T_le_eabi.lib : _printfi.c.obj (.text:_fcpy)
                  2000d404    0000003c     simplelink.a : netapp.obj (.text:CopyPingResultsToReport)
                  2000d440    0000003c     driverlib.a : prcm.obj (.text:PRCMPeripheralClkEnable)
                  2000d47c    0000003c     simplelink.a : cc_pal.obj (.text:simplelink_timerA2_start)
                  2000d4b8    0000003c                  : socket.obj (.text:sl_Htons)
                  2000d4f4    0000003c     driverlib.a : udma.obj (.text:uDMAChannelControlSet)
                  2000d530    00000038     simplelink.a : cc_pal.obj (.text:NwpPowerOff)
                  2000d568    00000038     rtsv7M4_T_le_eabi.lib : trgmsg.c.obj (.text:__TI_writemsg)
                  2000d5a0    00000038     simplelink.a : wlan.obj (.text:sl_WlanDisconnect)
                  2000d5d8    00000036     driverlib.a : gpio.obj (.text:GPIODirModeSet)
                  2000d60e    00000036     rtsv7M4_T_le_eabi.lib : strncpy.c.obj (.text:strncpy)
                  2000d644    00000034     simplelink.a : cc_pal.obj (.text:NwpPowerOn)
                  2000d678    00000034     driverlib.a : prcm.obj (.text:PRCMPeripheralStatusGet)
                  2000d6ac    00000034     rtsv7M4_T_le_eabi.lib : fopen.c.obj (.text:__TI_cleanup)
                  2000d6e0    00000034                           : trgmsg.c.obj (.text:__TI_readmsg)
                  2000d714    00000030     driverlib.a : pin.obj (.text:PinTypeGPIO)
                  2000d744    00000030                 : uart.obj (.text:UARTDisable)
                  2000d774    00000030     rtsv7M4_T_le_eabi.lib : vsnprintf.c.obj (.text:_outs)
                  2000d7a4    00000030                           : getdevice.c.obj (.text:finddevice)
                  2000d7d4    0000002e                           : i_tofd_t2.asm.obj (.text)
                  2000d802    00000002     --HOLE-- [fill = 0]
                  2000d804    0000002c     driverlib.a : prcm.obj (.text:PRCMSysResetCauseGet)
                  2000d830    0000002c     simplelink.a : driver.obj (.text:_SlDrvObjGlobalLockWaitForever)
                  2000d85c    0000002c                  : driver.obj (.text:_SlDrvProtectionObjLockWaitForever)
                  2000d888    0000002c     rtsv7M4_T_le_eabi.lib : unlink.c.obj (.text:unlink)
                  2000d8b4    0000002a     driverlib.a : timer.obj (.text:TimerLoadSet)
                  2000d8de    0000002a                 : timer.obj (.text:TimerPrescaleSet)
                  2000d908    00000028                 : prcm.obj (.text:PRCMPeripheralClkDisable)
                  2000d930    00000028     simplelink.a : driver.obj (.text:_SlDrvGlobalObjUnLock)
                  2000d958    00000028                  : driver.obj (.text:_SlDrvProtectionObjUnLock)
                  2000d980    00000028                  : driver.obj (.text:_SlDrvSyncObjWaitForever)
                  2000d9a8    00000028     rtsv7M4_T_le_eabi.lib : memory.c.obj (.text:free_list_insert)
                  2000d9d0    00000028                           : lseek.c.obj (.text:lseek)
                  2000d9f8    00000028                           : memmov.c.obj (.text:memmove)
                  2000da20    00000028                           : write.c.obj (.text:write)
                  2000da48    00000026     simplelink.a : driver.obj (.text:_SlDrvObjLockWaitForever)
                  2000da6e    00000026     network_common.obj (.text)
                  2000da94    00000024     simplelink.a : cc_pal.obj (.text:DmaSpiSwIntHandler)
                  2000dab8    00000024     driverlib.a : interrupt.obj (.text:IntUnregister)
                  2000dadc    00000024                 : uart.obj (.text:UARTEnable)
                  2000db00    00000024     rtsv7M4_T_le_eabi.lib : boot_cortex_m.c.obj (.text:_c_int00_noargs:_c_int00_noargs)
                  2000db24    00000020     driverlib.a : gpio.obj (.text:GPIOPinWrite)
                  2000db44    00000020                 : interrupt.obj (.text:IntRegister)
                  2000db64    00000020     simplelink.a : cc_pal.obj (.text:NwpPrePowerOffTimout0)
                  2000db84    00000020                  : cc_pal.obj (.text:TimerGetCurrentTimestamp)
                  2000dba4    00000020                  : driver.obj (.text:_SlDrvObjUnLock)
                  2000dbc4    00000020                  : driver.obj (.text:_SlDrvSyncObjSignal)
                  2000dbe4    00000020     rtsv7M4_T_le_eabi.lib : memchr.c.obj (.text:memchr)
                  2000dc04    0000001e     driverlib.a : gpio.obj (.text:GPIOIntRegister)
                  2000dc22    0000001e                 : timer.obj (.text:TimerEnable)
                  2000dc40    0000001e                 : uart.obj (.text:UARTCharPut)
                  2000dc5e    0000001e     simplelink.a : cc_pal.obj (.text:cc_UDMAChannelSelect)
                  2000dc7c    0000001c     driverlib.a : timer.obj (.text:TimerValueGet)
                  2000dc98    0000001c                 : uart.obj (.text:UARTCharGetNonBlocking)
                  2000dcb4    0000001c     simplelink.a : driver.obj (.text:_SlDrvStartMeasureTimeout)
                  2000dcd0    0000001c     rtsv7M4_T_le_eabi.lib : copy_zero_init.c.obj (.text:decompress:ZI:__TI_zero_init_nomemset:__TI_zero_init_nomemset)
                  2000dcec    0000001c                           : memory.c.obj (.text:free_list_remove)
                  2000dd08    0000001c                           : memccpy.c.obj (.text:memccpy)
                  2000dd24    0000001c     driverlib.a : udma.obj (.text:uDMAChannelEnable)
                  2000dd40    0000001a                 : gpio.obj (.text:GPIOIntEnable)
                  2000dd5a    0000001a                 : pin.obj (.text:PinTypeSPI)
                  2000dd74    0000001a                 : pin.obj (.text:PinTypeUART)
                  2000dd8e    00000018                 : gpio.obj (.text:GPIOPinRead)
                  2000dda6    00000018                 : uart.obj (.text:UARTCharsAvail)
                  2000ddbe    00000018     simplelink.a : nonos.obj (.text:_SlNonOsSemSet)
                  2000ddd6    00000018     rtsv7M4_T_le_eabi.lib : vsnprintf.c.obj (.text:_outc)
                  2000ddee    00000018                           : sprintf.c.obj (.text:_outs)
                  2000de06    00000002     --HOLE-- [fill = 0]
                  2000de08    00000018     simplelink.a : device.obj (.text:_sl_GetStartResponseConvert)
                  2000de20    00000018     rtsv7M4_T_le_eabi.lib : strcmp.c.obj (.text:strcmp)
                  2000de38    00000016     driverlib.a : prcm.obj (.text:PRCMHIBRegRead)
                  2000de4e    00000016                 : prcm.obj (.text:PRCMHIBRegWrite)
                  2000de64    00000016     simplelink.a : driver.obj (.text:_SlDrvMemZero)
                  2000de7a    00000016     rtsv7M4_T_le_eabi.lib : strchr.c.obj (.text:strchr)
                  2000de90    00000014     driverlib.a : cpu.obj (.text:CPUcpsie)
                  2000dea4    00000014                 : gpio.obj (.text:GPIOIntClear)
                  2000deb8    00000014                 : interrupt.obj (.text:IntVTableBaseSet)
                  2000decc    00000014     rtsv7M4_T_le_eabi.lib : strcpy.c.obj (.text:strcpy)
                  2000dee0    00000014                           : strlen.c.obj (.text:strlen)
                  2000def4    00000012                           : wcslen.c.obj (.text:wcslen)
                  2000df06    00000010     simplelink.a : driver.obj (.text:_SlDrvDispatchHttpServerEvents)
                  2000df16    0000000e                  : driver.obj (.text:_SlDrvResetCmdExt)
                  2000df24    0000000e     rtsv7M4_T_le_eabi.lib : copy_decompress_none.c.obj (.text:decompress:none:__TI_decompress_none)
                  2000df32    0000000e     startup_ccs.obj (.text)
                  2000df40    0000000c     simplelink.a : cc_pal.obj (.text:NwpMaskInterrupt)
                  2000df4c    0000000c                  : cc_pal.obj (.text:NwpUnMaskInterrupt)
                  2000df58    0000000c     rtsv7M4_T_le_eabi.lib : s_copysign.c.obj (.text:copysign)
                  2000df64    0000000a     driverlib.a : interrupt.obj (.text:IntMasterEnable)
                  2000df6e    0000000a     rtsv7M4_T_le_eabi.lib : sprintf.c.obj (.text:_outc)
                  2000df78    00000008                           : errno.c.obj (.text:__aeabi_errno_addr)
                  2000df80    00000008                           : memory.c.obj (.text:malloc)
                  2000df88    00000006     driverlib.a : utils.obj (.text:UtilsDelay)
                  2000df8e    00000004     rtsv7M4_T_le_eabi.lib : printf.c.obj (.text:_outc)
                  2000df92    00000004                           : printf.c.obj (.text:_outs)
                  2000df96    00000004                           : pre_init.c.obj (.text:_system_pre_init)
                  2000df9a    00000004                           : exit.c.obj (.text:abort:abort)

.const     0    2000dfa0    00000614     
                  2000dfa0    00000101     rtsv7M4_T_le_eabi.lib : ctype.c.obj (.const:.string:_ctypes_)
                  2000e0a1    00000003     --HOLE-- [fill = 0]
                  2000e0a4    00000100     driverlib.a : pin.obj (.const:g_ulPinToPadMap)
                  2000e1a4    000000d4                 : interrupt.obj (.const:g_pulRegs)
                  2000e278    000000a8                 : prcm.obj (.const:PRCM_PeriphRegsList)
                  2000e320    0000003c     simplelink.a : driver.obj (.const:OpcodeTranslateTable)
                  2000e35c    00000038                  : driver.obj (.const:_SlActionLookupTable)
                  2000e394    0000002e     main.obj (.const:.string)
                  2000e3c2    00000002     --HOLE-- [fill = 0]
                  2000e3c4    0000002c     main.obj (.const:$P$T1$2)
                  2000e3f0    00000024     spi.obj (.const:g_ppulSPIIntMap)
                  2000e414    00000022     main.obj (.const:.string:$P$T0$1)
                  2000e436    00000002     --HOLE-- [fill = 0]
                  2000e438    00000020     simplelink.a : driver.obj (.const:RxMsgClassLUT)
                  2000e458    00000018     driverlib.a : interrupt.obj (.const:g_pulDisRegs)
                  2000e470    00000018                 : interrupt.obj (.const:g_pulEnRegs)
                  2000e488    00000018                 : interrupt.obj (.const:g_pulUnpendRegs)
                  2000e4a0    00000018     spi.obj (.const:g_ulSPIDmaMaskMap)
                  2000e4b8    00000015     main.obj (.const:.string:$P$T6$7)
                  2000e4cd    00000003     --HOLE-- [fill = 0]
                  2000e4d0    00000014     simplelink.a : driver.obj (.const:$P$T0$1)
                  2000e4e4    00000014                  : nonos.obj (.const:$P$T0$1)
                  2000e4f8    00000014     main.obj (.const:$P$T2$3)
                  2000e50c    00000010     simplelink.a : socket.obj (.const:.string:_SlPayloadByProtocolLUT)
                  2000e51c    0000000c     main.obj (.const:$P$T4$5)
                  2000e528    0000000c     main.obj (.const:.string:$P$T3$4)
                  2000e534    00000009     main.obj (.const:.string:$P$T5$6)
                  2000e53d    00000008     simplelink.a : device.obj (.const:StartResponseLUT)
                  2000e545    00000003     --HOLE-- [fill = 0]
                  2000e548    00000008                  : driver.obj (.const:g_H2NCnysPattern)
                  2000e550    00000008                  : driver.obj (.const:g_H2NSyncPattern)
                  2000e558    00000005     main.obj (.const:.string:$P$T7$8)
                  2000e55d    00000001     --HOLE-- [fill = 0]
                  2000e55e    00000004     simplelink.a : wlan.obj (.const:$P$T0$1)
                  2000e562    00000004                  : socket.obj (.const:$P$T2$3)
                  2000e566    00000004                  : device.obj (.const:_SlDeviceGetCmdCtrl)
                  2000e56a    00000004                  : device.obj (.const:_SlDeviceSetCmdCtrl)
                  2000e56e    00000004                  : netapp.obj (.const:_SlGetHostByNameCtrl)
                  2000e572    00000004                  : netapp.obj (.const:_SlNetAppSendTokenValueCmdCtrl)
                  2000e576    00000004                  : netcfg.obj (.const:_SlNetCfgSetCmdCtrl)
                  2000e57a    00000004                  : wlan.obj (.const:_SlPolicySetCmdCtrl)
                  2000e57e    00000004                  : wlan.obj (.const:_SlProfileDelCmdCtrl)
                  2000e582    00000004                  : socket.obj (.const:_SlRecvCmdCtrl)
                  2000e586    00000004                  : netapp.obj (.const:_SlRegisterServiceCtrl)
                  2000e58a    00000004                  : wlan.obj (.const:_SlRxFilterSetCmdCtrl)
                  2000e58e    00000004                  : socket.obj (.const:_SlSendCmdCtrl)
                  2000e592    00000004                  : socket.obj (.const:_SlSetSockOptCmdCtrl)
                  2000e596    00000004                  : socket.obj (.const:_SlSockCloseCmdCtrl)
                  2000e59a    00000004                  : socket.obj (.const:_SlSockSocketCmdCtrl)
                  2000e59e    00000004                  : device.obj (.const:_SlStopCmdCtrl)
                  2000e5a2    00000004                  : wlan.obj (.const:_SlWlanCfgSetCmdCtrl)
                  2000e5a6    00000004                  : wlan.obj (.const:_SlWlanSetModeCmdCtrl)
                  2000e5aa    00000002     --HOLE-- [fill = 0]
                  2000e5ac    00000004                  : driver.obj (.const:httpServer_callbacks)
                  2000e5b0    00000004                  : driver.obj (.const:netApp_callbacks)

.cinit     0    2000e5b8    000000b8     
                  2000e5b8    00000090     (.cinit..data.load) [load image, compression = lzss]
                  2000e648    0000000c     (__TI_handler_table)
                  2000e654    00000004     --HOLE-- [fill = 0]
                  2000e658    00000008     (.cinit..bss.load) [load image, compression = zero_init]
                  2000e660    00000010     (__TI_cinit_table)

.sysmem    0    20017000    00008000     UNINITIALIZED
                  20017000    00000010     rtsv7M4_T_le_eabi.lib : memory.c.obj (.sysmem)
                  20017010    00007ff0     --HOLE--

.bss       0    2001f000    000003e2     UNINITIALIZED
                  2001f000    00000168     simplelink.a : driver.obj (.bss:g_StatMem)
                  2001f168    00000120     rtsv7M4_T_le_eabi.lib : trgmsg.c.obj (.bss:_CIOBUF_)
                  2001f288    000000a0     (.common:__TI_tmpnams)
                  2001f328    00000050     (.common:g_ucDinDout)
                  2001f378    0000002c     (.common:g_time)
                  2001f3a4    00000024     (.common:g_ucConnectionSSID)
                  2001f3c8    00000008     (.common:g_ucConnectionBSSID)
                  2001f3d0    00000008     (.common:parmbuf)
                  2001f3d8    00000004     uart_if.obj (.bss)
                  2001f3dc    00000001     (.common:RxIrqCnt)
                  2001f3dd    00000001     (.common:g_bDeviceRestartIsRequired)
                  2001f3de    00000001     (.common:g_cDummy)
                  2001f3df    00000001     (.common:g_ucLED1Pin)
                  2001f3e0    00000001     (.common:g_ucLED2Pin)
                  2001f3e1    00000001     (.common:g_ucLED3Pin)

.data      0    2001f3e4    00000274     UNINITIALIZED
                  2001f3e4    000000f0     rtsv7M4_T_le_eabi.lib : defs.c.obj (.data:_ftable)
                  2001f4d4    00000078                           : host_device.c.obj (.data:_device)
                  2001f54c    00000050                           : host_device.c.obj (.data:_stream)
                  2001f59c    0000003c     simplelink.a : nonos.obj (.data:g__SlNonOsCB)
                  2001f5d8    00000014     gpio_if.obj (.data:ulReg)
                  2001f5ec    00000010     main.obj (.data)
                  2001f5fc    00000010     rtsv7M4_T_le_eabi.lib : defs.c.obj (.data)
                  2001f60c    0000000d     simplelink.a : driver.obj (.data)
                  2001f619    00000003     --HOLE--
                  2001f61c    0000000c     rtsv7M4_T_le_eabi.lib : exit.c.obj (.data:$O1$$)
                  2001f628    0000000c     gpio_if.obj (.data)
                  2001f634    00000009     simplelink.a : cc_pal.obj (.data)
                  2001f63d    00000003     --HOLE--
                  2001f640    00000008     rtsv7M4_T_le_eabi.lib : _lock.c.obj (.data:$O1$$)
                  2001f648    00000008                           : memory.c.obj (.data:$O1$$)
                  2001f650    00000004                           : errno.c.obj (.data)
                  2001f654    00000004     simplelink.a : driver.obj (.data:wlan_callbacks)

.stack     0    2002f000    00001000     UNINITIALIZED
                  2002f000    00000004     rtsv7M4_T_le_eabi.lib : boot_cortex_m.c.obj (.stack)
                  2002f004    00000ffc     --HOLE--

__llvm_prf_cnts 
*          0    20017000    00000000     UNINITIALIZED

MODULE SUMMARY

       Module                       code    ro data   rw data
       ------                       ----    -------   -------
    .\
       main.obj                     5100    203       104    
       spi.obj                      1940    60        0      
       startup_ccs.obj              14      1024      0      
       gpio_if.obj                  920     0         35     
       uart_if.obj                  636     0         4      
       pinmux.obj                   400     0         0      
       network_common.obj           38      0         0      
    +--+----------------------------+-------+---------+---------+
       Total:                       9048    1287      143    
                                                             
    C:/ti/CC3200SDK_1.5.0/cc3200-sdk/driverlib/ccs/Release/driverlib.a
       prcm.obj                     852     168       0      
       interrupt.obj                608     284       0      
       udma.obj                     604     0         0      
       pin.obj                      300     256       0      
       gpio.obj                     388     0         0      
       uart.obj                     284     0         0      
       timer.obj                    210     0         0      
       cpu.obj                      20      0         0      
       utils.obj                    6       0         0      
    +--+----------------------------+-------+---------+---------+
       Total:                       3272    708       0      
                                                             
    C:/ti/CC3200SDK_1.5.0/cc3200-sdk/simplelink/ccs/NON_OS_debug/simplelink.a
       driver.obj                   7906    192       379    
       cc_pal.obj                   1960    0         90     
       socket.obj                   1830    40        0      
       netapp.obj                   1572    12        0      
       wlan.obj                     1316    24        0      
       device.obj                   1234    20        0      
       nonos.obj                    416     20        60     
       netcfg.obj                   152     4         0      
    +--+----------------------------+-------+---------+---------+
       Total:                       16386   312       529    
                                                             
    C:\ti\ccs1220\ccs\tools\compiler\ti-cgt-arm_20.2.7.LTS\lib\rtsv7M4_T_le_eabi.lib
       _printfi.c.obj               4835    0         0      
       memory.c.obj                 900     0         8      
       fd_add_t2.asm.obj            438     0         0      
       defs.c.obj                   0       0         416    
       trgmsg.c.obj                 108     0         288    
       fd_div_t2.asm.obj            310     0         0      
       fputs.c.obj                  276     0         0      
       fd_cmp_t2.asm.obj            268     0         0      
       ctype.c.obj                  0       257       0      
       fd_mul_t2.asm.obj            252     0         0      
       setvbuf.c.obj                220     0         0      
       s_scalbn.c.obj               208     0         0      
       host_device.c.obj            0       0         200    
       memcpy_t2.asm.obj            156     0         0      
       ull_div_t2.asm.obj           150     0         0      
       fputc.c.obj                  140     0         0      
       vsnprintf.c.obj              136     0         0      
       memset_t2.asm.obj            122     0         0      
       fclose.c.obj                 116     0         0      
       getdevice.c.obj              116     0         0      
       printf.c.obj                 112     0         0      
       hostrename.c.obj             108     0         0      
       copy_decompress_lzss.c.obj   104     0         0      
       hostlseek.c.obj              104     0         0      
       hostopen.c.obj               96      0         8      
       fseek.c.obj                  100     0         0      
       _io_perm.c.obj               98      0         0      
       sprintf.c.obj                98      0         0      
       close.c.obj                  92      0         0      
       s_frexp.c.obj                92      0         0      
       exit.c.obj                   76      0         12     
       hostread.c.obj               88      0         0      
       hostwrite.c.obj              88      0         0      
       _ltoa.c.obj                  84      0         0      
       atoi.c.obj                   76      0         0      
       fflush.c.obj                 76      0         0      
       fd_toi_t2.asm.obj            72      0         0      
       autoinit.c.obj               68      0         0      
       hostclose.c.obj              68      0         0      
       hostunlink.c.obj             68      0         0      
       strncpy.c.obj                54      0         0      
       fopen.c.obj                  52      0         0      
       i_tofd_t2.asm.obj            46      0         0      
       unlink.c.obj                 44      0         0      
       lseek.c.obj                  40      0         0      
       memmov.c.obj                 40      0         0      
       write.c.obj                  40      0         0      
       boot_cortex_m.c.obj          36      0         0      
       memchr.c.obj                 32      0         0      
       copy_zero_init.c.obj         28      0         0      
       memccpy.c.obj                28      0         0      
       strcmp.c.obj                 24      0         0      
       strchr.c.obj                 22      0         0      
       strcpy.c.obj                 20      0         0      
       strlen.c.obj                 20      0         0      
       wcslen.c.obj                 18      0         0      
       copy_decompress_none.c.obj   14      0         0      
       errno.c.obj                  8       0         4      
       s_copysign.c.obj             12      0         0      
       _lock.c.obj                  2       0         8      
       pre_init.c.obj               4       0         0      
       div0.asm.obj                 2       0         0      
    +--+----------------------------+-------+---------+---------+
       Total:                       11105   257       944    
                                                             
       Heap:                        0       0         32768  
       Stack:                       0       0         4096   
       Linker Generated:            0       180       0      
    +--+----------------------------+-------+---------+---------+
       Grand Total:                 39811   2744      38480  


LINKER GENERATED COPY TABLES

__TI_cinit_table @ 2000e660 records: 2, size/record: 8, table size: 16
	.data: load addr=2000e5b8, load size=00000090 bytes, run addr=2001f3e4, run size=00000274 bytes, compression=lzss
	.bss: load addr=2000e658, load size=00000008 bytes, run addr=2001f000, run size=000003e2 bytes, compression=zero_init


LINKER GENERATED HANDLER TABLE

__TI_handler_table @ 2000e648 records: 3, size/record: 4, table size: 12
	index: 0, handler: __TI_decompress_lzss
	index: 1, handler: __TI_decompress_none
	index: 2, handler: __TI_zero_init


GLOBAL SYMBOLS: SORTED ALPHABETICALLY BY Name 

address   name                                  
-------   ----                                  
2000df9b  C$$EXIT                               
2000d597  C$$IO$$                               
2000de91  CPUcpsie                              
200075b9  ClearTerm                             
2000da95  DmaSpiSwIntHandler                    
200075c3  Error                                 
2000d5d9  GPIODirModeSet                        
2000dea5  GPIOIntClear                          
2000dd41  GPIOIntEnable                         
2000dc05  GPIOIntRegister                       
2000bcb5  GPIOIntTypeSet                        
2000dd8f  GPIOPinRead                           
2000db25  GPIOPinWrite                          
20007221  GPIO_IF_ConfigureNIntEnable           
200072ad  GPIO_IF_Get                           
200071db  GPIO_IF_GetPortNPin                   
20006f9d  GPIO_IF_LedConfigure                  
2000708f  GPIO_IF_LedOff                        
20006fdb  GPIO_IF_LedOn                         
20007143  GPIO_IF_LedStatus                     
200071ad  GPIO_IF_LedToggle                     
20007269  GPIO_IF_Set                           
200075fb  GetCmd                                
2000cfa5  HOSTclose                             
2000c331  HOSTlseek                             
2000c725  HOSTopen                              
2000c95d  HOSTread                              
2000c1ed  HOSTrename                            
2000cfe9  HOSTunlink                            
2000c9b5  HOSTwrite                             
20007579  InitTerm                              
2000ad31  IntDisable                            
2000add9  IntEnable                             
2000df65  IntMasterEnable                       
2000ca0d  IntPendClear                          
2000cb15  IntPrioritySet                        
2000db45  IntRegister                           
2000dab9  IntUnregister                         
2000deb9  IntVTableBaseSet                      
20007597  Message                               
2000df41  NwpMaskInterrupt                      
2000d531  NwpPowerOff                           
2000d645  NwpPowerOn                            
2000bbad  NwpPowerOnPreamble                    
2000db65  NwpPrePowerOffTimout0                 
2000d389  NwpRegisterInterruptHandler           
2000df4d  NwpUnMaskInterrupt                    
2000e320  OpcodeTranslateTable                  
20008bd9  PRCMCC3200MCUInit                     
2000de39  PRCMHIBRegRead                        
2000de4f  PRCMHIBRegWrite                       
2000d909  PRCMPeripheralClkDisable              
2000d441  PRCMPeripheralClkEnable               
2000b48d  PRCMPeripheralClockGet                
2000ca65  PRCMPeripheralReset                   
2000d679  PRCMPeripheralStatusGet               
2000d805  PRCMSysResetCauseGet                  
2000ba19  PinConfigSet                          
2000d209  PinModeSet                            
200088bd  PinMuxConfig                          
2000d715  PinTypeGPIO                           
2000dd5b  PinTypeSPI                            
2000dd75  PinTypeUART                           
20007739  Report                                
2000df33  ResetISR                              
2001f3dc  RxIrqCnt                              
20006917  SPICSDisable                          
200068ff  SPICSEnable                           
20006599  SPIConfigSetExpClk                    
2000665b  SPIDataGet                            
20006631  SPIDataGetNonBlocking                 
200066a3  SPIDataPut                            
2000667b  SPIDataPutNonBlocking                 
2000652b  SPIDisable                            
2000655d  SPIDmaDisable                         
20006543  SPIDmaEnable                          
20006513  SPIEnable                             
200066db  SPIFIFODisable                        
200066c1  SPIFIFOEnable                         
20006729  SPIFIFOLevelGet                       
200066f5  SPIFIFOLevelSet                       
200068c1  SPIIntClear                           
20006803  SPIIntDisable                         
200067bf  SPIIntEnable                          
2000677f  SPIIntRegister                        
2000684d  SPIIntStatus                          
200067a5  SPIIntUnregister                      
20006577  SPIReset                              
2000692f  SPITransfer                           
2000675d  SPIWordCountSet                       
200045d5  SimpleLinkGeneralEventHandler         
200045b1  SimpleLinkHttpServerCallback          
2000450f  SimpleLinkNetAppEventHandler          
200045f5  SimpleLinkSockEventHandler            
20004401  SimpleLinkWlanEventHandler            
2000d02d  TimerConfigure                        
2000dc23  TimerEnable                           
2000db85  TimerGetCurrentTimestamp              
2000d8b5  TimerLoadSet                          
2000d8df  TimerPrescaleSet                      
2000dc7d  TimerValueGet                         
200076a1  TrimSpace                             
2000dc99  UARTCharGetNonBlocking                
2000dc41  UARTCharPut                           
2000dda7  UARTCharsAvail                        
2000bfad  UARTConfigSetExpClk                   
2000d745  UARTDisable                           
2000dadd  UARTEnable                            
2000df89  UtilsDelay                            
2000e35c  _SlActionLookupTable                  
2000ae81  _SlDriverHandleError                  
2000cecd  _SlDrvBasicCmd                        
2000ab0d  _SlDrvCmdOp                           
2000c259  _SlDrvCmdSend                         
20007ca5  _SlDrvDataReadOp                      
20008ec1  _SlDrvDataWriteOp                     
2000b061  _SlDrvDeviceEventHandler              
2000df07  _SlDrvDispatchHttpServerEvents        
20009789  _SlDrvDriverCBDeinit                  
200083dd  _SlDrvDriverCBInit                    
2000d931  _SlDrvGlobalObjUnLock                 
2000d071  _SlDrvHandleHttpServerEvents          
2000d249  _SlDrvHandleNetAppEvents              
2000d289  _SlDrvHandleWlanEvents                
2000b7e9  _SlDrvIsTimeoutExpired                
2000de65  _SlDrvMemZero                         
2000a295  _SlDrvMsgReadSpawnCtx                 
20009aed  _SlDrvNetAppEventHandler              
2000da49  _SlDrvObjLockWaitForever              
2000dba5  _SlDrvObjUnLock                       
2000cd09  _SlDrvProtectAsyncRespSetting         
2000d85d  _SlDrvProtectionObjLockWaitForever    
2000d959  _SlDrvProtectionObjUnLock             
20007e89  _SlDrvReleasePoolObj                  
2000df17  _SlDrvResetCmdExt                     
2000cb69  _SlDrvRxIrqHandler                    
2000dcb5  _SlDrvStartMeasureTimeout             
2000dbc5  _SlDrvSyncObjSignal                   
2000d981  _SlDrvSyncObjWaitForever              
2000d0b5  _SlDrvSyncObjWaitTimeout              
2000872d  _SlDrvWaitForPoolObj                  
2000e572  _SlNetAppSendTokenValueCmdCtrl        
2000c025  _SlNonOsMainLoopTask                  
2000ac81  _SlNonOsSemGet                        
2000ddbf  _SlNonOsSemSet                        
2000c469  _SlNonOsSpawn                         
2001f168  __CIOBUF_                             
20030000  __STACK_END                           
00001000  __STACK_SIZE                          
00008000  __SYSMEM_SIZE                         
2000e660  __TI_CINIT_Base                       
2000e670  __TI_CINIT_Limit                      
2000e648  __TI_Handler_Table_Base               
2000e654  __TI_Handler_Table_Limit              
2000d0f9  __TI_auto_init_nobinit_nopinit        
2000d6ad  __TI_cleanup                          
2001f61c  __TI_cleanup_ptr                      
2000c099  __TI_closefile                        
2000c399  __TI_decompress_lzss                  
2000df25  __TI_decompress_none                  
2000cd55  __TI_doflush                          
2001f620  __TI_dtors_ptr                        
2001f624  __TI_enable_exit_profile_output       
2001f5fc  __TI_ft_end                           
2000cbbd  __TI_ltoa                             
ffffffff  __TI_pprof_out_hndl                   
200057ed  __TI_printfi                          
ffffffff  __TI_prof_data_size                   
ffffffff  __TI_prof_data_start                  
2000d6e1  __TI_readmsg                          
2000e5b8  __TI_static_base__                    
2001f288  __TI_tmpnams                          
2000d569  __TI_writemsg                         
2000c6c1  __TI_wrt_ok                           
2000dcd1  __TI_zero_init_nomemset               
2000baa1  __aeabi_cdcmpeq                       
2000baa1  __aeabi_cdcmple                       
2000bb27  __aeabi_cdrcmple                      
2000cf5d  __aeabi_d2iz                          
2000822f  __aeabi_dadd                          
2000951d  __aeabi_ddiv                          
20009cf1  __aeabi_dmul                          
20008225  __aeabi_dsub                          
2000df79  __aeabi_errno_addr                    
2000d7d5  __aeabi_i2d                           
20009653  __aeabi_idiv0                         
20009653  __aeabi_ldiv0                         
2000beb9  __aeabi_memclr                        
2000beb9  __aeabi_memclr4                       
2000beb9  __aeabi_memclr8                       
2000afc5  __aeabi_memcpy                        
2000afc5  __aeabi_memcpy4                       
2000afc5  __aeabi_memcpy8                       
2000bebb  __aeabi_memset                        
2000bebb  __aeabi_memset4                       
2000bebb  __aeabi_memset8                       
2001f608  __aeabi_stderr                        
2001f600  __aeabi_stdin                         
2001f604  __aeabi_stdout                        
2000b3f5  __aeabi_uldivmod                      
ffffffff  __binit__                             
ffffffff  __c_args__                            
UNDEFED   __mpu_init                            
2002f000  __stack                               
20017000  __start___llvm_prf_cnts               
20017000  __stop___llvm_prf_cnts                
2000db01  _c_int00_noargs                       
2000dfa0  _ctypes_                              
2001f4d4  _device                               
2001f3e4  _ftable                               
2001f640  _lock                                 
200083db  _nop                                  
2000c4cd  _sl_HandleAsync_Accept                
2000bd39  _sl_HandleAsync_Connect               
2000b521  _sl_HandleAsync_DnsGetHostByName      
2000a8b1  _sl_HandleAsync_DnsGetHostByService   
2000b875  _sl_HandleAsync_InitComplete          
2000b5b1  _sl_HandleAsync_PingResponse          
2000cc11  _sl_HandleAsync_Select                
2000ccb9  _sl_HandleAsync_Stop                  
2000c2c5  _sl_NetAppSendTokenValue              
2001f54c  _stream                               
20017000  _sys_memory                           
UNDEFED   _system_post_cinit                    
2000df97  _system_pre_init                      
2001f644  _unlock                               
2000df9b  abort                                 
20009bf1  aligned_alloc                         
2000cded  atoi                                  
ffffffff  binit                                 
2000c8a5  close                                 
2000df59  copysign                              
2000df59  copysignl                             
2001f650  errno                                 
2000cf15  exit                                  
2000d7a5  finddevice                            
2000b901  fputc                                 
200099d9  fputs                                 
2000a37d  free                                  
2000c901  frexp                                 
2000c901  frexpl                                
2000c531  fseek                                 
2001f5f8  g_Host                                
2001f60c  g_SlDeviceStatus                      
2001f634  g_SpiFd                               
2001f59c  g__SlNonOsCB                          
2001f3dd  g_bDeviceRestartIsRequired            
2001f3de  g_cDummy                              
2001f610  g_pCB                                 
2001f638  g_pHostIntHdl                         
20004000  g_pfnVectors                          
2001f378  g_time                                
2001f3c8  g_ucConnectionBSSID                   
2001f3a4  g_ucConnectionSSID                    
2001f63c  g_ucDMAEnabled                        
2001f328  g_ucDinDout                           
2001f3df  g_ucLED1Pin                           
2001f3e0  g_ucLED2Pin                           
2001f3e1  g_ucLED3Pin                           
2001f628  g_uiLED1Port                          
2001f62c  g_uiLED2Port                          
2001f630  g_uiLED3Port                          
2001f5f4  g_ulGatewayIP                         
2001f5f0  g_ulPingPacketsRecv                   
2001f5ec  g_ulStatus                            
2000d181  getdevice                             
2000a7e1  ldexp                                 
2000a7e1  ldexpl                                
2000d9d1  lseek                                 
200050bd  main                                  
2000df81  malloc                                
20009bf1  memalign                              
2000dd09  memccpy                               
2000dbe5  memchr                                
2000afc5  memcpy                                
2000d9f9  memmove                               
2000bec1  memset                                
2001f614  pPingCallBackFunc                     
2001f3d0  parmbuf                               
20004dd7  printErrConvenience                   
2000c401  printf                                
2000b901  putc                                  
2000a461  realloc                               
2000d889  remove                                
2000a7e1  scalbn                                
2000a7e1  scalbnl                               
2000a705  setvbuf                               
2000d47d  simplelink_timerA2_start              
2000c785  sl_Close                              
20008a4d  sl_Connect                            
2000a97d  sl_DevGet                             
2000b0fd  sl_DevSet                             
2000d1c5  sl_Htonl                              
2000d4b9  sl_Htons                              
2000929d  sl_NetAppDnsGetHostByName             
2000a545  sl_NetAppMDNSRegisterUnregisterService
2000c595  sl_NetAppMDNSUnRegisterService        
2000b195  sl_NetCfgSet                          
2000da6f  sl_Provisioning_HttpServerEventHdl    
2000da7d  sl_Provisioning_NetAppEventHdl        
2000da89  sl_Provisioning_WlanEventHdl          
2000af25  sl_Recv                               
20009655  sl_Send                               
2000b22d  sl_SetSockOpt                         
2000b98d  sl_Socket                             
20009ded  sl_Start                              
20009edd  sl_Stop                               
200072f9  sl_WlanConnect                        
2000d5a1  sl_WlanDisconnect                     
2000b641  sl_WlanPolicySet                      
2000c7e5  sl_WlanProfileDel                     
2000bc31  sl_WlanRxFilterSet                    
2000b2c5  sl_WlanSet                            
2000c845  sl_WlanSetMode                        
2000bf35  spi_Close                             
20009011  spi_Open                              
20009fcd  spi_Read                              
2000b35d  spi_Write                             
2000d309  sprintf                               
2000de7b  strchr                                
2000de21  strcmp                                
2000decd  strcpy                                
2000dee1  strlen                                
2000d60f  strncpy                               
2000ce39  uDMAChannelAssign                     
2000c5f9  uDMAChannelAttributeDisable           
2000c65d  uDMAChannelAttributeEnable            
2000d4f5  uDMAChannelControlSet                 
2000dd25  uDMAChannelEnable                     
2000a0bd  uDMAChannelTransferSet                
2000d889  unlink                                
2000d349  vsnprintf                             
2000def5  wcslen                                
2000da21  write                                 


GLOBAL SYMBOLS: SORTED BY Symbol Address 

address   name                                  
-------   ----                                  
00001000  __STACK_SIZE                          
00008000  __SYSMEM_SIZE                         
20004000  g_pfnVectors                          
20004401  SimpleLinkWlanEventHandler            
2000450f  SimpleLinkNetAppEventHandler          
200045b1  SimpleLinkHttpServerCallback          
200045d5  SimpleLinkGeneralEventHandler         
200045f5  SimpleLinkSockEventHandler            
20004dd7  printErrConvenience                   
200050bd  main                                  
200057ed  __TI_printfi                          
20006513  SPIEnable                             
2000652b  SPIDisable                            
20006543  SPIDmaEnable                          
2000655d  SPIDmaDisable                         
20006577  SPIReset                              
20006599  SPIConfigSetExpClk                    
20006631  SPIDataGetNonBlocking                 
2000665b  SPIDataGet                            
2000667b  SPIDataPutNonBlocking                 
200066a3  SPIDataPut                            
200066c1  SPIFIFOEnable                         
200066db  SPIFIFODisable                        
200066f5  SPIFIFOLevelSet                       
20006729  SPIFIFOLevelGet                       
2000675d  SPIWordCountSet                       
2000677f  SPIIntRegister                        
200067a5  SPIIntUnregister                      
200067bf  SPIIntEnable                          
20006803  SPIIntDisable                         
2000684d  SPIIntStatus                          
200068c1  SPIIntClear                           
200068ff  SPICSEnable                           
20006917  SPICSDisable                          
2000692f  SPITransfer                           
20006f9d  GPIO_IF_LedConfigure                  
20006fdb  GPIO_IF_LedOn                         
2000708f  GPIO_IF_LedOff                        
20007143  GPIO_IF_LedStatus                     
200071ad  GPIO_IF_LedToggle                     
200071db  GPIO_IF_GetPortNPin                   
20007221  GPIO_IF_ConfigureNIntEnable           
20007269  GPIO_IF_Set                           
200072ad  GPIO_IF_Get                           
200072f9  sl_WlanConnect                        
20007579  InitTerm                              
20007597  Message                               
200075b9  ClearTerm                             
200075c3  Error                                 
200075fb  GetCmd                                
200076a1  TrimSpace                             
20007739  Report                                
20007ca5  _SlDrvDataReadOp                      
20007e89  _SlDrvReleasePoolObj                  
20008225  __aeabi_dsub                          
2000822f  __aeabi_dadd                          
200083db  _nop                                  
200083dd  _SlDrvDriverCBInit                    
2000872d  _SlDrvWaitForPoolObj                  
200088bd  PinMuxConfig                          
20008a4d  sl_Connect                            
20008bd9  PRCMCC3200MCUInit                     
20008ec1  _SlDrvDataWriteOp                     
20009011  spi_Open                              
2000929d  sl_NetAppDnsGetHostByName             
2000951d  __aeabi_ddiv                          
20009653  __aeabi_idiv0                         
20009653  __aeabi_ldiv0                         
20009655  sl_Send                               
20009789  _SlDrvDriverCBDeinit                  
200099d9  fputs                                 
20009aed  _SlDrvNetAppEventHandler              
20009bf1  aligned_alloc                         
20009bf1  memalign                              
20009cf1  __aeabi_dmul                          
20009ded  sl_Start                              
20009edd  sl_Stop                               
20009fcd  spi_Read                              
2000a0bd  uDMAChannelTransferSet                
2000a295  _SlDrvMsgReadSpawnCtx                 
2000a37d  free                                  
2000a461  realloc                               
2000a545  sl_NetAppMDNSRegisterUnregisterService
2000a705  setvbuf                               
2000a7e1  ldexp                                 
2000a7e1  ldexpl                                
2000a7e1  scalbn                                
2000a7e1  scalbnl                               
2000a8b1  _sl_HandleAsync_DnsGetHostByService   
2000a97d  sl_DevGet                             
2000ab0d  _SlDrvCmdOp                           
2000ac81  _SlNonOsSemGet                        
2000ad31  IntDisable                            
2000add9  IntEnable                             
2000ae81  _SlDriverHandleError                  
2000af25  sl_Recv                               
2000afc5  __aeabi_memcpy                        
2000afc5  __aeabi_memcpy4                       
2000afc5  __aeabi_memcpy8                       
2000afc5  memcpy                                
2000b061  _SlDrvDeviceEventHandler              
2000b0fd  sl_DevSet                             
2000b195  sl_NetCfgSet                          
2000b22d  sl_SetSockOpt                         
2000b2c5  sl_WlanSet                            
2000b35d  spi_Write                             
2000b3f5  __aeabi_uldivmod                      
2000b48d  PRCMPeripheralClockGet                
2000b521  _sl_HandleAsync_DnsGetHostByName      
2000b5b1  _sl_HandleAsync_PingResponse          
2000b641  sl_WlanPolicySet                      
2000b7e9  _SlDrvIsTimeoutExpired                
2000b875  _sl_HandleAsync_InitComplete          
2000b901  fputc                                 
2000b901  putc                                  
2000b98d  sl_Socket                             
2000ba19  PinConfigSet                          
2000baa1  __aeabi_cdcmpeq                       
2000baa1  __aeabi_cdcmple                       
2000bb27  __aeabi_cdrcmple                      
2000bbad  NwpPowerOnPreamble                    
2000bc31  sl_WlanRxFilterSet                    
2000bcb5  GPIOIntTypeSet                        
2000bd39  _sl_HandleAsync_Connect               
2000beb9  __aeabi_memclr                        
2000beb9  __aeabi_memclr4                       
2000beb9  __aeabi_memclr8                       
2000bebb  __aeabi_memset                        
2000bebb  __aeabi_memset4                       
2000bebb  __aeabi_memset8                       
2000bec1  memset                                
2000bf35  spi_Close                             
2000bfad  UARTConfigSetExpClk                   
2000c025  _SlNonOsMainLoopTask                  
2000c099  __TI_closefile                        
2000c1ed  HOSTrename                            
2000c259  _SlDrvCmdSend                         
2000c2c5  _sl_NetAppSendTokenValue              
2000c331  HOSTlseek                             
2000c399  __TI_decompress_lzss                  
2000c401  printf                                
2000c469  _SlNonOsSpawn                         
2000c4cd  _sl_HandleAsync_Accept                
2000c531  fseek                                 
2000c595  sl_NetAppMDNSUnRegisterService        
2000c5f9  uDMAChannelAttributeDisable           
2000c65d  uDMAChannelAttributeEnable            
2000c6c1  __TI_wrt_ok                           
2000c725  HOSTopen                              
2000c785  sl_Close                              
2000c7e5  sl_WlanProfileDel                     
2000c845  sl_WlanSetMode                        
2000c8a5  close                                 
2000c901  frexp                                 
2000c901  frexpl                                
2000c95d  HOSTread                              
2000c9b5  HOSTwrite                             
2000ca0d  IntPendClear                          
2000ca65  PRCMPeripheralReset                   
2000cb15  IntPrioritySet                        
2000cb69  _SlDrvRxIrqHandler                    
2000cbbd  __TI_ltoa                             
2000cc11  _sl_HandleAsync_Select                
2000ccb9  _sl_HandleAsync_Stop                  
2000cd09  _SlDrvProtectAsyncRespSetting         
2000cd55  __TI_doflush                          
2000cded  atoi                                  
2000ce39  uDMAChannelAssign                     
2000cecd  _SlDrvBasicCmd                        
2000cf15  exit                                  
2000cf5d  __aeabi_d2iz                          
2000cfa5  HOSTclose                             
2000cfe9  HOSTunlink                            
2000d02d  TimerConfigure                        
2000d071  _SlDrvHandleHttpServerEvents          
2000d0b5  _SlDrvSyncObjWaitTimeout              
2000d0f9  __TI_auto_init_nobinit_nopinit        
2000d181  getdevice                             
2000d1c5  sl_Htonl                              
2000d209  PinModeSet                            
2000d249  _SlDrvHandleNetAppEvents              
2000d289  _SlDrvHandleWlanEvents                
2000d309  sprintf                               
2000d349  vsnprintf                             
2000d389  NwpRegisterInterruptHandler           
2000d441  PRCMPeripheralClkEnable               
2000d47d  simplelink_timerA2_start              
2000d4b9  sl_Htons                              
2000d4f5  uDMAChannelControlSet                 
2000d531  NwpPowerOff                           
2000d569  __TI_writemsg                         
2000d597  C$$IO$$                               
2000d5a1  sl_WlanDisconnect                     
2000d5d9  GPIODirModeSet                        
2000d60f  strncpy                               
2000d645  NwpPowerOn                            
2000d679  PRCMPeripheralStatusGet               
2000d6ad  __TI_cleanup                          
2000d6e1  __TI_readmsg                          
2000d715  PinTypeGPIO                           
2000d745  UARTDisable                           
2000d7a5  finddevice                            
2000d7d5  __aeabi_i2d                           
2000d805  PRCMSysResetCauseGet                  
2000d85d  _SlDrvProtectionObjLockWaitForever    
2000d889  remove                                
2000d889  unlink                                
2000d8b5  TimerLoadSet                          
2000d8df  TimerPrescaleSet                      
2000d909  PRCMPeripheralClkDisable              
2000d931  _SlDrvGlobalObjUnLock                 
2000d959  _SlDrvProtectionObjUnLock             
2000d981  _SlDrvSyncObjWaitForever              
2000d9d1  lseek                                 
2000d9f9  memmove                               
2000da21  write                                 
2000da49  _SlDrvObjLockWaitForever              
2000da6f  sl_Provisioning_HttpServerEventHdl    
2000da7d  sl_Provisioning_NetAppEventHdl        
2000da89  sl_Provisioning_WlanEventHdl          
2000da95  DmaSpiSwIntHandler                    
2000dab9  IntUnregister                         
2000dadd  UARTEnable                            
2000db01  _c_int00_noargs                       
2000db25  GPIOPinWrite                          
2000db45  IntRegister                           
2000db65  NwpPrePowerOffTimout0                 
2000db85  TimerGetCurrentTimestamp              
2000dba5  _SlDrvObjUnLock                       
2000dbc5  _SlDrvSyncObjSignal                   
2000dbe5  memchr                                
2000dc05  GPIOIntRegister                       
2000dc23  TimerEnable                           
2000dc41  UARTCharPut                           
2000dc7d  TimerValueGet                         
2000dc99  UARTCharGetNonBlocking                
2000dcb5  _SlDrvStartMeasureTimeout             
2000dcd1  __TI_zero_init_nomemset               
2000dd09  memccpy                               
2000dd25  uDMAChannelEnable                     
2000dd41  GPIOIntEnable                         
2000dd5b  PinTypeSPI                            
2000dd75  PinTypeUART                           
2000dd8f  GPIOPinRead                           
2000dda7  UARTCharsAvail                        
2000ddbf  _SlNonOsSemSet                        
2000de21  strcmp                                
2000de39  PRCMHIBRegRead                        
2000de4f  PRCMHIBRegWrite                       
2000de65  _SlDrvMemZero                         
2000de7b  strchr                                
2000de91  CPUcpsie                              
2000dea5  GPIOIntClear                          
2000deb9  IntVTableBaseSet                      
2000decd  strcpy                                
2000dee1  strlen                                
2000def5  wcslen                                
2000df07  _SlDrvDispatchHttpServerEvents        
2000df17  _SlDrvResetCmdExt                     
2000df25  __TI_decompress_none                  
2000df33  ResetISR                              
2000df41  NwpMaskInterrupt                      
2000df4d  NwpUnMaskInterrupt                    
2000df59  copysign                              
2000df59  copysignl                             
2000df65  IntMasterEnable                       
2000df79  __aeabi_errno_addr                    
2000df81  malloc                                
2000df89  UtilsDelay                            
2000df97  _system_pre_init                      
2000df9b  C$$EXIT                               
2000df9b  abort                                 
2000dfa0  _ctypes_                              
2000e320  OpcodeTranslateTable                  
2000e35c  _SlActionLookupTable                  
2000e572  _SlNetAppSendTokenValueCmdCtrl        
2000e5b8  __TI_static_base__                    
2000e648  __TI_Handler_Table_Base               
2000e654  __TI_Handler_Table_Limit              
2000e660  __TI_CINIT_Base                       
2000e670  __TI_CINIT_Limit                      
20017000  __start___llvm_prf_cnts               
20017000  __stop___llvm_prf_cnts                
20017000  _sys_memory                           
2001f168  __CIOBUF_                             
2001f288  __TI_tmpnams                          
2001f328  g_ucDinDout                           
2001f378  g_time                                
2001f3a4  g_ucConnectionSSID                    
2001f3c8  g_ucConnectionBSSID                   
2001f3d0  parmbuf                               
2001f3dc  RxIrqCnt                              
2001f3dd  g_bDeviceRestartIsRequired            
2001f3de  g_cDummy                              
2001f3df  g_ucLED1Pin                           
2001f3e0  g_ucLED2Pin                           
2001f3e1  g_ucLED3Pin                           
2001f3e4  _ftable                               
2001f4d4  _device                               
2001f54c  _stream                               
2001f59c  g__SlNonOsCB                          
2001f5ec  g_ulStatus                            
2001f5f0  g_ulPingPacketsRecv                   
2001f5f4  g_ulGatewayIP                         
2001f5f8  g_Host                                
2001f5fc  __TI_ft_end                           
2001f600  __aeabi_stdin                         
2001f604  __aeabi_stdout                        
2001f608  __aeabi_stderr                        
2001f60c  g_SlDeviceStatus                      
2001f610  g_pCB                                 
2001f614  pPingCallBackFunc                     
2001f61c  __TI_cleanup_ptr                      
2001f620  __TI_dtors_ptr                        
2001f624  __TI_enable_exit_profile_output       
2001f628  g_uiLED1Port                          
2001f62c  g_uiLED2Port                          
2001f630  g_uiLED3Port                          
2001f634  g_SpiFd                               
2001f638  g_pHostIntHdl                         
2001f63c  g_ucDMAEnabled                        
2001f640  _lock                                 
2001f644  _unlock                               
2001f650  errno                                 
2002f000  __stack                               
20030000  __STACK_END                           
ffffffff  __TI_pprof_out_hndl                   
ffffffff  __TI_prof_data_size                   
ffffffff  __TI_prof_data_start                  
ffffffff  __binit__                             
ffffffff  __c_args__                            
ffffffff  binit                                 
UNDEFED   __mpu_init                            
UNDEFED   _system_post_cinit                    

[334 symbols]
