******************************************************************************
                  TI ARM Linker PC v20.2.7                     
******************************************************************************
>> Linked Sun Jun 11 20:22:53 2023

OUTPUT FILE NAME:   <Lab6.out>
ENTRY POINT SYMBOL: "_c_int00_noargs"  address: 2001099d


MEMORY CONFIGURATION

         name            origin    length      used     unused   attr    fill
----------------------  --------  ---------  --------  --------  ----  --------
  SRAM_CODE             20004000   00013000  0000de86  0000517a  RW X
  SRAM_DATA             20017000   00019000  0000a78f  0000e871  RW X


SEGMENT ALLOCATION MAP

run origin  load origin   length   init length attrs members
----------  ----------- ---------- ----------- ----- -------
20004000    20004000    0000de88   0000de88    r-x
  20004000    20004000    00000400   00000400    r-- .intvecs
  20004400    20004400    0000cc56   0000cc56    r-x .text
  20011058    20011058    00000d80   00000d80    r-- .const
  20011dd8    20011dd8    000000b0   000000b0    r-- .cinit
20017000    20017000    00009790   00000000    rw-
  20017000    20017000    00008000   00000000    rw- .sysmem
  2001f000    2001f000    000014ff   00000000    rw- .bss
  20020500    20020500    00000290   00000000    rw- .data
2002f000    2002f000    00001000   00000000    rw-
  2002f000    2002f000    00001000   00000000    rw- .stack


SECTION ALLOCATION MAP

 output                                  attributes/
section   page    origin      length       input sections
--------  ----  ----------  ----------   ----------------
.intvecs   0    20004000    00000400     
                  20004000    00000400     startup_ccs.obj (.intvecs)

.init_array 
*          0    20004000    00000000     UNINITIALIZED

.text      0    20004400    0000cc56     
                  20004400    00002dd8     main.obj (.text)
                  200071d8    00000a80     Adafruit_GFX.obj (.text)
                  20007c58    00000a4e     rtsv7M4_T_le_eabi.lib : _printfi.c.obj (.text:__TI_printfi)
                  200086a6    00000002     driverlib.a : interrupt.obj (.text:IntDefaultHandler)
                  200086a8    00000794     spi.obj (.text)
                  20008e3c    00000590     simplelink.a : driver.obj (.text:_SlDrvMsgRead)
                  200093cc    000004a6     Adafruit_OLED.obj (.text)
                  20009872    00000002     rtsv7M4_T_le_eabi.lib : _lock.c.obj (.text:_nop)
                  20009874    000002a0     i2c_if.obj (.text)
                  20009b14    00000280     simplelink.a : wlan.obj (.text:sl_WlanConnect)
                  20009d94    0000027c     uart_if.obj (.text)
                  2000a010    00000268     rtsv7M4_T_le_eabi.lib : _printfi.c.obj (.text:_pconv_a)
                  2000a278    00000248     simplelink.a : driver.obj (.text:_SlDrvRxHdrRead)
                  2000a4c0    000001e4                  : driver.obj (.text:_SlDrvDataReadOp)
                  2000a6a4    000001d0                  : driver.obj (.text:_SlDrvReleasePoolObj)
                  2000a874    000001cc     rtsv7M4_T_le_eabi.lib : _printfi.c.obj (.text:_pconv_g)
                  2000aa40    000001b6                           : fd_add_t2.asm.obj (.text)
                  2000abf6    00000002                           : div0.asm.obj (.text)
                  2000abf8    000001b4     simplelink.a : driver.obj (.text:_SlDrvDriverCBInit)
                  2000adac    0000019c                  : driver.obj (.text:_SlDrvMsgWrite)
                  2000af48    00000198     timer_if.obj (.text)
                  2000b0e0    00000190     simplelink.a : driver.obj (.text:_SlDrvWaitForPoolObj)
                  2000b270    0000018c                  : socket.obj (.text:sl_Connect)
                  2000b3fc    00000178     driverlib.a : prcm.obj (.text:PRCMCC3200MCUInit)
                  2000b574    00000170     simplelink.a : driver.obj (.text:_SlFindAndSetActiveObj)
                  2000b6e4    00000150                  : driver.obj (.text:_SlDrvDataWriteOp)
                  2000b834    00000148                  : cc_pal.obj (.text:spi_Open)
                  2000b97c    00000144                  : driver.obj (.text:_SlDrvMsgReadCmdCtx)
                  2000bac0    00000144                  : netapp.obj (.text:sl_NetAppDnsGetHostByName)
                  2000bc04    0000013c     rtsv7M4_T_le_eabi.lib : _printfi.c.obj (.text:_pconv_e)
                  2000bd40    00000136                           : fd_div_t2.asm.obj (.text)
                  2000be76    00000002     --HOLE-- [fill = 0]
                  2000be78    00000134     simplelink.a : socket.obj (.text:sl_Send)
                  2000bfac    00000130                  : driver.obj (.text:_SlDrvDriverCBDeinit)
                  2000c0dc    00000124     pinmux.obj (.text)
                  2000c200    00000120     rtsv7M4_T_le_eabi.lib : _printfi.c.obj (.text:fcvt)
                  2000c320    00000114                           : fputs.c.obj (.text:fputs)
                  2000c434    00000104     simplelink.a : netapp.obj (.text:_SlDrvNetAppEventHandler)
                  2000c538    00000100     rtsv7M4_T_le_eabi.lib : memory.c.obj (.text:aligned_alloc)
                  2000c638    000000fc                           : fd_mul_t2.asm.obj (.text)
                  2000c734    000000fa                           : fs_add_t2.asm.obj (.text)
                  2000c82e    00000002     --HOLE-- [fill = 0]
                  2000c830    000000f0     simplelink.a : device.obj (.text:sl_Start)
                  2000c920    000000f0                  : device.obj (.text:sl_Stop)
                  2000ca10    000000f0                  : cc_pal.obj (.text:spi_Read)
                  2000cb00    000000f0     driverlib.a : udma.obj (.text:uDMAChannelTransferSet)
                  2000cbf0    000000e8     simplelink.a : driver.obj (.text:_SlAsyncEventGenericHandler)
                  2000ccd8    000000e8                  : driver.obj (.text:_SlDrvMsgReadSpawnCtx)
                  2000cdc0    000000e4     rtsv7M4_T_le_eabi.lib : memory.c.obj (.text:free)
                  2000cea4    000000e4                           : memory.c.obj (.text:realloc)
                  2000cf88    000000e4     simplelink.a : netapp.obj (.text:sl_NetAppMDNSRegisterUnregisterService)
                  2000d06c    000000dc                  : driver.obj (.text:_SlDrvClassifyRxMsg)
                  2000d148    000000dc     rtsv7M4_T_le_eabi.lib : setvbuf.c.obj (.text:setvbuf)
                  2000d224    000000d0                           : s_scalbn.c.obj (.text:scalbn)
                  2000d2f4    000000cc     simplelink.a : netapp.obj (.text:_sl_HandleAsync_DnsGetHostByService)
                  2000d3c0    000000cc                  : device.obj (.text:sl_DevGet)
                  2000d48c    000000c4                  : driver.obj (.text:_SlRemoveFromList)
                  2000d550    000000c0                  : driver.obj (.text:_SlDrvCmdOp)
                  2000d610    000000b1     rtsv7M4_T_le_eabi.lib : _printfi.c.obj (.text:_ltostr)
                  2000d6c1    00000003     --HOLE-- [fill = 0]
                  2000d6c4    000000b0     simplelink.a : nonos.obj (.text:_SlNonOsSemGet)
                  2000d774    000000a8     driverlib.a : interrupt.obj (.text:IntDisable)
                  2000d81c    000000a8                 : interrupt.obj (.text:IntEnable)
                  2000d8c4    000000a4     simplelink.a : driver.obj (.text:_SlDriverHandleError)
                  2000d968    000000a0                  : socket.obj (.text:sl_Recv)
                  2000da08    0000009c     rtsv7M4_T_le_eabi.lib : memcpy_t2.asm.obj (.text)
                  2000daa4    0000009a     simplelink.a : device.obj (.text:_SlDrvDeviceEventHandler)
                  2000db3e    00000002     --HOLE-- [fill = 0]
                  2000db40    00000098                  : device.obj (.text:sl_DevSet)
                  2000dbd8    00000098                  : netcfg.obj (.text:sl_NetCfgSet)
                  2000dc70    00000098                  : socket.obj (.text:sl_SetSockOpt)
                  2000dd08    00000098                  : wlan.obj (.text:sl_WlanSet)
                  2000dda0    00000098                  : cc_pal.obj (.text:spi_Write)
                  2000de38    00000096     rtsv7M4_T_le_eabi.lib : ull_div_t2.asm.obj (.text)
                  2000dece    00000002     --HOLE-- [fill = 0]
                  2000ded0    00000094     driverlib.a : prcm.obj (.text:PRCMPeripheralClockGet)
                  2000df64    00000092     rtsv7M4_T_le_eabi.lib : fs_div_t2.asm.obj (.text)
                  2000dff6    00000002     --HOLE-- [fill = 0]
                  2000dff8    00000090     simplelink.a : netapp.obj (.text:_sl_HandleAsync_DnsGetHostByName)
                  2000e088    00000090                  : netapp.obj (.text:_sl_HandleAsync_PingResponse)
                  2000e118    00000090                  : wlan.obj (.text:sl_WlanPolicySet)
                  2000e1a8    0000008c                  : cc_pal.obj (.text:SetupDMAReceive)
                  2000e234    0000008c                  : cc_pal.obj (.text:SetupDMASend)
                  2000e2c0    0000008c                  : driver.obj (.text:_SlDrvIsTimeoutExpired)
                  2000e34c    0000008c                  : device.obj (.text:_sl_HandleAsync_InitComplete)
                  2000e3d8    0000008c     rtsv7M4_T_le_eabi.lib : fputc.c.obj (.text:fputc)
                  2000e464    0000008c     simplelink.a : socket.obj (.text:sl_Socket)
                  2000e4f0    00000088     driverlib.a : pin.obj (.text:PinConfigSet)
                  2000e578    00000086     rtsv7M4_T_le_eabi.lib : fd_cmp_t2.asm.obj (.text:__aeabi_cdcmple)
                  2000e5fe    00000086                           : fd_cmp_t2.asm.obj (.text:__aeabi_cdrcmple)
                  2000e684    00000084     driverlib.a : i2c.obj (.text:I2CMasterInitExpClk)
                  2000e708    00000084     simplelink.a : cc_pal.obj (.text:NwpPowerOnPreamble)
                  2000e78c    00000084                  : wlan.obj (.text:sl_WlanRxFilterSet)
                  2000e810    00000082     driverlib.a : gpio.obj (.text:GPIOIntTypeSet)
                  2000e892    00000002     --HOLE-- [fill = 0]
                  2000e894    00000080     simplelink.a : socket.obj (.text:_sl_HandleAsync_Connect)
                  2000e914    00000080                  : cc_pal.obj (.text:spi_Read_CPU)
                  2000e994    00000080                  : cc_pal.obj (.text:spi_Write_CPU)
                  2000ea14    0000007a     rtsv7M4_T_le_eabi.lib : memset_t2.asm.obj (.text)
                  2000ea8e    00000002     --HOLE-- [fill = 0]
                  2000ea90    00000078     simplelink.a : cc_pal.obj (.text:spi_Close)
                  2000eb08    00000076     driverlib.a : uart.obj (.text:UARTConfigSetExpClk)
                  2000eb7e    00000002     --HOLE-- [fill = 0]
                  2000eb80    00000074     simplelink.a : nonos.obj (.text:_SlNonOsMainLoopTask)
                  2000ebf4    00000074     rtsv7M4_T_le_eabi.lib : fclose.c.obj (.text:__TI_closefile)
                  2000ec68    00000070     driverlib.a : timer.obj (.text:TimerIntRegister)
                  2000ecd8    00000070     rtsv7M4_T_le_eabi.lib : memory.c.obj (.text:split)
                  2000ed48    0000006e                           : _printfi.c.obj (.text:_mcpy)
                  2000edb6    00000002     --HOLE-- [fill = 0]
                  2000edb8    0000006c                           : hostrename.c.obj (.text:HOSTrename)
                  2000ee24    0000006c     simplelink.a : driver.obj (.text:_SlDrvCmdSend)
                  2000ee90    0000006c                  : netapp.obj (.text:_sl_NetAppSendTokenValue)
                  2000eefc    00000068     rtsv7M4_T_le_eabi.lib : hostlseek.c.obj (.text:HOSTlseek)
                  2000ef64    00000068     driverlib.a : timer.obj (.text:TimerIntUnregister)
                  2000efcc    00000068     rtsv7M4_T_le_eabi.lib : copy_decompress_lzss.c.obj (.text:decompress:lzss:__TI_decompress_lzss)
                  2000f034    00000068                           : printf.c.obj (.text:printf)
                  2000f09c    00000064     simplelink.a : nonos.obj (.text:_SlNonOsSpawn)
                  2000f100    00000064                  : socket.obj (.text:_sl_HandleAsync_Accept)
                  2000f164    00000064     rtsv7M4_T_le_eabi.lib : fseek.c.obj (.text:fseek)
                  2000f1c8    00000064     simplelink.a : netapp.obj (.text:sl_NetAppMDNSUnRegisterService)
                  2000f22c    00000064     driverlib.a : udma.obj (.text:uDMAChannelAttributeDisable)
                  2000f290    00000064                 : udma.obj (.text:uDMAChannelAttributeEnable)
                  2000f2f4    00000062     rtsv7M4_T_le_eabi.lib : _io_perm.c.obj (.text:__TI_wrt_ok)
                  2000f356    00000002     --HOLE-- [fill = 0]
                  2000f358    00000060                           : hostopen.c.obj (.text:HOSTopen)
                  2000f3b8    00000060                           : fs_cmp_t2.asm.obj (.text:__aeabi_cfcmple)
                  2000f418    00000060                           : fs_cmp_t2.asm.obj (.text:__aeabi_cfrcmple)
                  2000f478    00000060     simplelink.a : socket.obj (.text:sl_Close)
                  2000f4d8    00000060                  : wlan.obj (.text:sl_WlanProfileDel)
                  2000f538    00000060                  : wlan.obj (.text:sl_WlanSetMode)
                  2000f598    0000005c     rtsv7M4_T_le_eabi.lib : close.c.obj (.text:close)
                  2000f5f4    0000005c                           : s_frexp.c.obj (.text:frexp)
                  2000f650    00000058                           : hostread.c.obj (.text:HOSTread)
                  2000f6a8    00000058                           : hostwrite.c.obj (.text:HOSTwrite)
                  2000f700    00000058     driverlib.a : interrupt.obj (.text:IntPendClear)
                  2000f758    00000058                 : prcm.obj (.text:PRCMPeripheralReset)
                  2000f7b0    00000056     rtsv7M4_T_le_eabi.lib : _printfi.c.obj (.text:_pconv_f)
                  2000f806    00000002     --HOLE-- [fill = 0]
                  2000f808    00000054     driverlib.a : interrupt.obj (.text:IntPrioritySet)
                  2000f85c    00000054     simplelink.a : driver.obj (.text:_SlDrvRxIrqHandler)
                  2000f8b0    00000054     rtsv7M4_T_le_eabi.lib : _ltoa.c.obj (.text:__TI_ltoa)
                  2000f904    00000054     simplelink.a : socket.obj (.text:_sl_HandleAsync_Select)
                  2000f958    00000052     rtsv7M4_T_le_eabi.lib : _printfi.c.obj (.text:_ecpy)
                  2000f9aa    00000002     --HOLE-- [fill = 0]
                  2000f9ac    00000050     simplelink.a : device.obj (.text:_sl_HandleAsync_Stop)
                  2000f9fc    0000004c                  : driver.obj (.text:_SlDrvProtectAsyncRespSetting)
                  2000fa48    0000004c     rtsv7M4_T_le_eabi.lib : fflush.c.obj (.text:__TI_doflush)
                  2000fa94    0000004c     simplelink.a : socket.obj (.text:_sl_BuildAddress)
                  2000fae0    0000004c     rtsv7M4_T_le_eabi.lib : atoi.c.obj (.text:atoi)
                  2000fb2c    0000004c     driverlib.a : udma.obj (.text:uDMAChannelAssign)
                  2000fb78    00000048                 : gpio.obj (.text:GPIOGetIntNumber)
                  2000fbc0    00000048     simplelink.a : driver.obj (.text:_SlDrvBasicCmd)
                  2000fc08    00000048     rtsv7M4_T_le_eabi.lib : exit.c.obj (.text:exit)
                  2000fc50    00000048                           : fd_toi_t2.asm.obj (.text)
                  2000fc98    00000044                           : hostclose.c.obj (.text:HOSTclose)
                  2000fcdc    00000044                           : hostunlink.c.obj (.text:HOSTunlink)
                  2000fd20    00000044     driverlib.a : timer.obj (.text:TimerConfigure)
                  2000fd64    00000044     simplelink.a : driver.obj (.text:_SlDrvHandleHttpServerEvents)
                  2000fda8    00000044                  : driver.obj (.text:_SlDrvSyncObjWaitTimeout)
                  2000fdec    00000044     rtsv7M4_T_le_eabi.lib : autoinit.c.obj (.text:__TI_auto_init_nobinit_nopinit:__TI_auto_init_nobinit_nopinit)
                  2000fe30    00000044     simplelink.a : cc_pal.obj (.text:cc_SetupTransfer)
                  2000fe74    00000044     rtsv7M4_T_le_eabi.lib : getdevice.c.obj (.text:getdevice)
                  2000feb8    00000042     simplelink.a : socket.obj (.text:sl_Htonl)
                  2000fefa    00000002     --HOLE-- [fill = 0]
                  2000fefc    00000040     driverlib.a : pin.obj (.text:PinModeSet)
                  2000ff3c    00000040     simplelink.a : driver.obj (.text:_SlDrvHandleNetAppEvents)
                  2000ff7c    00000040                  : driver.obj (.text:_SlDrvHandleWlanEvents)
                  2000ffbc    00000040                  : socket.obj (.text:_sl_TruncatePayloadByProtocol)
                  2000fffc    00000040     rtsv7M4_T_le_eabi.lib : sprintf.c.obj (.text:sprintf)
                  2001003c    00000040                           : strtok.c.obj (.text:strtok)
                  2001007c    00000040                           : vsnprintf.c.obj (.text:vsnprintf)
                  200100bc    0000003e     simplelink.a : cc_pal.obj (.text:NwpRegisterInterruptHandler)
                  200100fa    0000003e     rtsv7M4_T_le_eabi.lib : _printfi.c.obj (.text:_fcpy)
                  20010138    0000003c     simplelink.a : netapp.obj (.text:CopyPingResultsToReport)
                  20010174    0000003c     driverlib.a : prcm.obj (.text:PRCMPeripheralClkEnable)
                  200101b0    0000003c     simplelink.a : cc_pal.obj (.text:simplelink_timerA2_start)
                  200101ec    0000003c                  : socket.obj (.text:sl_Htons)
                  20010228    0000003c     driverlib.a : udma.obj (.text:uDMAChannelControlSet)
                  20010264    00000038     simplelink.a : cc_pal.obj (.text:NwpPowerOff)
                  2001029c    00000038     rtsv7M4_T_le_eabi.lib : trgmsg.c.obj (.text:__TI_writemsg)
                  200102d4    00000038                           : fs_tod_t2.asm.obj (.text)
                  2001030c    00000038                           : fs_toi_t2.asm.obj (.text)
                  20010344    00000038                           : i_tofs_t2.asm.obj (.text)
                  2001037c    00000038     simplelink.a : wlan.obj (.text:sl_WlanDisconnect)
                  200103b4    00000036     driverlib.a : gpio.obj (.text:GPIODirModeSet)
                  200103ea    00000036     rtsv7M4_T_le_eabi.lib : strncpy.c.obj (.text:strncpy)
                  20010420    00000034     simplelink.a : cc_pal.obj (.text:NwpPowerOn)
                  20010454    00000034     driverlib.a : prcm.obj (.text:PRCMPeripheralStatusGet)
                  20010488    00000034     rtsv7M4_T_le_eabi.lib : fopen.c.obj (.text:__TI_cleanup)
                  200104bc    00000034                           : trgmsg.c.obj (.text:__TI_readmsg)
                  200104f0    00000034                           : rand.c.obj (.text:rand)
                  20010524    00000034                           : strstr.c.obj (.text:strstr)
                  20010558    00000030     driverlib.a : pin.obj (.text:PinTypeGPIO)
                  20010588    00000030                 : uart.obj (.text:UARTDisable)
                  200105b8    00000030     rtsv7M4_T_le_eabi.lib : vsnprintf.c.obj (.text:_outs)
                  200105e8    00000030                           : getdevice.c.obj (.text:finddevice)
                  20010618    0000002e                           : i_tofd_t2.asm.obj (.text)
                  20010646    0000002c     driverlib.a : i2c.obj (.text:I2CMasterErr)
                  20010672    00000002     --HOLE-- [fill = 0]
                  20010674    0000002c                 : prcm.obj (.text:PRCMSysResetCauseGet)
                  200106a0    0000002c     simplelink.a : driver.obj (.text:_SlDrvObjGlobalLockWaitForever)
                  200106cc    0000002c                  : driver.obj (.text:_SlDrvProtectionObjLockWaitForever)
                  200106f8    0000002c     rtsv7M4_T_le_eabi.lib : unlink.c.obj (.text:unlink)
                  20010724    0000002a     driverlib.a : timer.obj (.text:TimerLoadSet)
                  2001074e    0000002a                 : timer.obj (.text:TimerPrescaleSet)
                  20010778    0000002a     rtsv7M4_T_le_eabi.lib : strspn.c.obj (.text:strspn)
                  200107a2    00000002     --HOLE-- [fill = 0]
                  200107a4    00000028     driverlib.a : prcm.obj (.text:PRCMPeripheralClkDisable)
                  200107cc    00000028     simplelink.a : driver.obj (.text:_SlDrvGlobalObjUnLock)
                  200107f4    00000028                  : driver.obj (.text:_SlDrvProtectionObjUnLock)
                  2001081c    00000028                  : driver.obj (.text:_SlDrvSyncObjWaitForever)
                  20010844    00000028     rtsv7M4_T_le_eabi.lib : memory.c.obj (.text:free_list_insert)
                  2001086c    00000028                           : lseek.c.obj (.text:lseek)
                  20010894    00000028                           : memmov.c.obj (.text:memmove)
                  200108bc    00000028                           : write.c.obj (.text:write)
                  200108e4    00000026     simplelink.a : driver.obj (.text:_SlDrvObjLockWaitForever)
                  2001090a    00000026     network_common.obj (.text)
                  20010930    00000024     simplelink.a : cc_pal.obj (.text:DmaSpiSwIntHandler)
                  20010954    00000024     driverlib.a : interrupt.obj (.text:IntUnregister)
                  20010978    00000024                 : uart.obj (.text:UARTEnable)
                  2001099c    00000024     rtsv7M4_T_le_eabi.lib : boot_cortex_m.c.obj (.text:_c_int00_noargs:_c_int00_noargs)
                  200109c0    00000024                           : strcspn.c.obj (.text:strcspn)
                  200109e4    00000022     driverlib.a : gpio.obj (.text:GPIOIntStatus)
                  20010a06    00000022                 : i2c.obj (.text:I2CMasterSlaveAddrSet)
                  20010a28    00000020                 : gpio.obj (.text:GPIOPinWrite)
                  20010a48    00000020                 : interrupt.obj (.text:IntRegister)
                  20010a68    00000020     simplelink.a : cc_pal.obj (.text:NwpPrePowerOffTimout0)
                  20010a88    00000020                  : cc_pal.obj (.text:TimerGetCurrentTimestamp)
                  20010aa8    00000020                  : driver.obj (.text:_SlDrvObjUnLock)
                  20010ac8    00000020                  : driver.obj (.text:_SlDrvSyncObjSignal)
                  20010ae8    00000020     rtsv7M4_T_le_eabi.lib : memchr.c.obj (.text:memchr)
                  20010b08    0000001e     driverlib.a : gpio.obj (.text:GPIOIntRegister)
                  20010b26    0000001e                 : i2c.obj (.text:I2CMasterIntStatusEx)
                  20010b44    0000001e                 : timer.obj (.text:TimerDisable)
                  20010b62    0000001e                 : timer.obj (.text:TimerEnable)
                  20010b80    0000001e                 : timer.obj (.text:TimerIntStatus)
                  20010b9e    0000001e                 : uart.obj (.text:UARTCharPut)
                  20010bbc    0000001e     simplelink.a : cc_pal.obj (.text:cc_UDMAChannelSelect)
                  20010bda    0000001e     rtsv7M4_T_le_eabi.lib : strcat.c.obj (.text:strcat)
                  20010bf8    0000001c     driverlib.a : pin.obj (.text:PinTypeI2C)
                  20010c14    0000001c                 : systick.obj (.text:SysTickIntRegister)
                  20010c30    0000001c                 : timer.obj (.text:TimerValueGet)
                  20010c4c    0000001c                 : uart.obj (.text:UARTCharGetNonBlocking)
                  20010c68    0000001c     simplelink.a : driver.obj (.text:_SlDrvStartMeasureTimeout)
                  20010c84    0000001c     rtsv7M4_T_le_eabi.lib : memory.c.obj (.text:free_list_remove)
                  20010ca0    0000001c                           : memccpy.c.obj (.text:memccpy)
                  20010cbc    0000001c     driverlib.a : udma.obj (.text:uDMAChannelEnable)
                  20010cd8    0000001a                 : gpio.obj (.text:GPIOIntEnable)
                  20010cf2    0000001a                 : pin.obj (.text:PinTypeSPI)
                  20010d0c    0000001a                 : pin.obj (.text:PinTypeUART)
                  20010d26    00000018                 : i2c.obj (.text:I2CMasterIntEnableEx)
                  20010d3e    00000002     --HOLE-- [fill = 0]
                  20010d40    00000018                 : systick.obj (.text:SysTickPeriodSet)
                  20010d58    00000018                 : timer.obj (.text:TimerIntDisable)
                  20010d70    00000018                 : timer.obj (.text:TimerIntEnable)
                  20010d88    00000018                 : uart.obj (.text:UARTCharsAvail)
                  20010da0    00000018     simplelink.a : nonos.obj (.text:_SlNonOsSemSet)
                  20010db8    00000018     rtsv7M4_T_le_eabi.lib : vsnprintf.c.obj (.text:_outc)
                  20010dd0    00000018                           : sprintf.c.obj (.text:_outs)
                  20010de8    00000018     simplelink.a : device.obj (.text:_sl_GetStartResponseConvert)
                  20010e00    00000018     rtsv7M4_T_le_eabi.lib : ll_mul_t2.asm.obj (.text)
                  20010e18    00000018                           : strcmp.c.obj (.text:strcmp)
                  20010e30    00000016     driverlib.a : i2c.obj (.text:I2CMasterDataPut)
                  20010e46    00000016                 : i2c.obj (.text:I2CMasterEnable)
                  20010e5c    00000016                 : i2c.obj (.text:I2CMasterIntClear)
                  20010e72    00000016                 : prcm.obj (.text:PRCMHIBRegRead)
                  20010e88    00000016                 : prcm.obj (.text:PRCMHIBRegWrite)
                  20010e9e    00000016     simplelink.a : driver.obj (.text:_SlDrvMemZero)
                  20010eb4    00000016     rtsv7M4_T_le_eabi.lib : strchr.c.obj (.text:strchr)
                  20010eca    00000014     driverlib.a : cpu.obj (.text:CPUcpsie)
                  20010ede    00000014                 : gpio.obj (.text:GPIOIntClear)
                  20010ef2    00000002     --HOLE-- [fill = 0]
                  20010ef4    00000014                 : interrupt.obj (.text:IntVTableBaseSet)
                  20010f08    00000014     rtsv7M4_T_le_eabi.lib : strcpy.c.obj (.text:strcpy)
                  20010f1c    00000014                           : strlen.c.obj (.text:strlen)
                  20010f30    00000012     driverlib.a : i2c.obj (.text:I2CMasterControl)
                  20010f42    00000012                 : i2c.obj (.text:I2CMasterTimeoutSet)
                  20010f54    00000012                 : timer.obj (.text:TimerIntClear)
                  20010f66    00000012     rtsv7M4_T_le_eabi.lib : wcslen.c.obj (.text:wcslen)
                  20010f78    00000010     driverlib.a : systick.obj (.text:SysTickEnable)
                  20010f88    00000010                 : systick.obj (.text:SysTickIntEnable)
                  20010f98    00000010     simplelink.a : driver.obj (.text:_SlDrvDispatchHttpServerEvents)
                  20010fa8    0000000e     driverlib.a : i2c.obj (.text:I2CMasterDataGet)
                  20010fb6    0000000e     simplelink.a : driver.obj (.text:_SlDrvResetCmdExt)
                  20010fc4    0000000e     rtsv7M4_T_le_eabi.lib : copy_decompress_none.c.obj (.text:decompress:none:__TI_decompress_none)
                  20010fd2    0000000e     startup_ccs.obj (.text)
                  20010fe0    0000000c     simplelink.a : cc_pal.obj (.text:NwpMaskInterrupt)
                  20010fec    0000000c                  : cc_pal.obj (.text:NwpUnMaskInterrupt)
                  20010ff8    0000000c     driverlib.a : systick.obj (.text:SysTickValueGet)
                  20011004    0000000c     rtsv7M4_T_le_eabi.lib : s_copysign.c.obj (.text:copysign)
                  20011010    0000000c                           : copy_zero_init.c.obj (.text:decompress:ZI:__TI_zero_init)
                  2001101c    0000000a     driverlib.a : interrupt.obj (.text:IntMasterEnable)
                  20011026    0000000a     rtsv7M4_T_le_eabi.lib : sprintf.c.obj (.text:_outc)
                  20011030    00000008                           : errno.c.obj (.text:__aeabi_errno_addr)
                  20011038    00000008                           : memory.c.obj (.text:malloc)
                  20011040    00000006     driverlib.a : utils.obj (.text:UtilsDelay)
                  20011046    00000004     rtsv7M4_T_le_eabi.lib : printf.c.obj (.text:_outc)
                  2001104a    00000004                           : printf.c.obj (.text:_outs)
                  2001104e    00000004                           : pre_init.c.obj (.text:_system_pre_init)
                  20011052    00000004                           : exit.c.obj (.text:abort:abort)

.const     0    20011058    00000d80     
                  20011058    000004fb     Adafruit_GFX.obj (.const:.string:font)
                  20011553    000001f4     main.obj (.const:.string:$P$T9$10)
                  20011747    00000101     rtsv7M4_T_le_eabi.lib : ctype.c.obj (.const:.string:_ctypes_)
                  20011848    00000100     driverlib.a : pin.obj (.const:g_ulPinToPadMap)
                  20011948    000000d4                 : interrupt.obj (.const:g_pulRegs)
                  20011a1c    000000a8                 : prcm.obj (.const:PRCM_PeriphRegsList)
                  20011ac4    00000064     main.obj (.const:$P$T8$9)
                  20011b28    0000003c     simplelink.a : driver.obj (.const:OpcodeTranslateTable)
                  20011b64    00000038                  : driver.obj (.const:_SlActionLookupTable)
                  20011b9c    0000002e     main.obj (.const:.string)
                  20011bca    00000002     --HOLE-- [fill = 0]
                  20011bcc    0000002c     main.obj (.const:$P$T1$2)
                  20011bf8    00000024     main.obj (.const:$P$T7$8)
                  20011c1c    00000024     spi.obj (.const:g_ppulSPIIntMap)
                  20011c40    00000022     main.obj (.const:.string:$P$T0$1)
                  20011c62    00000002     --HOLE-- [fill = 0]
                  20011c64    00000020     simplelink.a : driver.obj (.const:RxMsgClassLUT)
                  20011c84    00000018     driverlib.a : interrupt.obj (.const:g_pulDisRegs)
                  20011c9c    00000018                 : interrupt.obj (.const:g_pulEnRegs)
                  20011cb4    00000018                 : interrupt.obj (.const:g_pulUnpendRegs)
                  20011ccc    00000018     spi.obj (.const:g_ulSPIDmaMaskMap)
                  20011ce4    00000015     main.obj (.const:.string:$P$T6$7)
                  20011cf9    00000003     --HOLE-- [fill = 0]
                  20011cfc    00000014     simplelink.a : driver.obj (.const:$P$T0$1)
                  20011d10    00000014                  : nonos.obj (.const:$P$T0$1)
                  20011d24    00000014     main.obj (.const:$P$T2$3)
                  20011d38    00000010     simplelink.a : socket.obj (.const:.string:_SlPayloadByProtocolLUT)
                  20011d48    0000000c     main.obj (.const:$P$T4$5)
                  20011d54    0000000c     main.obj (.const:.string:$P$T3$4)
                  20011d60    00000009     main.obj (.const:.string:$P$T5$6)
                  20011d69    00000008     simplelink.a : device.obj (.const:StartResponseLUT)
                  20011d71    00000003     --HOLE-- [fill = 0]
                  20011d74    00000008                  : driver.obj (.const:g_H2NCnysPattern)
                  20011d7c    00000008                  : driver.obj (.const:g_H2NSyncPattern)
                  20011d84    00000004                  : wlan.obj (.const:$P$T0$1)
                  20011d88    00000004                  : socket.obj (.const:$P$T2$3)
                  20011d8c    00000004                  : device.obj (.const:_SlDeviceGetCmdCtrl)
                  20011d90    00000004                  : device.obj (.const:_SlDeviceSetCmdCtrl)
                  20011d94    00000004                  : netapp.obj (.const:_SlGetHostByNameCtrl)
                  20011d98    00000004                  : netapp.obj (.const:_SlNetAppSendTokenValueCmdCtrl)
                  20011d9c    00000004                  : netcfg.obj (.const:_SlNetCfgSetCmdCtrl)
                  20011da0    00000004                  : wlan.obj (.const:_SlPolicySetCmdCtrl)
                  20011da4    00000004                  : wlan.obj (.const:_SlProfileDelCmdCtrl)
                  20011da8    00000004                  : socket.obj (.const:_SlRecvCmdCtrl)
                  20011dac    00000004                  : netapp.obj (.const:_SlRegisterServiceCtrl)
                  20011db0    00000004                  : wlan.obj (.const:_SlRxFilterSetCmdCtrl)
                  20011db4    00000004                  : socket.obj (.const:_SlSendCmdCtrl)
                  20011db8    00000004                  : socket.obj (.const:_SlSetSockOptCmdCtrl)
                  20011dbc    00000004                  : socket.obj (.const:_SlSockCloseCmdCtrl)
                  20011dc0    00000004                  : socket.obj (.const:_SlSockSocketCmdCtrl)
                  20011dc4    00000004                  : device.obj (.const:_SlStopCmdCtrl)
                  20011dc8    00000004                  : wlan.obj (.const:_SlWlanCfgSetCmdCtrl)
                  20011dcc    00000004                  : wlan.obj (.const:_SlWlanSetModeCmdCtrl)
                  20011dd0    00000004                  : driver.obj (.const:httpServer_callbacks)
                  20011dd4    00000004                  : driver.obj (.const:netApp_callbacks)

.cinit     0    20011dd8    000000b0     
                  20011dd8    00000089     (.cinit..data.load) [load image, compression = lzss]
                  20011e61    00000003     --HOLE-- [fill = 0]
                  20011e64    0000000c     (__TI_handler_table)
                  20011e70    00000008     (.cinit..bss.load) [load image, compression = zero_init]
                  20011e78    00000010     (__TI_cinit_table)

.sysmem    0    20017000    00008000     UNINITIALIZED
                  20017000    00000010     rtsv7M4_T_le_eabi.lib : memory.c.obj (.sysmem)
                  20017010    00007ff0     --HOLE--

.bss       0    2001f000    000014ff     UNINITIALIZED
                  2001f000    00000e10     (.common:asteroids)
                  2001fe10    00000190     (.common:pulse_times)
                  2001ffa0    00000168     simplelink.a : driver.obj (.bss:g_StatMem)
                  20020108    00000120     rtsv7M4_T_le_eabi.lib : trgmsg.c.obj (.bss:_CIOBUF_)
                  20020228    00000100     (.common:aucRdDataBuf)
                  20020328    000000a0     (.common:__TI_tmpnams)
                  200203c8    00000050     (.common:g_ucDinDout)
                  20020418    00000030     (.common:p1)
                  20020448    0000002c     (.common:g_time)
                  20020474    00000024     (.common:g_ucConnectionSSID)
                  20020498    00000024     (.common:waveform)
                  200204bc    0000000c     (.common:DisplayBuffer)
                  200204c8    00000008     (.common:g_ucConnectionBSSID)
                  200204d0    00000008     (.common:parmbuf)
                  200204d8    00000004     main.obj (.bss)
                  200204dc    00000004     uart_if.obj (.bss)
                  200204e0    00000004     (.common:BufferPos)
                  200204e4    00000004     (.common:ButtonPressed)
                  200204e8    00000004     (.common:IR_intcount)
                  200204ec    00000004     (.common:PrevButton)
                  200204f0    00000004     (.common:score)
                  200204f4    00000004     (.common:x)
                  200204f8    00000004     (.common:y)
                  200204fc    00000001     (.common:RxIrqCnt)
                  200204fd    00000001     (.common:g_bDeviceRestartIsRequired)
                  200204fe    00000001     (.common:g_cDummy)

.data      0    20020500    00000290     UNINITIALIZED
                  20020500    000000f0     rtsv7M4_T_le_eabi.lib : defs.c.obj (.data:_ftable)
                  200205f0    00000078                           : host_device.c.obj (.data:_device)
                  20020668    00000050                           : host_device.c.obj (.data:_stream)
                  200206b8    0000003c     simplelink.a : nonos.obj (.data:g__SlNonOsCB)
                  200206f4    0000002c     main.obj (.data)
                  20020720    00000015     Adafruit_GFX.obj (.data)
                  20020735    00000003     --HOLE--
                  20020738    00000010     rtsv7M4_T_le_eabi.lib : defs.c.obj (.data)
                  20020748    0000000d     simplelink.a : driver.obj (.data)
                  20020755    00000003     --HOLE--
                  20020758    0000000c     rtsv7M4_T_le_eabi.lib : exit.c.obj (.data:$O1$$)
                  20020764    00000009     simplelink.a : cc_pal.obj (.data)
                  2002076d    00000003     --HOLE--
                  20020770    00000008     rtsv7M4_T_le_eabi.lib : _lock.c.obj (.data:$O1$$)
                  20020778    00000008                           : memory.c.obj (.data:$O1$$)
                  20020780    00000004                           : errno.c.obj (.data)
                  20020784    00000004                           : rand.c.obj (.data)
                  20020788    00000004                           : strtok.c.obj (.data)
                  2002078c    00000004     simplelink.a : driver.obj (.data:wlan_callbacks)

.stack     0    2002f000    00001000     UNINITIALIZED
                  2002f000    00000004     rtsv7M4_T_le_eabi.lib : boot_cortex_m.c.obj (.stack)
                  2002f004    00000ffc     --HOLE--

__llvm_prf_cnts 
*          0    20017000    00000000     UNINITIALIZED

MODULE SUMMARY

       Module                       code    ro data   rw data
       ------                       ----    -------   -------
    .\
       main.obj                     11736   834       4516   
       Adafruit_GFX.obj             2688    1275      21     
       spi.obj                      1940    60        0      
       Adafruit_OLED.obj            1190    0         0      
       startup_ccs.obj              14      1024      0      
       i2c_if.obj                   672     0         0      
       uart_if.obj                  636     0         4      
       timer_if.obj                 408     0         0      
       pinmux.obj                   292     0         0      
       network_common.obj           38      0         0      
    +--+----------------------------+-------+---------+---------+
       Total:                       19614   3193      4541   
                                                             
    C:/ti/CC3200SDK_1.5.0/cc3200-sdk/driverlib/ccs/Release/driverlib.a
       prcm.obj                     852     168       0      
       interrupt.obj                608     284       0      
       udma.obj                     604     0         0      
       pin.obj                      328     256       0      
       timer.obj                    552     0         0      
       gpio.obj                     398     0         0      
       i2c.obj                      380     0         0      
       uart.obj                     284     0         0      
       systick.obj                  96      0         0      
       cpu.obj                      20      0         0      
       utils.obj                    6       0         0      
    +--+----------------------------+-------+---------+---------+
       Total:                       4128    708       0      
                                                             
    C:/ti/CC3200SDK_1.5.0/cc3200-sdk/simplelink/ccs/NON_OS_debug/simplelink.a
       driver.obj                   7906    192       379    
       cc_pal.obj                   1960    0         90     
       socket.obj                   1830    40        0      
       netapp.obj                   1572    12        0      
       wlan.obj                     1316    24        0      
       device.obj                   1234    20        0      
       nonos.obj                    416     20        60     
       netcfg.obj                   152     4         0      
    +--+----------------------------+-------+---------+---------+
       Total:                       16386   312       529    
                                                             
    C:\ti\ccs1220\ccs\tools\compiler\ti-cgt-arm_20.2.7.LTS\lib\rtsv7M4_T_le_eabi.lib
       _printfi.c.obj               4835    0         0      
       memory.c.obj                 900     0         8      
       fd_add_t2.asm.obj            438     0         0      
       defs.c.obj                   0       0         416    
       trgmsg.c.obj                 108     0         288    
       fd_div_t2.asm.obj            310     0         0      
       fputs.c.obj                  276     0         0      
       fd_cmp_t2.asm.obj            268     0         0      
       ctype.c.obj                  0       257       0      
       fd_mul_t2.asm.obj            252     0         0      
       fs_add_t2.asm.obj            250     0         0      
       setvbuf.c.obj                220     0         0      
       s_scalbn.c.obj               208     0         0      
       host_device.c.obj            0       0         200    
       fs_cmp_t2.asm.obj            192     0         0      
       memcpy_t2.asm.obj            156     0         0      
       ull_div_t2.asm.obj           150     0         0      
       fs_div_t2.asm.obj            146     0         0      
       fputc.c.obj                  140     0         0      
       vsnprintf.c.obj              136     0         0      
       memset_t2.asm.obj            122     0         0      
       fclose.c.obj                 116     0         0      
       getdevice.c.obj              116     0         0      
       printf.c.obj                 112     0         0      
       hostrename.c.obj             108     0         0      
       copy_decompress_lzss.c.obj   104     0         0      
       hostlseek.c.obj              104     0         0      
       hostopen.c.obj               96      0         8      
       fseek.c.obj                  100     0         0      
       _io_perm.c.obj               98      0         0      
       sprintf.c.obj                98      0         0      
       close.c.obj                  92      0         0      
       s_frexp.c.obj                92      0         0      
       exit.c.obj                   76      0         12     
       hostread.c.obj               88      0         0      
       hostwrite.c.obj              88      0         0      
       _ltoa.c.obj                  84      0         0      
       atoi.c.obj                   76      0         0      
       fflush.c.obj                 76      0         0      
       fd_toi_t2.asm.obj            72      0         0      
       autoinit.c.obj               68      0         0      
       hostclose.c.obj              68      0         0      
       hostunlink.c.obj             68      0         0      
       strtok.c.obj                 64      0         4      
       fs_tod_t2.asm.obj            56      0         0      
       fs_toi_t2.asm.obj            56      0         0      
       i_tofs_t2.asm.obj            56      0         0      
       rand.c.obj                   52      0         4      
       strncpy.c.obj                54      0         0      
       fopen.c.obj                  52      0         0      
       strstr.c.obj                 52      0         0      
       i_tofd_t2.asm.obj            46      0         0      
       unlink.c.obj                 44      0         0      
       strspn.c.obj                 42      0         0      
       lseek.c.obj                  40      0         0      
       memmov.c.obj                 40      0         0      
       write.c.obj                  40      0         0      
       boot_cortex_m.c.obj          36      0         0      
       strcspn.c.obj                36      0         0      
       memchr.c.obj                 32      0         0      
       strcat.c.obj                 30      0         0      
       memccpy.c.obj                28      0         0      
       ll_mul_t2.asm.obj            24      0         0      
       strcmp.c.obj                 24      0         0      
       strchr.c.obj                 22      0         0      
       strcpy.c.obj                 20      0         0      
       strlen.c.obj                 20      0         0      
       wcslen.c.obj                 18      0         0      
       copy_decompress_none.c.obj   14      0         0      
       copy_zero_init.c.obj         12      0         0      
       errno.c.obj                  8       0         4      
       s_copysign.c.obj             12      0         0      
       _lock.c.obj                  2       0         8      
       pre_init.c.obj               4       0         0      
       div0.asm.obj                 2       0         0      
    +--+----------------------------+-------+---------+---------+
       Total:                       12145   257       952    
                                                             
       Heap:                        0       0         32768  
       Stack:                       0       0         4096   
       Linker Generated:            0       173       0      
    +--+----------------------------+-------+---------+---------+
       Grand Total:                 52273   4643      42886  


LINKER GENERATED COPY TABLES

__TI_cinit_table @ 20011e78 records: 2, size/record: 8, table size: 16
	.data: load addr=20011dd8, load size=00000089 bytes, run addr=20020500, run size=00000290 bytes, compression=lzss
	.bss: load addr=20011e70, load size=00000008 bytes, run addr=2001f000, run size=000014ff bytes, compression=zero_init


LINKER GENERATED HANDLER TABLE

__TI_handler_table @ 20011e64 records: 3, size/record: 4, table size: 12
	index: 0, handler: __TI_decompress_lzss
	index: 1, handler: __TI_decompress_none
	index: 2, handler: __TI_zero_init


GLOBAL SYMBOLS: SORTED ALPHABETICALLY BY Name 

address   name                                  
-------   ----                                  
20009455  Adafruit_Init                         
200204e0  BufferPos                             
200204e4  ButtonPressed                         
20011053  C$$EXIT                               
200102cb  C$$IO$$                               
20010ecb  CPUcpsie                              
20009dd5  ClearTerm                             
200095cb  Color565                              
200204bc  DisplayBuffer                         
20010931  DmaSpiSwIntHandler                    
20009ddf  Error                                 
200103b5  GPIODirModeSet                        
20010edf  GPIOIntClear                          
20010cd9  GPIOIntEnable                         
20010b09  GPIOIntRegister                       
200109e5  GPIOIntStatus                         
2000e811  GPIOIntTypeSet                        
20010a29  GPIOPinWrite                          
20009e17  GetCmd                                
2000fc99  HOSTclose                             
2000eefd  HOSTlseek                             
2000f359  HOSTopen                              
2000f651  HOSTread                              
2000edb9  HOSTrename                            
2000fcdd  HOSTunlink                            
2000f6a9  HOSTwrite                             
20010f31  I2CMasterControl                      
20010fa9  I2CMasterDataGet                      
20010e31  I2CMasterDataPut                      
20010e47  I2CMasterEnable                       
20010647  I2CMasterErr                          
2000e685  I2CMasterInitExpClk                   
20010e5d  I2CMasterIntClear                     
20010d27  I2CMasterIntEnableEx                  
20010b27  I2CMasterIntStatusEx                  
20010a07  I2CMasterSlaveAddrSet                 
20010f43  I2CMasterTimeoutSet                   
20009aff  I2C_IF_Close                          
20009aa3  I2C_IF_Open                           
200099a1  I2C_IF_Read                           
20009a5d  I2C_IF_ReadFrom                       
200098f1  I2C_IF_Write                          
200204e8  IR_intcount                           
20006089  InitAsteroids                         
20006029  InitPlayer                            
20009d95  InitTerm                              
2000d775  IntDisable                            
2000d81d  IntEnable                             
2001101d  IntMasterEnable                       
2000f701  IntPendClear                          
2000f809  IntPrioritySet                        
20010a49  IntRegister                           
20010955  IntUnregister                         
20010ef5  IntVTableBaseSet                      
2000559f  InterruptsInit                        
20009db3  Message                               
20010fe1  NwpMaskInterrupt                      
20010265  NwpPowerOff                           
20010421  NwpPowerOn                            
2000e709  NwpPowerOnPreamble                    
20010a69  NwpPrePowerOffTimout0                 
200100bd  NwpRegisterInterruptHandler           
20010fed  NwpUnMaskInterrupt                    
20011b28  OpcodeTranslateTable                  
20007b83  Outstr                                
2000b3fd  PRCMCC3200MCUInit                     
20010e73  PRCMHIBRegRead                        
20010e89  PRCMHIBRegWrite                       
200107a5  PRCMPeripheralClkDisable              
20010175  PRCMPeripheralClkEnable               
2000ded1  PRCMPeripheralClockGet                
2000f759  PRCMPeripheralReset                   
20010455  PRCMPeripheralStatusGet               
20010675  PRCMSysResetCauseGet                  
2000e4f1  PinConfigSet                          
2000fefd  PinModeSet                            
2000c0dd  PinMuxConfig                          
20010559  PinTypeGPIO                           
20010bf9  PinTypeI2C                            
20010cf3  PinTypeSPI                            
20010d0d  PinTypeUART                           
200204ec  PrevButton                            
20009f55  Report                                
20010fd3  ResetISR                              
200204fc  RxIrqCnt                              
20008d83  SPICSDisable                          
20008d6b  SPICSEnable                           
20008a05  SPIConfigSetExpClk                    
20008ac7  SPIDataGet                            
20008a9d  SPIDataGetNonBlocking                 
20008b0f  SPIDataPut                            
20008ae7  SPIDataPutNonBlocking                 
20008997  SPIDisable                            
200089c9  SPIDmaDisable                         
200089af  SPIDmaEnable                          
2000897f  SPIEnable                             
20008b47  SPIFIFODisable                        
20008b2d  SPIFIFOEnable                         
20008b95  SPIFIFOLevelGet                       
20008b61  SPIFIFOLevelSet                       
200050f7  SPIInit                               
20008d2d  SPIIntClear                           
20008c6f  SPIIntDisable                         
20008c2b  SPIIntEnable                          
20008beb  SPIIntRegister                        
20008cb9  SPIIntStatus                          
20008c11  SPIIntUnregister                      
200089e3  SPIReset                              
20008d9b  SPITransfer                           
20008bc9  SPIWordCountSet                       
20004651  SimpleLinkGeneralEventHandler         
20004631  SimpleLinkHttpServerCallback          
2000458d  SimpleLinkNetAppEventHandler          
20004671  SimpleLinkSockEventHandler            
20004477  SimpleLinkWlanEventHandler            
20010f79  SysTickEnable                         
20010f89  SysTickIntEnable                      
20010c15  SysTickIntRegister                    
20010d41  SysTickPeriodSet                      
20010ff9  SysTickValueGet                       
2000fd21  TimerConfigure                        
20010b45  TimerDisable                          
20010b63  TimerEnable                           
20010a89  TimerGetCurrentTimestamp              
20010f55  TimerIntClear                         
20010d59  TimerIntDisable                       
20010d71  TimerIntEnable                        
2000ec69  TimerIntRegister                      
20010b81  TimerIntStatus                        
2000ef65  TimerIntUnregister                    
20010725  TimerLoadSet                          
20005537  TimerMultitapIntHandler               
2001074f  TimerPrescaleSet                      
20010c31  TimerValueGet                         
2000b08f  Timer_IF_DeInit                       
2000b0c1  Timer_IF_GetCount                     
2000afc9  Timer_IF_Init                         
2000affb  Timer_IF_IntSetup                     
2000b047  Timer_IF_InterruptClear               
2000b0a9  Timer_IF_ReLoad                       
2000b05f  Timer_IF_Start                        
2000b07f  Timer_IF_Stop                         
20009ebd  TrimSpace                             
20010c4d  UARTCharGetNonBlocking                
20010b9f  UARTCharPut                           
20010d89  UARTCharsAvail                        
2000eb09  UARTConfigSetExpClk                   
20010589  UARTDisable                           
20010979  UARTEnable                            
20011041  UtilsDelay                            
20011b64  _SlActionLookupTable                  
2000d8c5  _SlDriverHandleError                  
2000fbc1  _SlDrvBasicCmd                        
2000d551  _SlDrvCmdOp                           
2000ee25  _SlDrvCmdSend                         
2000a4c1  _SlDrvDataReadOp                      
2000b6e5  _SlDrvDataWriteOp                     
2000daa5  _SlDrvDeviceEventHandler              
20010f99  _SlDrvDispatchHttpServerEvents        
2000bfad  _SlDrvDriverCBDeinit                  
2000abf9  _SlDrvDriverCBInit                    
200107cd  _SlDrvGlobalObjUnLock                 
2000fd65  _SlDrvHandleHttpServerEvents          
2000ff3d  _SlDrvHandleNetAppEvents              
2000ff7d  _SlDrvHandleWlanEvents                
2000e2c1  _SlDrvIsTimeoutExpired                
20010e9f  _SlDrvMemZero                         
2000ccd9  _SlDrvMsgReadSpawnCtx                 
2000c435  _SlDrvNetAppEventHandler              
200108e5  _SlDrvObjLockWaitForever              
20010aa9  _SlDrvObjUnLock                       
2000f9fd  _SlDrvProtectAsyncRespSetting         
200106cd  _SlDrvProtectionObjLockWaitForever    
200107f5  _SlDrvProtectionObjUnLock             
2000a6a5  _SlDrvReleasePoolObj                  
20010fb7  _SlDrvResetCmdExt                     
2000f85d  _SlDrvRxIrqHandler                    
20010c69  _SlDrvStartMeasureTimeout             
20010ac9  _SlDrvSyncObjSignal                   
2001081d  _SlDrvSyncObjWaitForever              
2000fda9  _SlDrvSyncObjWaitTimeout              
2000b0e1  _SlDrvWaitForPoolObj                  
20011d98  _SlNetAppSendTokenValueCmdCtrl        
2000eb81  _SlNonOsMainLoopTask                  
2000d6c5  _SlNonOsSemGet                        
20010da1  _SlNonOsSemSet                        
2000f09d  _SlNonOsSpawn                         
20020108  __CIOBUF_                             
20030000  __STACK_END                           
00001000  __STACK_SIZE                          
00008000  __SYSMEM_SIZE                         
20011e78  __TI_CINIT_Base                       
20011e88  __TI_CINIT_Limit                      
20011e64  __TI_Handler_Table_Base               
20011e70  __TI_Handler_Table_Limit              
2000fded  __TI_auto_init_nobinit_nopinit        
20010489  __TI_cleanup                          
20020758  __TI_cleanup_ptr                      
2000ebf5  __TI_closefile                        
2000efcd  __TI_decompress_lzss                  
20010fc5  __TI_decompress_none                  
2000fa49  __TI_doflush                          
2002075c  __TI_dtors_ptr                        
20020760  __TI_enable_exit_profile_output       
20020738  __TI_ft_end                           
2000f8b1  __TI_ltoa                             
ffffffff  __TI_pprof_out_hndl                   
20007c59  __TI_printfi                          
ffffffff  __TI_prof_data_size                   
ffffffff  __TI_prof_data_start                  
200104bd  __TI_readmsg                          
20011dd8  __TI_static_base__                    
20020328  __TI_tmpnams                          
2001029d  __TI_writemsg                         
2000f2f5  __TI_wrt_ok                           
20011011  __TI_zero_init                        
2000e579  __aeabi_cdcmpeq                       
2000e579  __aeabi_cdcmple                       
2000e5ff  __aeabi_cdrcmple                      
2000f3b9  __aeabi_cfcmpeq                       
2000f3b9  __aeabi_cfcmple                       
2000f419  __aeabi_cfrcmple                      
2000fc51  __aeabi_d2iz                          
2000aa4b  __aeabi_dadd                          
2000bd41  __aeabi_ddiv                          
2000c639  __aeabi_dmul                          
2000aa41  __aeabi_dsub                          
20011031  __aeabi_errno_addr                    
200102d5  __aeabi_f2d                           
2001030d  __aeabi_f2iz                          
2000c739  __aeabi_fadd                          
2000df65  __aeabi_fdiv                          
2000c735  __aeabi_fsub                          
20010619  __aeabi_i2d                           
20010345  __aeabi_i2f                           
2000abf7  __aeabi_idiv0                         
2000abf7  __aeabi_ldiv0                         
20010e01  __aeabi_lmul                          
2000ea15  __aeabi_memclr                        
2000ea15  __aeabi_memclr4                       
2000ea15  __aeabi_memclr8                       
2000da09  __aeabi_memcpy                        
2000da09  __aeabi_memcpy4                       
2000da09  __aeabi_memcpy8                       
2000ea17  __aeabi_memset                        
2000ea17  __aeabi_memset4                       
2000ea17  __aeabi_memset8                       
20020744  __aeabi_stderr                        
2002073c  __aeabi_stdin                         
20020740  __aeabi_stdout                        
2000de39  __aeabi_uldivmod                      
ffffffff  __binit__                             
ffffffff  __c_args__                            
UNDEFED   __mpu_init                            
2002f000  __stack                               
20017000  __start___llvm_prf_cnts               
20017000  __stop___llvm_prf_cnts                
2001099d  _c_int00_noargs                       
20011747  _ctypes_                              
200205f0  _device                               
20020500  _ftable                               
20020770  _lock                                 
20009873  _nop                                  
2000f101  _sl_HandleAsync_Accept                
2000e895  _sl_HandleAsync_Connect               
2000dff9  _sl_HandleAsync_DnsGetHostByName      
2000d2f5  _sl_HandleAsync_DnsGetHostByService   
2000e34d  _sl_HandleAsync_InitComplete          
2000e089  _sl_HandleAsync_PingResponse          
2000f905  _sl_HandleAsync_Select                
2000f9ad  _sl_HandleAsync_Stop                  
2000ee91  _sl_NetAppSendTokenValue              
20020668  _stream                               
20017000  _sys_memory                           
UNDEFED   _system_post_cinit                    
2001104f  _system_pre_init                      
20020774  _unlock                               
20011053  abort                                 
2000c539  aligned_alloc                         
2001f000  asteroids                             
2000fae1  atoi                                  
20020228  aucRdDataBuf                          
ffffffff  binit                                 
2000f599  close                                 
2000440f  color24to16                           
20011005  copysign                              
20011005  copysignl                             
20020720  cursor_x                              
20020724  cursor_y                              
20004443  delay                                 
20007a37  drawChar                              
200071d9  drawCircle                            
2000730d  drawCircleHelper                      
2000977d  drawFastHLine                         
200096e1  drawFastVLine                         
20007553  drawLine                              
20009819  drawPixel                             
2000763f  drawRect                              
2000768d  drawRoundRect                         
200077f5  drawTriangle                          
20005a77  draw_health_bar                       
200059a5  draw_player                           
20005ae9  draw_score                            
20005617  draw_string                           
20020780  errno                                 
2000fc09  exit                                  
2000742b  fillCircle                            
20007465  fillCircleHelper                      
20009623  fillRect                              
2000777b  fillRoundRect                         
2000960d  fillScreen                            
20007837  fillTriangle                          
200105e9  finddevice                            
2000e3d9  fputc                                 
2000c321  fputs                                 
2000cdc1  free                                  
2000f5f5  frexp                                 
2000f5f5  frexpl                                
2000f165  fseek                                 
20020700  g_Host                                
20020748  g_SlDeviceStatus                      
20020764  g_SpiFd                               
200206b8  g__SlNonOsCB                          
200204fd  g_bDeviceRestartIsRequired            
200204fe  g_cDummy                              
2002074c  g_pCB                                 
20020768  g_pHostIntHdl                         
20004000  g_pfnVectors                          
20020448  g_time                                
200204c8  g_ucConnectionBSSID                   
20020474  g_ucConnectionSSID                    
2002076c  g_ucDMAEnabled                        
200203c8  g_ucDinDout                           
200206fc  g_ulGatewayIP                         
200206f8  g_ulPingPacketsRecv                   
200206f4  g_ulStatus                            
20020710  game_state                            
2000fe75  getdevice                             
20009587  goTo                                  
20007c37  height                                
20009857  invert                                
2000d225  ldexp                                 
2000d225  ldexpl                                
2001086d  lseek                                 
20006121  main                                  
20011039  malloc                                
2000c539  memalign                              
20010ca1  memccpy                               
20010ae9  memchr                                
2000da09  memcpy                                
20010895  memmove                               
2000ea1d  memset                                
200056d1  menu_screen                           
20020418  p1                                    
20020750  pPingCallBackFunc                     
200204d0  parmbuf                               
20004e4b  printErrConvenience                   
2000f035  printf                                
2001fe10  pulse_times                           
20020714  pulses                                
2000e3d9  putc                                  
200104f1  rand                                  
2000cea5  realloc                               
200106f9  remove                                
200058fb  save_text_entry                       
2000d225  scalbn                                
2000d225  scalbnl                               
200204f0  score                                 
2002071c  selected_button                       
20007bcf  setCursor                             
20007c07  setTextColor                          
20007be7  setTextSize                           
20007c1f  setTextWrap                           
2000d149  setvbuf                               
200101b1  simplelink_timerA2_start              
2000f479  sl_Close                              
2000b271  sl_Connect                            
2000d3c1  sl_DevGet                             
2000db41  sl_DevSet                             
2000feb9  sl_Htonl                              
200101ed  sl_Htons                              
2000bac1  sl_NetAppDnsGetHostByName             
2000cf89  sl_NetAppMDNSRegisterUnregisterService
2000f1c9  sl_NetAppMDNSUnRegisterService        
2000dbd9  sl_NetCfgSet                          
2001090b  sl_Provisioning_HttpServerEventHdl    
20010919  sl_Provisioning_NetAppEventHdl        
20010925  sl_Provisioning_WlanEventHdl          
2000d969  sl_Recv                               
2000be79  sl_Send                               
2000dc71  sl_SetSockOpt                         
2000e465  sl_Socket                             
2000c831  sl_Start                              
2000c921  sl_Stop                               
20009b15  sl_WlanConnect                        
2001037d  sl_WlanDisconnect                     
2000e119  sl_WlanPolicySet                      
2000f4d9  sl_WlanProfileDel                     
2000e78d  sl_WlanRxFilterSet                    
2000dd09  sl_WlanSet                            
2000f539  sl_WlanSetMode                        
20005b2f  spawn_asteroids                       
2000ea91  spi_Close                             
2000b835  spi_Open                              
2000ca11  spi_Read                              
2000dda1  spi_Write                             
2000fffd  sprintf                               
20005d55  start_game                            
20020718  started                               
20010bdb  strcat                                
20010eb5  strchr                                
20010e19  strcmp                                
20010f09  strcpy                                
200109c1  strcspn                               
20010f1d  strlen                                
200103eb  strncpy                               
20010779  strspn                                
20010525  strstr                                
2001003d  strtok                                
20020704  systick_cnt                           
20020708  text_x                                
2002070c  text_y                                
20020730  textbgcolor                           
2002072c  textcolor                             
20020728  textsize                              
2000fb2d  uDMAChannelAssign                     
2000f22d  uDMAChannelAttributeDisable           
2000f291  uDMAChannelAttributeEnable            
20010229  uDMAChannelControlSet                 
20010cbd  uDMAChannelEnable                     
2000cb01  uDMAChannelTransferSet                
200106f9  unlink                                
20005bd1  update_asteroids                      
2001007d  vsnprintf                             
20020498  waveform                              
20010f67  wcslen                                
20007c33  width                                 
20020734  wrap                                  
200108bd  write                                 
200093cd  writeCommand                          
20009411  writeData                             
200204f4  x                                     
200204f8  y                                     


GLOBAL SYMBOLS: SORTED BY Symbol Address 

address   name                                  
-------   ----                                  
00001000  __STACK_SIZE                          
00008000  __SYSMEM_SIZE                         
20004000  g_pfnVectors                          
2000440f  color24to16                           
20004443  delay                                 
20004477  SimpleLinkWlanEventHandler            
2000458d  SimpleLinkNetAppEventHandler          
20004631  SimpleLinkHttpServerCallback          
20004651  SimpleLinkGeneralEventHandler         
20004671  SimpleLinkSockEventHandler            
20004e4b  printErrConvenience                   
200050f7  SPIInit                               
20005537  TimerMultitapIntHandler               
2000559f  InterruptsInit                        
20005617  draw_string                           
200056d1  menu_screen                           
200058fb  save_text_entry                       
200059a5  draw_player                           
20005a77  draw_health_bar                       
20005ae9  draw_score                            
20005b2f  spawn_asteroids                       
20005bd1  update_asteroids                      
20005d55  start_game                            
20006029  InitPlayer                            
20006089  InitAsteroids                         
20006121  main                                  
200071d9  drawCircle                            
2000730d  drawCircleHelper                      
2000742b  fillCircle                            
20007465  fillCircleHelper                      
20007553  drawLine                              
2000763f  drawRect                              
2000768d  drawRoundRect                         
2000777b  fillRoundRect                         
200077f5  drawTriangle                          
20007837  fillTriangle                          
20007a37  drawChar                              
20007b83  Outstr                                
20007bcf  setCursor                             
20007be7  setTextSize                           
20007c07  setTextColor                          
20007c1f  setTextWrap                           
20007c33  width                                 
20007c37  height                                
20007c59  __TI_printfi                          
2000897f  SPIEnable                             
20008997  SPIDisable                            
200089af  SPIDmaEnable                          
200089c9  SPIDmaDisable                         
200089e3  SPIReset                              
20008a05  SPIConfigSetExpClk                    
20008a9d  SPIDataGetNonBlocking                 
20008ac7  SPIDataGet                            
20008ae7  SPIDataPutNonBlocking                 
20008b0f  SPIDataPut                            
20008b2d  SPIFIFOEnable                         
20008b47  SPIFIFODisable                        
20008b61  SPIFIFOLevelSet                       
20008b95  SPIFIFOLevelGet                       
20008bc9  SPIWordCountSet                       
20008beb  SPIIntRegister                        
20008c11  SPIIntUnregister                      
20008c2b  SPIIntEnable                          
20008c6f  SPIIntDisable                         
20008cb9  SPIIntStatus                          
20008d2d  SPIIntClear                           
20008d6b  SPICSEnable                           
20008d83  SPICSDisable                          
20008d9b  SPITransfer                           
200093cd  writeCommand                          
20009411  writeData                             
20009455  Adafruit_Init                         
20009587  goTo                                  
200095cb  Color565                              
2000960d  fillScreen                            
20009623  fillRect                              
200096e1  drawFastVLine                         
2000977d  drawFastHLine                         
20009819  drawPixel                             
20009857  invert                                
20009873  _nop                                  
200098f1  I2C_IF_Write                          
200099a1  I2C_IF_Read                           
20009a5d  I2C_IF_ReadFrom                       
20009aa3  I2C_IF_Open                           
20009aff  I2C_IF_Close                          
20009b15  sl_WlanConnect                        
20009d95  InitTerm                              
20009db3  Message                               
20009dd5  ClearTerm                             
20009ddf  Error                                 
20009e17  GetCmd                                
20009ebd  TrimSpace                             
20009f55  Report                                
2000a4c1  _SlDrvDataReadOp                      
2000a6a5  _SlDrvReleasePoolObj                  
2000aa41  __aeabi_dsub                          
2000aa4b  __aeabi_dadd                          
2000abf7  __aeabi_idiv0                         
2000abf7  __aeabi_ldiv0                         
2000abf9  _SlDrvDriverCBInit                    
2000afc9  Timer_IF_Init                         
2000affb  Timer_IF_IntSetup                     
2000b047  Timer_IF_InterruptClear               
2000b05f  Timer_IF_Start                        
2000b07f  Timer_IF_Stop                         
2000b08f  Timer_IF_DeInit                       
2000b0a9  Timer_IF_ReLoad                       
2000b0c1  Timer_IF_GetCount                     
2000b0e1  _SlDrvWaitForPoolObj                  
2000b271  sl_Connect                            
2000b3fd  PRCMCC3200MCUInit                     
2000b6e5  _SlDrvDataWriteOp                     
2000b835  spi_Open                              
2000bac1  sl_NetAppDnsGetHostByName             
2000bd41  __aeabi_ddiv                          
2000be79  sl_Send                               
2000bfad  _SlDrvDriverCBDeinit                  
2000c0dd  PinMuxConfig                          
2000c321  fputs                                 
2000c435  _SlDrvNetAppEventHandler              
2000c539  aligned_alloc                         
2000c539  memalign                              
2000c639  __aeabi_dmul                          
2000c735  __aeabi_fsub                          
2000c739  __aeabi_fadd                          
2000c831  sl_Start                              
2000c921  sl_Stop                               
2000ca11  spi_Read                              
2000cb01  uDMAChannelTransferSet                
2000ccd9  _SlDrvMsgReadSpawnCtx                 
2000cdc1  free                                  
2000cea5  realloc                               
2000cf89  sl_NetAppMDNSRegisterUnregisterService
2000d149  setvbuf                               
2000d225  ldexp                                 
2000d225  ldexpl                                
2000d225  scalbn                                
2000d225  scalbnl                               
2000d2f5  _sl_HandleAsync_DnsGetHostByService   
2000d3c1  sl_DevGet                             
2000d551  _SlDrvCmdOp                           
2000d6c5  _SlNonOsSemGet                        
2000d775  IntDisable                            
2000d81d  IntEnable                             
2000d8c5  _SlDriverHandleError                  
2000d969  sl_Recv                               
2000da09  __aeabi_memcpy                        
2000da09  __aeabi_memcpy4                       
2000da09  __aeabi_memcpy8                       
2000da09  memcpy                                
2000daa5  _SlDrvDeviceEventHandler              
2000db41  sl_DevSet                             
2000dbd9  sl_NetCfgSet                          
2000dc71  sl_SetSockOpt                         
2000dd09  sl_WlanSet                            
2000dda1  spi_Write                             
2000de39  __aeabi_uldivmod                      
2000ded1  PRCMPeripheralClockGet                
2000df65  __aeabi_fdiv                          
2000dff9  _sl_HandleAsync_DnsGetHostByName      
2000e089  _sl_HandleAsync_PingResponse          
2000e119  sl_WlanPolicySet                      
2000e2c1  _SlDrvIsTimeoutExpired                
2000e34d  _sl_HandleAsync_InitComplete          
2000e3d9  fputc                                 
2000e3d9  putc                                  
2000e465  sl_Socket                             
2000e4f1  PinConfigSet                          
2000e579  __aeabi_cdcmpeq                       
2000e579  __aeabi_cdcmple                       
2000e5ff  __aeabi_cdrcmple                      
2000e685  I2CMasterInitExpClk                   
2000e709  NwpPowerOnPreamble                    
2000e78d  sl_WlanRxFilterSet                    
2000e811  GPIOIntTypeSet                        
2000e895  _sl_HandleAsync_Connect               
2000ea15  __aeabi_memclr                        
2000ea15  __aeabi_memclr4                       
2000ea15  __aeabi_memclr8                       
2000ea17  __aeabi_memset                        
2000ea17  __aeabi_memset4                       
2000ea17  __aeabi_memset8                       
2000ea1d  memset                                
2000ea91  spi_Close                             
2000eb09  UARTConfigSetExpClk                   
2000eb81  _SlNonOsMainLoopTask                  
2000ebf5  __TI_closefile                        
2000ec69  TimerIntRegister                      
2000edb9  HOSTrename                            
2000ee25  _SlDrvCmdSend                         
2000ee91  _sl_NetAppSendTokenValue              
2000eefd  HOSTlseek                             
2000ef65  TimerIntUnregister                    
2000efcd  __TI_decompress_lzss                  
2000f035  printf                                
2000f09d  _SlNonOsSpawn                         
2000f101  _sl_HandleAsync_Accept                
2000f165  fseek                                 
2000f1c9  sl_NetAppMDNSUnRegisterService        
2000f22d  uDMAChannelAttributeDisable           
2000f291  uDMAChannelAttributeEnable            
2000f2f5  __TI_wrt_ok                           
2000f359  HOSTopen                              
2000f3b9  __aeabi_cfcmpeq                       
2000f3b9  __aeabi_cfcmple                       
2000f419  __aeabi_cfrcmple                      
2000f479  sl_Close                              
2000f4d9  sl_WlanProfileDel                     
2000f539  sl_WlanSetMode                        
2000f599  close                                 
2000f5f5  frexp                                 
2000f5f5  frexpl                                
2000f651  HOSTread                              
2000f6a9  HOSTwrite                             
2000f701  IntPendClear                          
2000f759  PRCMPeripheralReset                   
2000f809  IntPrioritySet                        
2000f85d  _SlDrvRxIrqHandler                    
2000f8b1  __TI_ltoa                             
2000f905  _sl_HandleAsync_Select                
2000f9ad  _sl_HandleAsync_Stop                  
2000f9fd  _SlDrvProtectAsyncRespSetting         
2000fa49  __TI_doflush                          
2000fae1  atoi                                  
2000fb2d  uDMAChannelAssign                     
2000fbc1  _SlDrvBasicCmd                        
2000fc09  exit                                  
2000fc51  __aeabi_d2iz                          
2000fc99  HOSTclose                             
2000fcdd  HOSTunlink                            
2000fd21  TimerConfigure                        
2000fd65  _SlDrvHandleHttpServerEvents          
2000fda9  _SlDrvSyncObjWaitTimeout              
2000fded  __TI_auto_init_nobinit_nopinit        
2000fe75  getdevice                             
2000feb9  sl_Htonl                              
2000fefd  PinModeSet                            
2000ff3d  _SlDrvHandleNetAppEvents              
2000ff7d  _SlDrvHandleWlanEvents                
2000fffd  sprintf                               
2001003d  strtok                                
2001007d  vsnprintf                             
200100bd  NwpRegisterInterruptHandler           
20010175  PRCMPeripheralClkEnable               
200101b1  simplelink_timerA2_start              
200101ed  sl_Htons                              
20010229  uDMAChannelControlSet                 
20010265  NwpPowerOff                           
2001029d  __TI_writemsg                         
200102cb  C$$IO$$                               
200102d5  __aeabi_f2d                           
2001030d  __aeabi_f2iz                          
20010345  __aeabi_i2f                           
2001037d  sl_WlanDisconnect                     
200103b5  GPIODirModeSet                        
200103eb  strncpy                               
20010421  NwpPowerOn                            
20010455  PRCMPeripheralStatusGet               
20010489  __TI_cleanup                          
200104bd  __TI_readmsg                          
200104f1  rand                                  
20010525  strstr                                
20010559  PinTypeGPIO                           
20010589  UARTDisable                           
200105e9  finddevice                            
20010619  __aeabi_i2d                           
20010647  I2CMasterErr                          
20010675  PRCMSysResetCauseGet                  
200106cd  _SlDrvProtectionObjLockWaitForever    
200106f9  remove                                
200106f9  unlink                                
20010725  TimerLoadSet                          
2001074f  TimerPrescaleSet                      
20010779  strspn                                
200107a5  PRCMPeripheralClkDisable              
200107cd  _SlDrvGlobalObjUnLock                 
200107f5  _SlDrvProtectionObjUnLock             
2001081d  _SlDrvSyncObjWaitForever              
2001086d  lseek                                 
20010895  memmove                               
200108bd  write                                 
200108e5  _SlDrvObjLockWaitForever              
2001090b  sl_Provisioning_HttpServerEventHdl    
20010919  sl_Provisioning_NetAppEventHdl        
20010925  sl_Provisioning_WlanEventHdl          
20010931  DmaSpiSwIntHandler                    
20010955  IntUnregister                         
20010979  UARTEnable                            
2001099d  _c_int00_noargs                       
200109c1  strcspn                               
200109e5  GPIOIntStatus                         
20010a07  I2CMasterSlaveAddrSet                 
20010a29  GPIOPinWrite                          
20010a49  IntRegister                           
20010a69  NwpPrePowerOffTimout0                 
20010a89  TimerGetCurrentTimestamp              
20010aa9  _SlDrvObjUnLock                       
20010ac9  _SlDrvSyncObjSignal                   
20010ae9  memchr                                
20010b09  GPIOIntRegister                       
20010b27  I2CMasterIntStatusEx                  
20010b45  TimerDisable                          
20010b63  TimerEnable                           
20010b81  TimerIntStatus                        
20010b9f  UARTCharPut                           
20010bdb  strcat                                
20010bf9  PinTypeI2C                            
20010c15  SysTickIntRegister                    
20010c31  TimerValueGet                         
20010c4d  UARTCharGetNonBlocking                
20010c69  _SlDrvStartMeasureTimeout             
20010ca1  memccpy                               
20010cbd  uDMAChannelEnable                     
20010cd9  GPIOIntEnable                         
20010cf3  PinTypeSPI                            
20010d0d  PinTypeUART                           
20010d27  I2CMasterIntEnableEx                  
20010d41  SysTickPeriodSet                      
20010d59  TimerIntDisable                       
20010d71  TimerIntEnable                        
20010d89  UARTCharsAvail                        
20010da1  _SlNonOsSemSet                        
20010e01  __aeabi_lmul                          
20010e19  strcmp                                
20010e31  I2CMasterDataPut                      
20010e47  I2CMasterEnable                       
20010e5d  I2CMasterIntClear                     
20010e73  PRCMHIBRegRead                        
20010e89  PRCMHIBRegWrite                       
20010e9f  _SlDrvMemZero                         
20010eb5  strchr                                
20010ecb  CPUcpsie                              
20010edf  GPIOIntClear                          
20010ef5  IntVTableBaseSet                      
20010f09  strcpy                                
20010f1d  strlen                                
20010f31  I2CMasterControl                      
20010f43  I2CMasterTimeoutSet                   
20010f55  TimerIntClear                         
20010f67  wcslen                                
20010f79  SysTickEnable                         
20010f89  SysTickIntEnable                      
20010f99  _SlDrvDispatchHttpServerEvents        
20010fa9  I2CMasterDataGet                      
20010fb7  _SlDrvResetCmdExt                     
20010fc5  __TI_decompress_none                  
20010fd3  ResetISR                              
20010fe1  NwpMaskInterrupt                      
20010fed  NwpUnMaskInterrupt                    
20010ff9  SysTickValueGet                       
20011005  copysign                              
20011005  copysignl                             
20011011  __TI_zero_init                        
2001101d  IntMasterEnable                       
20011031  __aeabi_errno_addr                    
20011039  malloc                                
20011041  UtilsDelay                            
2001104f  _system_pre_init                      
20011053  C$$EXIT                               
20011053  abort                                 
20011747  _ctypes_                              
20011b28  OpcodeTranslateTable                  
20011b64  _SlActionLookupTable                  
20011d98  _SlNetAppSendTokenValueCmdCtrl        
20011dd8  __TI_static_base__                    
20011e64  __TI_Handler_Table_Base               
20011e70  __TI_Handler_Table_Limit              
20011e78  __TI_CINIT_Base                       
20011e88  __TI_CINIT_Limit                      
20017000  __start___llvm_prf_cnts               
20017000  __stop___llvm_prf_cnts                
20017000  _sys_memory                           
2001f000  asteroids                             
2001fe10  pulse_times                           
20020108  __CIOBUF_                             
20020228  aucRdDataBuf                          
20020328  __TI_tmpnams                          
200203c8  g_ucDinDout                           
20020418  p1                                    
20020448  g_time                                
20020474  g_ucConnectionSSID                    
20020498  waveform                              
200204bc  DisplayBuffer                         
200204c8  g_ucConnectionBSSID                   
200204d0  parmbuf                               
200204e0  BufferPos                             
200204e4  ButtonPressed                         
200204e8  IR_intcount                           
200204ec  PrevButton                            
200204f0  score                                 
200204f4  x                                     
200204f8  y                                     
200204fc  RxIrqCnt                              
200204fd  g_bDeviceRestartIsRequired            
200204fe  g_cDummy                              
20020500  _ftable                               
200205f0  _device                               
20020668  _stream                               
200206b8  g__SlNonOsCB                          
200206f4  g_ulStatus                            
200206f8  g_ulPingPacketsRecv                   
200206fc  g_ulGatewayIP                         
20020700  g_Host                                
20020704  systick_cnt                           
20020708  text_x                                
2002070c  text_y                                
20020710  game_state                            
20020714  pulses                                
20020718  started                               
2002071c  selected_button                       
20020720  cursor_x                              
20020724  cursor_y                              
20020728  textsize                              
2002072c  textcolor                             
20020730  textbgcolor                           
20020734  wrap                                  
20020738  __TI_ft_end                           
2002073c  __aeabi_stdin                         
20020740  __aeabi_stdout                        
20020744  __aeabi_stderr                        
20020748  g_SlDeviceStatus                      
2002074c  g_pCB                                 
20020750  pPingCallBackFunc                     
20020758  __TI_cleanup_ptr                      
2002075c  __TI_dtors_ptr                        
20020760  __TI_enable_exit_profile_output       
20020764  g_SpiFd                               
20020768  g_pHostIntHdl                         
2002076c  g_ucDMAEnabled                        
20020770  _lock                                 
20020774  _unlock                               
20020780  errno                                 
2002f000  __stack                               
20030000  __STACK_END                           
ffffffff  __TI_pprof_out_hndl                   
ffffffff  __TI_prof_data_size                   
ffffffff  __TI_prof_data_start                  
ffffffff  __binit__                             
ffffffff  __c_args__                            
ffffffff  binit                                 
UNDEFED   __mpu_init                            
UNDEFED   _system_post_cinit                    

[443 symbols]
