<?xml version="1.0" encoding="ISO-8859-1" ?>
<link_info>
   <banner>TI ARM Linker PC v20.2.7.LTS</banner>
   <copyright>Copyright (c) 1996-2018 Texas Instruments Incorporated</copyright>
   <link_time>0x646e8ecd</link_time>
   <link_errors>0x0</link_errors>
   <output_file>ssl.out</output_file>
   <entry_point>
      <name>_c_int00_noargs</name>
      <address>0x2000bf1d</address>
   </entry_point>
   <input_file_list>
      <input_file id="fl-2">
         <path>.\</path>
         <kind>object</kind>
         <file>gpio_if.obj</file>
         <name>gpio_if.obj</name>
      </input_file>
      <input_file id="fl-3">
         <path>.\</path>
         <kind>object</kind>
         <file>main.obj</file>
         <name>main.obj</name>
      </input_file>
      <input_file id="fl-4">
         <path>.\</path>
         <kind>object</kind>
         <file>network_common.obj</file>
         <name>network_common.obj</name>
      </input_file>
      <input_file id="fl-5">
         <path>.\</path>
         <kind>object</kind>
         <file>pinmux.obj</file>
         <name>pinmux.obj</name>
      </input_file>
      <input_file id="fl-6">
         <path>.\</path>
         <kind>object</kind>
         <file>startup_ccs.obj</file>
         <name>startup_ccs.obj</name>
      </input_file>
      <input_file id="fl-7">
         <path>.\</path>
         <kind>object</kind>
         <file>uart_if.obj</file>
         <name>uart_if.obj</name>
      </input_file>
      <input_file id="fl-d">
         <kind>object</kind>
         <file>&lt;internal&gt;</file>
         <name>&lt;internal&gt;</name>
      </input_file>
      <input_file id="fl-e">
         <path>C:\ti\CC3200SDK_1.5.0\cc3200-sdk\simplelink\ccs\NON_OS_debug\</path>
         <kind>archive</kind>
         <file>simplelink.a</file>
         <name>device.obj</name>
      </input_file>
      <input_file id="fl-f">
         <path>C:\ti\CC3200SDK_1.5.0\cc3200-sdk\simplelink\ccs\NON_OS_debug\</path>
         <kind>archive</kind>
         <file>simplelink.a</file>
         <name>driver.obj</name>
      </input_file>
      <input_file id="fl-10">
         <path>C:\ti\CC3200SDK_1.5.0\cc3200-sdk\simplelink\ccs\NON_OS_debug\</path>
         <kind>archive</kind>
         <file>simplelink.a</file>
         <name>netapp.obj</name>
      </input_file>
      <input_file id="fl-11">
         <path>C:\ti\CC3200SDK_1.5.0\cc3200-sdk\simplelink\ccs\NON_OS_debug\</path>
         <kind>archive</kind>
         <file>simplelink.a</file>
         <name>netcfg.obj</name>
      </input_file>
      <input_file id="fl-12">
         <path>C:\ti\CC3200SDK_1.5.0\cc3200-sdk\simplelink\ccs\NON_OS_debug\</path>
         <kind>archive</kind>
         <file>simplelink.a</file>
         <name>nonos.obj</name>
      </input_file>
      <input_file id="fl-13">
         <path>C:\ti\CC3200SDK_1.5.0\cc3200-sdk\simplelink\ccs\NON_OS_debug\</path>
         <kind>archive</kind>
         <file>simplelink.a</file>
         <name>socket.obj</name>
      </input_file>
      <input_file id="fl-14">
         <path>C:\ti\CC3200SDK_1.5.0\cc3200-sdk\simplelink\ccs\NON_OS_debug\</path>
         <kind>archive</kind>
         <file>simplelink.a</file>
         <name>wlan.obj</name>
      </input_file>
      <input_file id="fl-15">
         <path>C:\ti\CC3200SDK_1.5.0\cc3200-sdk\simplelink\ccs\NON_OS_debug\</path>
         <kind>archive</kind>
         <file>simplelink.a</file>
         <name>cc_pal.obj</name>
      </input_file>
      <input_file id="fl-16">
         <path>C:\ti\CC3200SDK_1.5.0\cc3200-sdk\driverlib\ccs\Release\</path>
         <kind>archive</kind>
         <file>driverlib.a</file>
         <name>gpio.obj</name>
      </input_file>
      <input_file id="fl-17">
         <path>C:\ti\CC3200SDK_1.5.0\cc3200-sdk\driverlib\ccs\Release\</path>
         <kind>archive</kind>
         <file>driverlib.a</file>
         <name>interrupt.obj</name>
      </input_file>
      <input_file id="fl-18">
         <path>C:\ti\CC3200SDK_1.5.0\cc3200-sdk\driverlib\ccs\Release\</path>
         <kind>archive</kind>
         <file>driverlib.a</file>
         <name>pin.obj</name>
      </input_file>
      <input_file id="fl-19">
         <path>C:\ti\CC3200SDK_1.5.0\cc3200-sdk\driverlib\ccs\Release\</path>
         <kind>archive</kind>
         <file>driverlib.a</file>
         <name>prcm.obj</name>
      </input_file>
      <input_file id="fl-1a">
         <path>C:\ti\CC3200SDK_1.5.0\cc3200-sdk\driverlib\ccs\Release\</path>
         <kind>archive</kind>
         <file>driverlib.a</file>
         <name>spi.obj</name>
      </input_file>
      <input_file id="fl-1b">
         <path>C:\ti\CC3200SDK_1.5.0\cc3200-sdk\driverlib\ccs\Release\</path>
         <kind>archive</kind>
         <file>driverlib.a</file>
         <name>timer.obj</name>
      </input_file>
      <input_file id="fl-1c">
         <path>C:\ti\CC3200SDK_1.5.0\cc3200-sdk\driverlib\ccs\Release\</path>
         <kind>archive</kind>
         <file>driverlib.a</file>
         <name>uart.obj</name>
      </input_file>
      <input_file id="fl-1d">
         <path>C:\ti\CC3200SDK_1.5.0\cc3200-sdk\driverlib\ccs\Release\</path>
         <kind>archive</kind>
         <file>driverlib.a</file>
         <name>udma.obj</name>
      </input_file>
      <input_file id="fl-1e">
         <path>C:\ti\CC3200SDK_1.5.0\cc3200-sdk\driverlib\ccs\Release\</path>
         <kind>archive</kind>
         <file>driverlib.a</file>
         <name>utils.obj</name>
      </input_file>
      <input_file id="fl-1f">
         <path>C:\ti\CC3200SDK_1.5.0\cc3200-sdk\driverlib\ccs\Release\</path>
         <kind>archive</kind>
         <file>driverlib.a</file>
         <name>cpu.obj</name>
      </input_file>
      <input_file id="fl-20">
         <path>C:\ti\CC3200SDK_1.5.0\cc3200-sdk\driverlib\ccs\Release\</path>
         <kind>archive</kind>
         <file>driverlib.a</file>
         <name>flash.obj</name>
      </input_file>
      <input_file id="fl-d6">
         <path>C:\ti\ccs1220\ccs\tools\compiler\ti-cgt-arm_20.2.7.LTS\lib\</path>
         <kind>archive</kind>
         <file>rtsv7M4_T_le_eabi.lib</file>
         <name>vsnprintf.c.obj</name>
      </input_file>
      <input_file id="fl-d7">
         <path>C:\ti\ccs1220\ccs\tools\compiler\ti-cgt-arm_20.2.7.LTS\lib\</path>
         <kind>archive</kind>
         <file>rtsv7M4_T_le_eabi.lib</file>
         <name>memcpy_t2.asm.obj</name>
      </input_file>
      <input_file id="fl-d8">
         <path>C:\ti\ccs1220\ccs\tools\compiler\ti-cgt-arm_20.2.7.LTS\lib\</path>
         <kind>archive</kind>
         <file>rtsv7M4_T_le_eabi.lib</file>
         <name>memset_t2.asm.obj</name>
      </input_file>
      <input_file id="fl-d9">
         <path>C:\ti\ccs1220\ccs\tools\compiler\ti-cgt-arm_20.2.7.LTS\lib\</path>
         <kind>archive</kind>
         <file>rtsv7M4_T_le_eabi.lib</file>
         <name>ull_div_t2.asm.obj</name>
      </input_file>
      <input_file id="fl-da">
         <path>C:\ti\ccs1220\ccs\tools\compiler\ti-cgt-arm_20.2.7.LTS\lib\</path>
         <kind>archive</kind>
         <file>rtsv7M4_T_le_eabi.lib</file>
         <name>copy_zero_init.c.obj</name>
      </input_file>
      <input_file id="fl-db">
         <path>C:\ti\ccs1220\ccs\tools\compiler\ti-cgt-arm_20.2.7.LTS\lib\</path>
         <kind>archive</kind>
         <file>rtsv7M4_T_le_eabi.lib</file>
         <name>copy_decompress_none.c.obj</name>
      </input_file>
      <input_file id="fl-dc">
         <path>C:\ti\ccs1220\ccs\tools\compiler\ti-cgt-arm_20.2.7.LTS\lib\</path>
         <kind>archive</kind>
         <file>rtsv7M4_T_le_eabi.lib</file>
         <name>copy_decompress_lzss.c.obj</name>
      </input_file>
      <input_file id="fl-dd">
         <path>C:\ti\ccs1220\ccs\tools\compiler\ti-cgt-arm_20.2.7.LTS\lib\</path>
         <kind>archive</kind>
         <file>rtsv7M4_T_le_eabi.lib</file>
         <name>memmov.c.obj</name>
      </input_file>
      <input_file id="fl-de">
         <path>C:\ti\ccs1220\ccs\tools\compiler\ti-cgt-arm_20.2.7.LTS\lib\</path>
         <kind>archive</kind>
         <file>rtsv7M4_T_le_eabi.lib</file>
         <name>memory.c.obj</name>
      </input_file>
      <input_file id="fl-df">
         <path>C:\ti\ccs1220\ccs\tools\compiler\ti-cgt-arm_20.2.7.LTS\lib\</path>
         <kind>archive</kind>
         <file>rtsv7M4_T_le_eabi.lib</file>
         <name>strlen.c.obj</name>
      </input_file>
      <input_file id="fl-e0">
         <path>C:\ti\ccs1220\ccs\tools\compiler\ti-cgt-arm_20.2.7.LTS\lib\</path>
         <kind>archive</kind>
         <file>rtsv7M4_T_le_eabi.lib</file>
         <name>boot_cortex_m.c.obj</name>
      </input_file>
      <input_file id="fl-e1">
         <path>C:\ti\ccs1220\ccs\tools\compiler\ti-cgt-arm_20.2.7.LTS\lib\</path>
         <kind>archive</kind>
         <file>rtsv7M4_T_le_eabi.lib</file>
         <name>_printfi.c.obj</name>
      </input_file>
      <input_file id="fl-e2">
         <path>C:\ti\ccs1220\ccs\tools\compiler\ti-cgt-arm_20.2.7.LTS\lib\</path>
         <kind>archive</kind>
         <file>rtsv7M4_T_le_eabi.lib</file>
         <name>div0.asm.obj</name>
      </input_file>
      <input_file id="fl-e3">
         <path>C:\ti\ccs1220\ccs\tools\compiler\ti-cgt-arm_20.2.7.LTS\lib\</path>
         <kind>archive</kind>
         <file>rtsv7M4_T_le_eabi.lib</file>
         <name>fd_add_t2.asm.obj</name>
      </input_file>
      <input_file id="fl-e4">
         <path>C:\ti\ccs1220\ccs\tools\compiler\ti-cgt-arm_20.2.7.LTS\lib\</path>
         <kind>archive</kind>
         <file>rtsv7M4_T_le_eabi.lib</file>
         <name>fd_cmp_t2.asm.obj</name>
      </input_file>
      <input_file id="fl-e5">
         <path>C:\ti\ccs1220\ccs\tools\compiler\ti-cgt-arm_20.2.7.LTS\lib\</path>
         <kind>archive</kind>
         <file>rtsv7M4_T_le_eabi.lib</file>
         <name>fd_div_t2.asm.obj</name>
      </input_file>
      <input_file id="fl-e6">
         <path>C:\ti\ccs1220\ccs\tools\compiler\ti-cgt-arm_20.2.7.LTS\lib\</path>
         <kind>archive</kind>
         <file>rtsv7M4_T_le_eabi.lib</file>
         <name>fd_mul_t2.asm.obj</name>
      </input_file>
      <input_file id="fl-e7">
         <path>C:\ti\ccs1220\ccs\tools\compiler\ti-cgt-arm_20.2.7.LTS\lib\</path>
         <kind>archive</kind>
         <file>rtsv7M4_T_le_eabi.lib</file>
         <name>fd_toi_t2.asm.obj</name>
      </input_file>
      <input_file id="fl-e8">
         <path>C:\ti\ccs1220\ccs\tools\compiler\ti-cgt-arm_20.2.7.LTS\lib\</path>
         <kind>archive</kind>
         <file>rtsv7M4_T_le_eabi.lib</file>
         <name>i_tofd_t2.asm.obj</name>
      </input_file>
      <input_file id="fl-e9">
         <path>C:\ti\ccs1220\ccs\tools\compiler\ti-cgt-arm_20.2.7.LTS\lib\</path>
         <kind>archive</kind>
         <file>rtsv7M4_T_le_eabi.lib</file>
         <name>autoinit.c.obj</name>
      </input_file>
      <input_file id="fl-ea">
         <path>C:\ti\ccs1220\ccs\tools\compiler\ti-cgt-arm_20.2.7.LTS\lib\</path>
         <kind>archive</kind>
         <file>rtsv7M4_T_le_eabi.lib</file>
         <name>pre_init.c.obj</name>
      </input_file>
      <input_file id="fl-eb">
         <path>C:\ti\ccs1220\ccs\tools\compiler\ti-cgt-arm_20.2.7.LTS\lib\</path>
         <kind>archive</kind>
         <file>rtsv7M4_T_le_eabi.lib</file>
         <name>cpy_tbl.c.obj</name>
      </input_file>
      <input_file id="fl-ec">
         <path>C:\ti\ccs1220\ccs\tools\compiler\ti-cgt-arm_20.2.7.LTS\lib\</path>
         <kind>archive</kind>
         <file>rtsv7M4_T_le_eabi.lib</file>
         <name>exit.c.obj</name>
      </input_file>
      <input_file id="fl-ed">
         <path>C:\ti\ccs1220\ccs\tools\compiler\ti-cgt-arm_20.2.7.LTS\lib\</path>
         <kind>archive</kind>
         <file>rtsv7M4_T_le_eabi.lib</file>
         <name>_lock.c.obj</name>
      </input_file>
      <input_file id="fl-ee">
         <path>C:\ti\ccs1220\ccs\tools\compiler\ti-cgt-arm_20.2.7.LTS\lib\</path>
         <kind>archive</kind>
         <file>rtsv7M4_T_le_eabi.lib</file>
         <name>_ltoa.c.obj</name>
      </input_file>
      <input_file id="fl-ef">
         <path>C:\ti\ccs1220\ccs\tools\compiler\ti-cgt-arm_20.2.7.LTS\lib\</path>
         <kind>archive</kind>
         <file>rtsv7M4_T_le_eabi.lib</file>
         <name>args_main.c.obj</name>
      </input_file>
      <input_file id="fl-f0">
         <path>C:\ti\ccs1220\ccs\tools\compiler\ti-cgt-arm_20.2.7.LTS\lib\</path>
         <kind>archive</kind>
         <file>rtsv7M4_T_le_eabi.lib</file>
         <name>atoi.c.obj</name>
      </input_file>
      <input_file id="fl-f1">
         <path>C:\ti\ccs1220\ccs\tools\compiler\ti-cgt-arm_20.2.7.LTS\lib\</path>
         <kind>archive</kind>
         <file>rtsv7M4_T_le_eabi.lib</file>
         <name>ctype.c.obj</name>
      </input_file>
      <input_file id="fl-f2">
         <path>C:\ti\ccs1220\ccs\tools\compiler\ti-cgt-arm_20.2.7.LTS\lib\</path>
         <kind>archive</kind>
         <file>rtsv7M4_T_le_eabi.lib</file>
         <name>memccpy.c.obj</name>
      </input_file>
      <input_file id="fl-f3">
         <path>C:\ti\ccs1220\ccs\tools\compiler\ti-cgt-arm_20.2.7.LTS\lib\</path>
         <kind>archive</kind>
         <file>rtsv7M4_T_le_eabi.lib</file>
         <name>strchr.c.obj</name>
      </input_file>
      <input_file id="fl-f4">
         <path>C:\ti\ccs1220\ccs\tools\compiler\ti-cgt-arm_20.2.7.LTS\lib\</path>
         <kind>archive</kind>
         <file>rtsv7M4_T_le_eabi.lib</file>
         <name>errno.c.obj</name>
      </input_file>
      <input_file id="fl-f5">
         <path>C:\ti\ccs1220\ccs\tools\compiler\ti-cgt-arm_20.2.7.LTS\lib\</path>
         <kind>archive</kind>
         <file>rtsv7M4_T_le_eabi.lib</file>
         <name>wcslen.c.obj</name>
      </input_file>
      <input_file id="fl-f6">
         <path>C:\ti\ccs1220\ccs\tools\compiler\ti-cgt-arm_20.2.7.LTS\lib\</path>
         <kind>archive</kind>
         <file>rtsv7M4_T_le_eabi.lib</file>
         <name>s_frexp.c.obj</name>
      </input_file>
      <input_file id="fl-f7">
         <path>C:\ti\ccs1220\ccs\tools\compiler\ti-cgt-arm_20.2.7.LTS\lib\</path>
         <kind>archive</kind>
         <file>rtsv7M4_T_le_eabi.lib</file>
         <name>s_scalbn.c.obj</name>
      </input_file>
      <input_file id="fl-f8">
         <path>C:\ti\ccs1220\ccs\tools\compiler\ti-cgt-arm_20.2.7.LTS\lib\</path>
         <kind>archive</kind>
         <file>rtsv7M4_T_le_eabi.lib</file>
         <name>s_copysign.c.obj</name>
      </input_file>
   </input_file_list>
   <object_component_list>
      <object_component id="oc-12">
         <name>.intvecs</name>
         <load_address>0x20004000</load_address>
         <run_address>0x20004000</run_address>
         <size>0x400</size>
         <input_file_ref idref="fl-6"/>
      </object_component>
      <object_component id="oc-97">
         <name>.text</name>
         <load_address>0x20004400</load_address>
         <run_address>0x20004400</run_address>
         <size>0xe40</size>
         <input_file_ref idref="fl-3"/>
      </object_component>
      <object_component id="oc-3ef">
         <name>.text:__TI_printfi</name>
         <load_address>0x20005240</load_address>
         <run_address>0x20005240</run_address>
         <size>0xa4e</size>
         <input_file_ref idref="fl-e1"/>
      </object_component>
      <object_component id="oc-655">
         <name>.text:IntDefaultHandler</name>
         <load_address>0x20005c8e</load_address>
         <run_address>0x20005c8e</run_address>
         <size>0x2</size>
         <input_file_ref idref="fl-17"/>
      </object_component>
      <object_component id="oc-667">
         <name>.text:_SlDrvMsgRead</name>
         <load_address>0x20005c90</load_address>
         <run_address>0x20005c90</run_address>
         <size>0x590</size>
         <input_file_ref idref="fl-f"/>
      </object_component>
      <object_component id="oc-145">
         <name>.text</name>
         <load_address>0x20006220</load_address>
         <run_address>0x20006220</run_address>
         <size>0x398</size>
         <input_file_ref idref="fl-2"/>
      </object_component>
      <object_component id="oc-13f">
         <name>.text:sl_WlanConnect</name>
         <load_address>0x200065b8</load_address>
         <run_address>0x200065b8</run_address>
         <size>0x280</size>
         <input_file_ref idref="fl-14"/>
      </object_component>
      <object_component id="oc-c5">
         <name>.text</name>
         <load_address>0x20006838</load_address>
         <run_address>0x20006838</run_address>
         <size>0x27c</size>
         <input_file_ref idref="fl-7"/>
      </object_component>
      <object_component id="oc-5dc">
         <name>.text:_pconv_a</name>
         <load_address>0x20006ab4</load_address>
         <run_address>0x20006ab4</run_address>
         <size>0x268</size>
         <input_file_ref idref="fl-e1"/>
      </object_component>
      <object_component id="oc-740">
         <name>.text:_SlDrvRxHdrRead</name>
         <load_address>0x20006d1c</load_address>
         <run_address>0x20006d1c</run_address>
         <size>0x248</size>
         <input_file_ref idref="fl-f"/>
      </object_component>
      <object_component id="oc-26d">
         <name>.text:_SlDrvReleasePoolObj</name>
         <load_address>0x20006f64</load_address>
         <run_address>0x20006f64</run_address>
         <size>0x1d0</size>
         <input_file_ref idref="fl-f"/>
      </object_component>
      <object_component id="oc-5ca">
         <name>.text:_pconv_g</name>
         <load_address>0x20007134</load_address>
         <run_address>0x20007134</run_address>
         <size>0x1cc</size>
         <input_file_ref idref="fl-e1"/>
      </object_component>
      <object_component id="oc-6db">
         <name>.text</name>
         <load_address>0x20007300</load_address>
         <run_address>0x20007300</run_address>
         <size>0x1b6</size>
         <input_file_ref idref="fl-e3"/>
      </object_component>
      <object_component id="oc-598">
         <name>.text:_nop</name>
         <load_address>0x200074b6</load_address>
         <run_address>0x200074b6</run_address>
         <size>0x2</size>
         <input_file_ref idref="fl-ed"/>
      </object_component>
      <object_component id="oc-243">
         <name>.text:_SlDrvDriverCBInit</name>
         <load_address>0x200074b8</load_address>
         <run_address>0x200074b8</run_address>
         <size>0x1b4</size>
         <input_file_ref idref="fl-f"/>
      </object_component>
      <object_component id="oc-50f">
         <name>.text:_SlDrvMsgWrite</name>
         <load_address>0x2000766c</load_address>
         <run_address>0x2000766c</run_address>
         <size>0x19c</size>
         <input_file_ref idref="fl-f"/>
      </object_component>
      <object_component id="oc-378">
         <name>.text:_SlDrvWaitForPoolObj</name>
         <load_address>0x20007808</load_address>
         <run_address>0x20007808</run_address>
         <size>0x190</size>
         <input_file_ref idref="fl-f"/>
      </object_component>
      <object_component id="oc-178">
         <name>.text:sl_Connect</name>
         <load_address>0x20007998</load_address>
         <run_address>0x20007998</run_address>
         <size>0x18c</size>
         <input_file_ref idref="fl-13"/>
      </object_component>
      <object_component id="oc-133">
         <name>.text:PRCMCC3200MCUInit</name>
         <load_address>0x20007b24</load_address>
         <run_address>0x20007b24</run_address>
         <size>0x178</size>
         <input_file_ref idref="fl-19"/>
      </object_component>
      <object_component id="oc-752">
         <name>.text:_SlFindAndSetActiveObj</name>
         <load_address>0x20007c9c</load_address>
         <run_address>0x20007c9c</run_address>
         <size>0x170</size>
         <input_file_ref idref="fl-f"/>
      </object_component>
      <object_component id="oc-249">
         <name>.text:spi_Open</name>
         <load_address>0x20007e0c</load_address>
         <run_address>0x20007e0c</run_address>
         <size>0x148</size>
         <input_file_ref idref="fl-15"/>
      </object_component>
      <object_component id="oc-515">
         <name>.text:_SlDrvMsgReadCmdCtx</name>
         <load_address>0x20007f54</load_address>
         <run_address>0x20007f54</run_address>
         <size>0x144</size>
         <input_file_ref idref="fl-f"/>
      </object_component>
      <object_component id="oc-15a">
         <name>.text:sl_NetAppDnsGetHostByName</name>
         <load_address>0x20008098</load_address>
         <run_address>0x20008098</run_address>
         <size>0x144</size>
         <input_file_ref idref="fl-10"/>
      </object_component>
      <object_component id="oc-5d6">
         <name>.text:_pconv_e</name>
         <load_address>0x200081dc</load_address>
         <run_address>0x200081dc</run_address>
         <size>0x13c</size>
         <input_file_ref idref="fl-e1"/>
      </object_component>
      <object_component id="oc-6c1">
         <name>.text</name>
         <load_address>0x20008318</load_address>
         <run_address>0x20008318</run_address>
         <size>0x136</size>
         <input_file_ref idref="fl-e5"/>
      </object_component>
      <object_component id="oc-784">
         <name>.text</name>
         <load_address>0x2000844e</load_address>
         <run_address>0x2000844e</run_address>
         <size>0x2</size>
         <input_file_ref idref="fl-e2"/>
      </object_component>
      <object_component id="oc-2b2">
         <name>.text:_SlDrvDriverCBDeinit</name>
         <load_address>0x20008450</load_address>
         <run_address>0x20008450</run_address>
         <size>0x130</size>
         <input_file_ref idref="fl-f"/>
      </object_component>
      <object_component id="oc-6ed">
         <name>.text:fcvt</name>
         <load_address>0x20008580</load_address>
         <run_address>0x20008580</run_address>
         <size>0x120</size>
         <input_file_ref idref="fl-e1"/>
      </object_component>
      <object_component id="oc-7d3">
         <name>.text:_SlDrvNetAppEventHandler</name>
         <load_address>0x200086a0</load_address>
         <run_address>0x200086a0</run_address>
         <size>0x104</size>
         <input_file_ref idref="fl-10"/>
      </object_component>
      <object_component id="oc-411">
         <name>.text:aligned_alloc</name>
         <load_address>0x200087a4</load_address>
         <run_address>0x200087a4</run_address>
         <size>0x100</size>
         <input_file_ref idref="fl-de"/>
      </object_component>
      <object_component id="oc-6bc">
         <name>.text</name>
         <load_address>0x200088a4</load_address>
         <run_address>0x200088a4</run_address>
         <size>0xfc</size>
         <input_file_ref idref="fl-e6"/>
      </object_component>
      <object_component id="oc-d2">
         <name>.text:sl_Start</name>
         <load_address>0x200089a0</load_address>
         <run_address>0x200089a0</run_address>
         <size>0xf0</size>
         <input_file_ref idref="fl-e"/>
      </object_component>
      <object_component id="oc-e4">
         <name>.text:sl_Stop</name>
         <load_address>0x20008a90</load_address>
         <run_address>0x20008a90</run_address>
         <size>0xf0</size>
         <input_file_ref idref="fl-e"/>
      </object_component>
      <object_component id="oc-74c">
         <name>.text:spi_Read</name>
         <load_address>0x20008b80</load_address>
         <run_address>0x20008b80</run_address>
         <size>0xf0</size>
         <input_file_ref idref="fl-15"/>
      </object_component>
      <object_component id="oc-88e">
         <name>.text:uDMAChannelTransferSet</name>
         <load_address>0x20008c70</load_address>
         <run_address>0x20008c70</run_address>
         <size>0xf0</size>
         <input_file_ref idref="fl-1d"/>
      </object_component>
      <object_component id="oc-66d">
         <name>.text:_SlAsyncEventGenericHandler</name>
         <load_address>0x20008d60</load_address>
         <run_address>0x20008d60</run_address>
         <size>0xe8</size>
         <input_file_ref idref="fl-f"/>
      </object_component>
      <object_component id="oc-4f6">
         <name>.text:_SlDrvMsgReadSpawnCtx</name>
         <load_address>0x20008e48</load_address>
         <run_address>0x20008e48</run_address>
         <size>0xe8</size>
         <input_file_ref idref="fl-f"/>
      </object_component>
      <object_component id="oc-20f">
         <name>.text:free</name>
         <load_address>0x20008f30</load_address>
         <run_address>0x20008f30</run_address>
         <size>0xe4</size>
         <input_file_ref idref="fl-de"/>
      </object_component>
      <object_component id="oc-209">
         <name>.text:realloc</name>
         <load_address>0x20009014</load_address>
         <run_address>0x20009014</run_address>
         <size>0xe4</size>
         <input_file_ref idref="fl-de"/>
      </object_component>
      <object_component id="oc-2ed">
         <name>.text:sl_NetAppMDNSRegisterUnregisterService</name>
         <load_address>0x200090f8</load_address>
         <run_address>0x200090f8</run_address>
         <size>0xe4</size>
         <input_file_ref idref="fl-10"/>
      </object_component>
      <object_component id="oc-746">
         <name>.text:_SlDrvClassifyRxMsg</name>
         <load_address>0x200091dc</load_address>
         <run_address>0x200091dc</run_address>
         <size>0xdc</size>
         <input_file_ref idref="fl-f"/>
      </object_component>
      <object_component id="oc-701">
         <name>.text:scalbn</name>
         <load_address>0x200092b8</load_address>
         <run_address>0x200092b8</run_address>
         <size>0xd0</size>
         <input_file_ref idref="fl-f7"/>
      </object_component>
      <object_component id="oc-84c">
         <name>.text:_sl_HandleAsync_DnsGetHostByService</name>
         <load_address>0x20009388</load_address>
         <run_address>0x20009388</run_address>
         <size>0xcc</size>
         <input_file_ref idref="fl-10"/>
      </object_component>
      <object_component id="oc-ea">
         <name>.text:sl_DevGet</name>
         <load_address>0x20009454</load_address>
         <run_address>0x20009454</run_address>
         <size>0xcc</size>
         <input_file_ref idref="fl-e"/>
      </object_component>
      <object_component id="oc-4d1">
         <name>.text:_SlRemoveFromList</name>
         <load_address>0x20009520</load_address>
         <run_address>0x20009520</run_address>
         <size>0xc4</size>
         <input_file_ref idref="fl-f"/>
      </object_component>
      <object_component id="oc-296">
         <name>.text:_SlDrvCmdOp</name>
         <load_address>0x200095e4</load_address>
         <run_address>0x200095e4</run_address>
         <size>0xc0</size>
         <input_file_ref idref="fl-f"/>
      </object_component>
      <object_component id="oc-5bf">
         <name>.text:_ltostr</name>
         <load_address>0x200096a4</load_address>
         <run_address>0x200096a4</run_address>
         <size>0xb1</size>
         <input_file_ref idref="fl-e1"/>
      </object_component>
      <object_component id="oc-442">
         <name>.text:_SlNonOsSemGet</name>
         <load_address>0x20009758</load_address>
         <run_address>0x20009758</run_address>
         <size>0xb0</size>
         <input_file_ref idref="fl-12"/>
      </object_component>
      <object_component id="oc-4b0">
         <name>.text:IntDisable</name>
         <load_address>0x20009808</load_address>
         <run_address>0x20009808</run_address>
         <size>0xa8</size>
         <input_file_ref idref="fl-17"/>
      </object_component>
      <object_component id="oc-12d">
         <name>.text:IntEnable</name>
         <load_address>0x200098b0</load_address>
         <run_address>0x200098b0</run_address>
         <size>0xa8</size>
         <input_file_ref idref="fl-17"/>
      </object_component>
      <object_component id="oc-4ca">
         <name>.text:_SlDriverHandleError</name>
         <load_address>0x20009958</load_address>
         <run_address>0x20009958</run_address>
         <size>0xa4</size>
         <input_file_ref idref="fl-f"/>
      </object_component>
      <object_component id="oc-45f">
         <name>.text:SPIConfigSetExpClk</name>
         <load_address>0x200099fc</load_address>
         <run_address>0x200099fc</run_address>
         <size>0xa0</size>
         <input_file_ref idref="fl-1a"/>
      </object_component>
      <object_component id="oc-3d">
         <name>.text</name>
         <load_address>0x20009a9c</load_address>
         <run_address>0x20009a9c</run_address>
         <size>0x9c</size>
         <input_file_ref idref="fl-d7"/>
      </object_component>
      <object_component id="oc-832">
         <name>.text:_SlDrvDeviceEventHandler</name>
         <load_address>0x20009b38</load_address>
         <run_address>0x20009b38</run_address>
         <size>0x9a</size>
         <input_file_ref idref="fl-e"/>
      </object_component>
      <object_component id="oc-14c">
         <name>.text:sl_DevSet</name>
         <load_address>0x20009bd4</load_address>
         <run_address>0x20009bd4</run_address>
         <size>0x98</size>
         <input_file_ref idref="fl-e"/>
      </object_component>
      <object_component id="oc-102">
         <name>.text:sl_NetCfgSet</name>
         <load_address>0x20009c6c</load_address>
         <run_address>0x20009c6c</run_address>
         <size>0x98</size>
         <input_file_ref idref="fl-11"/>
      </object_component>
      <object_component id="oc-172">
         <name>.text:sl_SetSockOpt</name>
         <load_address>0x20009d04</load_address>
         <run_address>0x20009d04</run_address>
         <size>0x98</size>
         <input_file_ref idref="fl-13"/>
      </object_component>
      <object_component id="oc-108">
         <name>.text:sl_WlanSet</name>
         <load_address>0x20009d9c</load_address>
         <run_address>0x20009d9c</run_address>
         <size>0x98</size>
         <input_file_ref idref="fl-14"/>
      </object_component>
      <object_component id="oc-676">
         <name>.text:spi_Write</name>
         <load_address>0x20009e34</load_address>
         <run_address>0x20009e34</run_address>
         <size>0x98</size>
         <input_file_ref idref="fl-15"/>
      </object_component>
      <object_component id="oc-6b5">
         <name>.text</name>
         <load_address>0x20009ecc</load_address>
         <run_address>0x20009ecc</run_address>
         <size>0x96</size>
         <input_file_ref idref="fl-d9"/>
      </object_component>
      <object_component id="oc-1d9">
         <name>.text:PRCMPeripheralClockGet</name>
         <load_address>0x20009f64</load_address>
         <run_address>0x20009f64</run_address>
         <size>0x94</size>
         <input_file_ref idref="fl-19"/>
      </object_component>
      <object_component id="oc-846">
         <name>.text:_sl_HandleAsync_DnsGetHostByName</name>
         <load_address>0x20009ff8</load_address>
         <run_address>0x20009ff8</run_address>
         <size>0x90</size>
         <input_file_ref idref="fl-10"/>
      </object_component>
      <object_component id="oc-7d9">
         <name>.text:_sl_HandleAsync_PingResponse</name>
         <load_address>0x2000a088</load_address>
         <run_address>0x2000a088</run_address>
         <size>0x90</size>
         <input_file_ref idref="fl-10"/>
      </object_component>
      <object_component id="oc-f0">
         <name>.text:sl_WlanPolicySet</name>
         <load_address>0x2000a118</load_address>
         <run_address>0x2000a118</run_address>
         <size>0x90</size>
         <input_file_ref idref="fl-14"/>
      </object_component>
      <object_component id="oc-7e0">
         <name>.text:SetupDMAReceive</name>
         <load_address>0x2000a1a8</load_address>
         <run_address>0x2000a1a8</run_address>
         <size>0x8c</size>
         <input_file_ref idref="fl-15"/>
      </object_component>
      <object_component id="oc-75d">
         <name>.text:SetupDMASend</name>
         <load_address>0x2000a234</load_address>
         <run_address>0x2000a234</run_address>
         <size>0x8c</size>
         <input_file_ref idref="fl-15"/>
      </object_component>
      <object_component id="oc-616">
         <name>.text:_SlDrvIsTimeoutExpired</name>
         <load_address>0x2000a2c0</load_address>
         <run_address>0x2000a2c0</run_address>
         <size>0x8c</size>
         <input_file_ref idref="fl-f"/>
      </object_component>
      <object_component id="oc-89f">
         <name>.text:_sl_HandleAsync_InitComplete</name>
         <load_address>0x2000a34c</load_address>
         <run_address>0x2000a34c</run_address>
         <size>0x8c</size>
         <input_file_ref idref="fl-e"/>
      </object_component>
      <object_component id="oc-16c">
         <name>.text:sl_Socket</name>
         <load_address>0x2000a3d8</load_address>
         <run_address>0x2000a3d8</run_address>
         <size>0x8c</size>
         <input_file_ref idref="fl-13"/>
      </object_component>
      <object_component id="oc-588">
         <name>.text:PinConfigSet</name>
         <load_address>0x2000a464</load_address>
         <run_address>0x2000a464</run_address>
         <size>0x88</size>
         <input_file_ref idref="fl-18"/>
      </object_component>
      <object_component id="oc-5c5">
         <name>.text:__aeabi_cdcmple</name>
         <load_address>0x2000a4ec</load_address>
         <run_address>0x2000a4ec</run_address>
         <size>0x86</size>
         <input_file_ref idref="fl-e4"/>
      </object_component>
      <object_component id="oc-6c6">
         <name>.text:__aeabi_cdrcmple</name>
         <load_address>0x2000a572</load_address>
         <run_address>0x2000a572</run_address>
         <size>0x86</size>
         <input_file_ref idref="fl-e4"/>
      </object_component>
      <object_component id="oc-23d">
         <name>.text:NwpPowerOnPreamble</name>
         <load_address>0x2000a5f8</load_address>
         <run_address>0x2000a5f8</run_address>
         <size>0x84</size>
         <input_file_ref idref="fl-15"/>
      </object_component>
      <object_component id="oc-11a">
         <name>.text:sl_WlanRxFilterSet</name>
         <load_address>0x2000a67c</load_address>
         <run_address>0x2000a67c</run_address>
         <size>0x84</size>
         <input_file_ref idref="fl-14"/>
      </object_component>
      <object_component id="oc-33a">
         <name>.text:GPIOIntTypeSet</name>
         <load_address>0x2000a700</load_address>
         <run_address>0x2000a700</run_address>
         <size>0x82</size>
         <input_file_ref idref="fl-16"/>
      </object_component>
      <object_component id="oc-86e">
         <name>.text:_sl_HandleAsync_Connect</name>
         <load_address>0x2000a784</load_address>
         <run_address>0x2000a784</run_address>
         <size>0x80</size>
         <input_file_ref idref="fl-13"/>
      </object_component>
      <object_component id="oc-7e6">
         <name>.text:spi_Read_CPU</name>
         <load_address>0x2000a804</load_address>
         <run_address>0x2000a804</run_address>
         <size>0x80</size>
         <input_file_ref idref="fl-15"/>
      </object_component>
      <object_component id="oc-76f">
         <name>.text:spi_Write_CPU</name>
         <load_address>0x2000a884</load_address>
         <run_address>0x2000a884</run_address>
         <size>0x80</size>
         <input_file_ref idref="fl-15"/>
      </object_component>
      <object_component id="oc-8b">
         <name>.text</name>
         <load_address>0x2000a904</load_address>
         <run_address>0x2000a904</run_address>
         <size>0x7a</size>
         <input_file_ref idref="fl-d8"/>
      </object_component>
      <object_component id="oc-2ac">
         <name>.text:spi_Close</name>
         <load_address>0x2000a980</load_address>
         <run_address>0x2000a980</run_address>
         <size>0x78</size>
         <input_file_ref idref="fl-15"/>
      </object_component>
      <object_component id="oc-1df">
         <name>.text:UARTConfigSetExpClk</name>
         <load_address>0x2000a9f8</load_address>
         <run_address>0x2000a9f8</run_address>
         <size>0x76</size>
         <input_file_ref idref="fl-1c"/>
      </object_component>
      <object_component id="oc-d8">
         <name>.text:_SlNonOsMainLoopTask</name>
         <load_address>0x2000aa70</load_address>
         <run_address>0x2000aa70</run_address>
         <size>0x74</size>
         <input_file_ref idref="fl-12"/>
      </object_component>
      <object_component id="oc-41e">
         <name>.text:split</name>
         <load_address>0x2000aae4</load_address>
         <run_address>0x2000aae4</run_address>
         <size>0x70</size>
         <input_file_ref idref="fl-de"/>
      </object_component>
      <object_component id="oc-6e6">
         <name>.text:_mcpy</name>
         <load_address>0x2000ab54</load_address>
         <run_address>0x2000ab54</run_address>
         <size>0x6e</size>
         <input_file_ref idref="fl-e1"/>
      </object_component>
      <object_component id="oc-8b7">
         <name>.text:_SlDrvCmdSend</name>
         <load_address>0x2000abc4</load_address>
         <run_address>0x2000abc4</run_address>
         <size>0x6c</size>
         <input_file_ref idref="fl-f"/>
      </object_component>
      <object_component id="oc-858">
         <name>.text:_sl_NetAppSendTokenValue</name>
         <load_address>0x2000ac30</load_address>
         <run_address>0x2000ac30</run_address>
         <size>0x6c</size>
         <input_file_ref idref="fl-10"/>
      </object_component>
      <object_component id="oc-15">
         <name>.text:decompress:lzss:__TI_decompress_lzss</name>
         <load_address>0x2000ac9c</load_address>
         <run_address>0x2000ac9c</run_address>
         <size>0x68</size>
         <input_file_ref idref="fl-dc"/>
      </object_component>
      <object_component id="oc-4f0">
         <name>.text:_SlNonOsSpawn</name>
         <load_address>0x2000ad04</load_address>
         <run_address>0x2000ad04</run_address>
         <size>0x64</size>
         <input_file_ref idref="fl-12"/>
      </object_component>
      <object_component id="oc-868">
         <name>.text:_sl_HandleAsync_Accept</name>
         <load_address>0x2000ad68</load_address>
         <run_address>0x2000ad68</run_address>
         <size>0x64</size>
         <input_file_ref idref="fl-13"/>
      </object_component>
      <object_component id="oc-10e">
         <name>.text:sl_NetAppMDNSUnRegisterService</name>
         <load_address>0x2000adcc</load_address>
         <run_address>0x2000adcc</run_address>
         <size>0x64</size>
         <input_file_ref idref="fl-10"/>
      </object_component>
      <object_component id="oc-62d">
         <name>.text:uDMAChannelAttributeDisable</name>
         <load_address>0x2000ae30</load_address>
         <run_address>0x2000ae30</run_address>
         <size>0x64</size>
         <input_file_ref idref="fl-1d"/>
      </object_component>
      <object_component id="oc-888">
         <name>.text:uDMAChannelAttributeEnable</name>
         <load_address>0x2000ae94</load_address>
         <run_address>0x2000ae94</run_address>
         <size>0x64</size>
         <input_file_ref idref="fl-1d"/>
      </object_component>
      <object_component id="oc-f6">
         <name>.text:sl_WlanProfileDel</name>
         <load_address>0x2000aef8</load_address>
         <run_address>0x2000aef8</run_address>
         <size>0x60</size>
         <input_file_ref idref="fl-14"/>
      </object_component>
      <object_component id="oc-de">
         <name>.text:sl_WlanSetMode</name>
         <load_address>0x2000af58</load_address>
         <run_address>0x2000af58</run_address>
         <size>0x60</size>
         <input_file_ref idref="fl-14"/>
      </object_component>
      <object_component id="oc-6fb">
         <name>.text:frexp</name>
         <load_address>0x2000afb8</load_address>
         <run_address>0x2000afb8</run_address>
         <size>0x5c</size>
         <input_file_ref idref="fl-f6"/>
      </object_component>
      <object_component id="oc-4bc">
         <name>.text:IntPendClear</name>
         <load_address>0x2000b014</load_address>
         <run_address>0x2000b014</run_address>
         <size>0x58</size>
         <input_file_ref idref="fl-17"/>
      </object_component>
      <object_component id="oc-321">
         <name>.text:PRCMPeripheralReset</name>
         <load_address>0x2000b06c</load_address>
         <run_address>0x2000b06c</run_address>
         <size>0x58</size>
         <input_file_ref idref="fl-19"/>
      </object_component>
      <object_component id="oc-5d0">
         <name>.text:_pconv_f</name>
         <load_address>0x2000b0c4</load_address>
         <run_address>0x2000b0c4</run_address>
         <size>0x56</size>
         <input_file_ref idref="fl-e1"/>
      </object_component>
      <object_component id="oc-340">
         <name>.text:IntPrioritySet</name>
         <load_address>0x2000b11c</load_address>
         <run_address>0x2000b11c</run_address>
         <size>0x54</size>
         <input_file_ref idref="fl-17"/>
      </object_component>
      <object_component id="oc-27f">
         <name>.text:_SlDrvRxIrqHandler</name>
         <load_address>0x2000b170</load_address>
         <run_address>0x2000b170</run_address>
         <size>0x54</size>
         <input_file_ref idref="fl-f"/>
      </object_component>
      <object_component id="oc-6d0">
         <name>.text:__TI_ltoa</name>
         <load_address>0x2000b1c4</load_address>
         <run_address>0x2000b1c4</run_address>
         <size>0x54</size>
         <input_file_ref idref="fl-ee"/>
      </object_component>
      <object_component id="oc-874">
         <name>.text:_sl_HandleAsync_Select</name>
         <load_address>0x2000b218</load_address>
         <run_address>0x2000b218</run_address>
         <size>0x54</size>
         <input_file_ref idref="fl-13"/>
      </object_component>
      <object_component id="oc-6e0">
         <name>.text:_ecpy</name>
         <load_address>0x2000b26c</load_address>
         <run_address>0x2000b26c</run_address>
         <size>0x52</size>
         <input_file_ref idref="fl-e1"/>
      </object_component>
      <object_component id="oc-87a">
         <name>.text:_sl_HandleAsync_Stop</name>
         <load_address>0x2000b2c0</load_address>
         <run_address>0x2000b2c0</run_address>
         <size>0x50</size>
         <input_file_ref idref="fl-e"/>
      </object_component>
      <object_component id="oc-489">
         <name>.text:SPIIntEnable</name>
         <load_address>0x2000b310</load_address>
         <run_address>0x2000b310</run_address>
         <size>0x4c</size>
         <input_file_ref idref="fl-1a"/>
      </object_component>
      <object_component id="oc-681">
         <name>.text:SPIIntNumberGet</name>
         <load_address>0x2000b35c</load_address>
         <run_address>0x2000b35c</run_address>
         <size>0x4c</size>
         <input_file_ref idref="fl-1a"/>
      </object_component>
      <object_component id="oc-24f">
         <name>.text:_SlDrvProtectAsyncRespSetting</name>
         <load_address>0x2000b3a8</load_address>
         <run_address>0x2000b3a8</run_address>
         <size>0x4c</size>
         <input_file_ref idref="fl-f"/>
      </object_component>
      <object_component id="oc-3a9">
         <name>.text:_sl_BuildAddress</name>
         <load_address>0x2000b3f4</load_address>
         <run_address>0x2000b3f4</run_address>
         <size>0x4c</size>
         <input_file_ref idref="fl-13"/>
      </object_component>
      <object_component id="oc-5b9">
         <name>.text:atoi</name>
         <load_address>0x2000b440</load_address>
         <run_address>0x2000b440</run_address>
         <size>0x4c</size>
         <input_file_ref idref="fl-f0"/>
      </object_component>
      <object_component id="oc-627">
         <name>.text:uDMAChannelAssign</name>
         <load_address>0x2000b48c</load_address>
         <run_address>0x2000b48c</run_address>
         <size>0x4c</size>
         <input_file_ref idref="fl-1d"/>
      </object_component>
      <object_component id="oc-565">
         <name>.text:GPIOGetIntNumber</name>
         <load_address>0x2000b4d8</load_address>
         <run_address>0x2000b4d8</run_address>
         <size>0x48</size>
         <input_file_ref idref="fl-16"/>
      </object_component>
      <object_component id="oc-649">
         <name>.text:SPIIntClear</name>
         <load_address>0x2000b520</load_address>
         <run_address>0x2000b520</run_address>
         <size>0x48</size>
         <input_file_ref idref="fl-1a"/>
      </object_component>
      <object_component id="oc-2d8">
         <name>.text:_SlDrvBasicCmd</name>
         <load_address>0x2000b568</load_address>
         <run_address>0x2000b568</run_address>
         <size>0x48</size>
         <input_file_ref idref="fl-f"/>
      </object_component>
      <object_component id="oc-6cb">
         <name>.text</name>
         <load_address>0x2000b5b0</load_address>
         <run_address>0x2000b5b0</run_address>
         <size>0x48</size>
         <input_file_ref idref="fl-e7"/>
      </object_component>
      <object_component id="oc-638">
         <name>.text:SPIDmaMaskGet</name>
         <load_address>0x2000b5f8</load_address>
         <run_address>0x2000b5f8</run_address>
         <size>0x44</size>
         <input_file_ref idref="fl-1a"/>
      </object_component>
      <object_component id="oc-812">
         <name>.text:TimerConfigure</name>
         <load_address>0x2000b63c</load_address>
         <run_address>0x2000b63c</run_address>
         <size>0x44</size>
         <input_file_ref idref="fl-1b"/>
      </object_component>
      <object_component id="oc-8b0">
         <name>.text:_SlDrvHandleHttpServerEvents</name>
         <load_address>0x2000b680</load_address>
         <run_address>0x2000b680</run_address>
         <size>0x44</size>
         <input_file_ref idref="fl-f"/>
      </object_component>
      <object_component id="oc-267">
         <name>.text:_SlDrvSyncObjWaitTimeout</name>
         <load_address>0x2000b6c4</load_address>
         <run_address>0x2000b6c4</run_address>
         <size>0x44</size>
         <input_file_ref idref="fl-f"/>
      </object_component>
      <object_component id="oc-1a7">
         <name>.text:__TI_auto_init_nobinit_nopinit:__TI_auto_init_nobinit_nopinit</name>
         <load_address>0x2000b708</load_address>
         <run_address>0x2000b708</run_address>
         <size>0x44</size>
         <input_file_ref idref="fl-e9"/>
      </object_component>
      <object_component id="oc-7f3">
         <name>.text:cc_SetupTransfer</name>
         <load_address>0x2000b74c</load_address>
         <run_address>0x2000b74c</run_address>
         <size>0x44</size>
         <input_file_ref idref="fl-15"/>
      </object_component>
      <object_component id="oc-166">
         <name>.text:sl_Htonl</name>
         <load_address>0x2000b790</load_address>
         <run_address>0x2000b790</run_address>
         <size>0x42</size>
         <input_file_ref idref="fl-13"/>
      </object_component>
      <object_component id="oc-58e">
         <name>.text:PinModeSet</name>
         <load_address>0x2000b7d4</load_address>
         <run_address>0x2000b7d4</run_address>
         <size>0x40</size>
         <input_file_ref idref="fl-18"/>
      </object_component>
      <object_component id="oc-83e">
         <name>.text:_SlDrvHandleNetAppEvents</name>
         <load_address>0x2000b814</load_address>
         <run_address>0x2000b814</run_address>
         <size>0x40</size>
         <input_file_ref idref="fl-f"/>
      </object_component>
      <object_component id="oc-838">
         <name>.text:_SlDrvHandleWlanEvents</name>
         <load_address>0x2000b854</load_address>
         <run_address>0x2000b854</run_address>
         <size>0x40</size>
         <input_file_ref idref="fl-f"/>
      </object_component>
      <object_component id="oc-17f">
         <name>.text</name>
         <load_address>0x2000b894</load_address>
         <run_address>0x2000b894</run_address>
         <size>0x40</size>
         <input_file_ref idref="fl-5"/>
      </object_component>
      <object_component id="oc-1eb">
         <name>.text:vsnprintf</name>
         <load_address>0x2000b8d4</load_address>
         <run_address>0x2000b8d4</run_address>
         <size>0x40</size>
         <input_file_ref idref="fl-d6"/>
      </object_component>
      <object_component id="oc-25b">
         <name>.text:NwpRegisterInterruptHandler</name>
         <load_address>0x2000b914</load_address>
         <run_address>0x2000b914</run_address>
         <size>0x3e</size>
         <input_file_ref idref="fl-15"/>
      </object_component>
      <object_component id="oc-6f3">
         <name>.text:_fcpy</name>
         <load_address>0x2000b952</load_address>
         <run_address>0x2000b952</run_address>
         <size>0x3e</size>
         <input_file_ref idref="fl-e1"/>
      </object_component>
      <object_component id="oc-85f">
         <name>.text:CopyPingResultsToReport</name>
         <load_address>0x2000b990</load_address>
         <run_address>0x2000b990</run_address>
         <size>0x3c</size>
         <input_file_ref idref="fl-10"/>
      </object_component>
      <object_component id="oc-31b">
         <name>.text:PRCMPeripheralClkEnable</name>
         <load_address>0x2000b9cc</load_address>
         <run_address>0x2000b9cc</run_address>
         <size>0x3c</size>
         <input_file_ref idref="fl-19"/>
      </object_component>
      <object_component id="oc-7b9">
         <name>.text:simplelink_timerA2_start</name>
         <load_address>0x2000ba08</load_address>
         <run_address>0x2000ba08</run_address>
         <size>0x3c</size>
         <input_file_ref idref="fl-15"/>
      </object_component>
      <object_component id="oc-160">
         <name>.text:sl_Htons</name>
         <load_address>0x2000ba44</load_address>
         <run_address>0x2000ba44</run_address>
         <size>0x3c</size>
         <input_file_ref idref="fl-13"/>
      </object_component>
      <object_component id="oc-882">
         <name>.text:uDMAChannelControlSet</name>
         <load_address>0x2000ba80</load_address>
         <run_address>0x2000ba80</run_address>
         <size>0x3c</size>
         <input_file_ref idref="fl-1d"/>
      </object_component>
      <object_component id="oc-255">
         <name>.text:NwpPowerOff</name>
         <load_address>0x2000babc</load_address>
         <run_address>0x2000babc</run_address>
         <size>0x38</size>
         <input_file_ref idref="fl-15"/>
      </object_component>
      <object_component id="oc-fc">
         <name>.text:sl_WlanDisconnect</name>
         <load_address>0x2000baf4</load_address>
         <run_address>0x2000baf4</run_address>
         <size>0x38</size>
         <input_file_ref idref="fl-14"/>
      </object_component>
      <object_component id="oc-3b9">
         <name>.text:GPIODirModeSet</name>
         <load_address>0x2000bb2c</load_address>
         <run_address>0x2000bb2c</run_address>
         <size>0x36</size>
         <input_file_ref idref="fl-16"/>
      </object_component>
      <object_component id="oc-261">
         <name>.text:NwpPowerOn</name>
         <load_address>0x2000bb64</load_address>
         <run_address>0x2000bb64</run_address>
         <size>0x34</size>
         <input_file_ref idref="fl-15"/>
      </object_component>
      <object_component id="oc-465">
         <name>.text:PRCMPeripheralStatusGet</name>
         <load_address>0x2000bb98</load_address>
         <run_address>0x2000bb98</run_address>
         <size>0x34</size>
         <input_file_ref idref="fl-19"/>
      </object_component>
      <object_component id="oc-47d">
         <name>.text:SPIFIFOLevelSet</name>
         <load_address>0x2000bbcc</load_address>
         <run_address>0x2000bbcc</run_address>
         <size>0x34</size>
         <input_file_ref idref="fl-1a"/>
      </object_component>
      <object_component id="oc-3b3">
         <name>.text:PinTypeGPIO</name>
         <load_address>0x2000bc00</load_address>
         <run_address>0x2000bc00</run_address>
         <size>0x30</size>
         <input_file_ref idref="fl-18"/>
      </object_component>
      <object_component id="oc-3e1">
         <name>.text:UARTDisable</name>
         <load_address>0x2000bc30</load_address>
         <run_address>0x2000bc30</run_address>
         <size>0x30</size>
         <input_file_ref idref="fl-1c"/>
      </object_component>
      <object_component id="oc-3f5">
         <name>.text:_outs</name>
         <load_address>0x2000bc60</load_address>
         <run_address>0x2000bc60</run_address>
         <size>0x30</size>
         <input_file_ref idref="fl-d6"/>
      </object_component>
      <object_component id="oc-6d6">
         <name>.text</name>
         <load_address>0x2000bc90</load_address>
         <run_address>0x2000bc90</run_address>
         <size>0x2e</size>
         <input_file_ref idref="fl-e8"/>
      </object_component>
      <object_component id="oc-309">
         <name>.text:PRCMSysResetCauseGet</name>
         <load_address>0x2000bcc0</load_address>
         <run_address>0x2000bcc0</run_address>
         <size>0x2c</size>
         <input_file_ref idref="fl-19"/>
      </object_component>
      <object_component id="oc-503">
         <name>.text:_SlDrvObjGlobalLockWaitForever</name>
         <load_address>0x2000bcec</load_address>
         <run_address>0x2000bcec</run_address>
         <size>0x2c</size>
         <input_file_ref idref="fl-f"/>
      </object_component>
      <object_component id="oc-37e">
         <name>.text:_SlDrvProtectionObjLockWaitForever</name>
         <load_address>0x2000bd18</load_address>
         <run_address>0x2000bd18</run_address>
         <size>0x2c</size>
         <input_file_ref idref="fl-f"/>
      </object_component>
      <object_component id="oc-81e">
         <name>.text:TimerLoadSet</name>
         <load_address>0x2000bd44</load_address>
         <run_address>0x2000bd44</run_address>
         <size>0x2a</size>
         <input_file_ref idref="fl-1b"/>
      </object_component>
      <object_component id="oc-818">
         <name>.text:TimerPrescaleSet</name>
         <load_address>0x2000bd6e</load_address>
         <run_address>0x2000bd6e</run_address>
         <size>0x2a</size>
         <input_file_ref idref="fl-1b"/>
      </object_component>
      <object_component id="oc-327">
         <name>.text:PRCMPeripheralClkDisable</name>
         <load_address>0x2000bd98</load_address>
         <run_address>0x2000bd98</run_address>
         <size>0x28</size>
         <input_file_ref idref="fl-19"/>
      </object_component>
      <object_component id="oc-509">
         <name>.text:_SlDrvGlobalObjUnLock</name>
         <load_address>0x2000bdc0</load_address>
         <run_address>0x2000bdc0</run_address>
         <size>0x28</size>
         <input_file_ref idref="fl-f"/>
      </object_component>
      <object_component id="oc-384">
         <name>.text:_SlDrvProtectionObjUnLock</name>
         <load_address>0x2000bde8</load_address>
         <run_address>0x2000bde8</run_address>
         <size>0x28</size>
         <input_file_ref idref="fl-f"/>
      </object_component>
      <object_component id="oc-38a">
         <name>.text:_SlDrvSyncObjWaitForever</name>
         <load_address>0x2000be10</load_address>
         <run_address>0x2000be10</run_address>
         <size>0x28</size>
         <input_file_ref idref="fl-f"/>
      </object_component>
      <object_component id="oc-425">
         <name>.text:free_list_insert</name>
         <load_address>0x2000be38</load_address>
         <run_address>0x2000be38</run_address>
         <size>0x28</size>
         <input_file_ref idref="fl-de"/>
      </object_component>
      <object_component id="oc-1fd">
         <name>.text:memmove</name>
         <load_address>0x2000be60</load_address>
         <run_address>0x2000be60</run_address>
         <size>0x28</size>
         <input_file_ref idref="fl-dd"/>
      </object_component>
      <object_component id="oc-8cc">
         <name>.text</name>
         <load_address>0x2000be88</load_address>
         <run_address>0x2000be88</run_address>
         <size>0x26</size>
         <input_file_ref idref="fl-4"/>
      </object_component>
      <object_component id="oc-49b">
         <name>.text:DmaSpiSwIntHandler</name>
         <load_address>0x2000beb0</load_address>
         <run_address>0x2000beb0</run_address>
         <size>0x24</size>
         <input_file_ref idref="fl-15"/>
      </object_component>
      <object_component id="oc-4b6">
         <name>.text:IntUnregister</name>
         <load_address>0x2000bed4</load_address>
         <run_address>0x2000bed4</run_address>
         <size>0x24</size>
         <input_file_ref idref="fl-17"/>
      </object_component>
      <object_component id="oc-3e7">
         <name>.text:UARTEnable</name>
         <load_address>0x2000bef8</load_address>
         <run_address>0x2000bef8</run_address>
         <size>0x24</size>
         <input_file_ref idref="fl-1c"/>
      </object_component>
      <object_component id="oc-5b">
         <name>.text:_c_int00_noargs:_c_int00_noargs</name>
         <load_address>0x2000bf1c</load_address>
         <run_address>0x2000bf1c</run_address>
         <size>0x24</size>
         <input_file_ref idref="fl-e0"/>
      </object_component>
      <object_component id="oc-459">
         <name>.text:SPIReset</name>
         <load_address>0x2000bf40</load_address>
         <run_address>0x2000bf40</run_address>
         <size>0x22</size>
         <input_file_ref idref="fl-1a"/>
      </object_component>
      <object_component id="oc-769">
         <name>.text:SPIWordCountSet</name>
         <load_address>0x2000bf62</load_address>
         <run_address>0x2000bf62</run_address>
         <size>0x22</size>
         <input_file_ref idref="fl-1a"/>
      </object_component>
      <object_component id="oc-358">
         <name>.text:GPIOPinWrite</name>
         <load_address>0x2000bf84</load_address>
         <run_address>0x2000bf84</run_address>
         <size>0x20</size>
         <input_file_ref idref="fl-16"/>
      </object_component>
      <object_component id="oc-483">
         <name>.text:IntRegister</name>
         <load_address>0x2000bfa4</load_address>
         <run_address>0x2000bfa4</run_address>
         <size>0x20</size>
         <input_file_ref idref="fl-17"/>
      </object_component>
      <object_component id="oc-2a6">
         <name>.text:NwpPrePowerOffTimout0</name>
         <load_address>0x2000bfc4</load_address>
         <run_address>0x2000bfc4</run_address>
         <size>0x20</size>
         <input_file_ref idref="fl-15"/>
      </object_component>
      <object_component id="oc-72a">
         <name>.text:TimerGetCurrentTimestamp</name>
         <load_address>0x2000bfe4</load_address>
         <run_address>0x2000bfe4</run_address>
         <size>0x20</size>
         <input_file_ref idref="fl-15"/>
      </object_component>
      <object_component id="oc-4d7">
         <name>.text:_SlDrvSyncObjSignal</name>
         <load_address>0x2000c004</load_address>
         <run_address>0x2000c004</run_address>
         <size>0x20</size>
         <input_file_ref idref="fl-f"/>
      </object_component>
      <object_component id="oc-346">
         <name>.text:GPIOIntRegister</name>
         <load_address>0x2000c024</load_address>
         <run_address>0x2000c024</run_address>
         <size>0x1e</size>
         <input_file_ref idref="fl-16"/>
      </object_component>
      <object_component id="oc-824">
         <name>.text:TimerEnable</name>
         <load_address>0x2000c042</load_address>
         <run_address>0x2000c042</run_address>
         <size>0x1e</size>
         <input_file_ref idref="fl-1b"/>
      </object_component>
      <object_component id="oc-1e5">
         <name>.text:UARTCharPut</name>
         <load_address>0x2000c060</load_address>
         <run_address>0x2000c060</run_address>
         <size>0x1e</size>
         <input_file_ref idref="fl-1c"/>
      </object_component>
      <object_component id="oc-46b">
         <name>.text:cc_UDMAChannelSelect</name>
         <load_address>0x2000c07e</load_address>
         <run_address>0x2000c07e</run_address>
         <size>0x1e</size>
         <input_file_ref idref="fl-15"/>
      </object_component>
      <object_component id="oc-7bf">
         <name>.text:TimerValueGet</name>
         <load_address>0x2000c09c</load_address>
         <run_address>0x2000c09c</run_address>
         <size>0x1c</size>
         <input_file_ref idref="fl-1b"/>
      </object_component>
      <object_component id="oc-1f7">
         <name>.text:UARTCharGetNonBlocking</name>
         <load_address>0x2000c0b8</load_address>
         <run_address>0x2000c0b8</run_address>
         <size>0x1c</size>
         <input_file_ref idref="fl-1c"/>
      </object_component>
      <object_component id="oc-610">
         <name>.text:_SlDrvStartMeasureTimeout</name>
         <load_address>0x2000c0d4</load_address>
         <run_address>0x2000c0d4</run_address>
         <size>0x1c</size>
         <input_file_ref idref="fl-f"/>
      </object_component>
      <object_component id="oc-49">
         <name>.text:decompress:ZI:__TI_zero_init_nomemset:__TI_zero_init_nomemset</name>
         <load_address>0x2000c0f0</load_address>
         <run_address>0x2000c0f0</run_address>
         <size>0x1c</size>
         <input_file_ref idref="fl-da"/>
      </object_component>
      <object_component id="oc-418">
         <name>.text:free_list_remove</name>
         <load_address>0x2000c10c</load_address>
         <run_address>0x2000c10c</run_address>
         <size>0x1c</size>
         <input_file_ref idref="fl-de"/>
      </object_component>
      <object_component id="oc-5e2">
         <name>.text:memccpy</name>
         <load_address>0x2000c128</load_address>
         <run_address>0x2000c128</run_address>
         <size>0x1c</size>
         <input_file_ref idref="fl-f2"/>
      </object_component>
      <object_component id="oc-894">
         <name>.text:uDMAChannelEnable</name>
         <load_address>0x2000c144</load_address>
         <run_address>0x2000c144</run_address>
         <size>0x1c</size>
         <input_file_ref idref="fl-1d"/>
      </object_component>
      <object_component id="oc-352">
         <name>.text:GPIOIntEnable</name>
         <load_address>0x2000c160</load_address>
         <run_address>0x2000c160</run_address>
         <size>0x1a</size>
         <input_file_ref idref="fl-16"/>
      </object_component>
      <object_component id="oc-52d">
         <name>.text:SPIDmaDisable</name>
         <load_address>0x2000c17a</load_address>
         <run_address>0x2000c17a</run_address>
         <size>0x1a</size>
         <input_file_ref idref="fl-1a"/>
      </object_component>
      <object_component id="oc-477">
         <name>.text:SPIDmaEnable</name>
         <load_address>0x2000c194</load_address>
         <run_address>0x2000c194</run_address>
         <size>0x1a</size>
         <input_file_ref idref="fl-1a"/>
      </object_component>
      <object_component id="oc-527">
         <name>.text:SPIFIFODisable</name>
         <load_address>0x2000c1ae</load_address>
         <run_address>0x2000c1ae</run_address>
         <size>0x1a</size>
         <input_file_ref idref="fl-1a"/>
      </object_component>
      <object_component id="oc-471">
         <name>.text:SPIFIFOEnable</name>
         <load_address>0x2000c1c8</load_address>
         <run_address>0x2000c1c8</run_address>
         <size>0x1a</size>
         <input_file_ref idref="fl-1a"/>
      </object_component>
      <object_component id="oc-521">
         <name>.text:SPIIntUnregister</name>
         <load_address>0x2000c1e2</load_address>
         <run_address>0x2000c1e2</run_address>
         <size>0x1a</size>
         <input_file_ref idref="fl-1a"/>
      </object_component>
      <object_component id="oc-364">
         <name>.text:GPIOPinRead</name>
         <load_address>0x2000c1fc</load_address>
         <run_address>0x2000c1fc</run_address>
         <size>0x18</size>
         <input_file_ref idref="fl-16"/>
      </object_component>
      <object_component id="oc-44d">
         <name>.text:SPICSDisable</name>
         <load_address>0x2000c214</load_address>
         <run_address>0x2000c214</run_address>
         <size>0x18</size>
         <input_file_ref idref="fl-1a"/>
      </object_component>
      <object_component id="oc-763">
         <name>.text:SPICSEnable</name>
         <load_address>0x2000c22c</load_address>
         <run_address>0x2000c22c</run_address>
         <size>0x18</size>
         <input_file_ref idref="fl-1a"/>
      </object_component>
      <object_component id="oc-453">
         <name>.text:SPIDisable</name>
         <load_address>0x2000c244</load_address>
         <run_address>0x2000c244</run_address>
         <size>0x18</size>
         <input_file_ref idref="fl-1a"/>
      </object_component>
      <object_component id="oc-48f">
         <name>.text:SPIEnable</name>
         <load_address>0x2000c25c</load_address>
         <run_address>0x2000c25c</run_address>
         <size>0x18</size>
         <input_file_ref idref="fl-1a"/>
      </object_component>
      <object_component id="oc-1f1">
         <name>.text:UARTCharsAvail</name>
         <load_address>0x2000c274</load_address>
         <run_address>0x2000c274</run_address>
         <size>0x18</size>
         <input_file_ref idref="fl-1c"/>
      </object_component>
      <object_component id="oc-43c">
         <name>.text:_SlNonOsSemSet</name>
         <load_address>0x2000c28c</load_address>
         <run_address>0x2000c28c</run_address>
         <size>0x18</size>
         <input_file_ref idref="fl-12"/>
      </object_component>
      <object_component id="oc-3fb">
         <name>.text:_outc</name>
         <load_address>0x2000c2a4</load_address>
         <run_address>0x2000c2a4</run_address>
         <size>0x18</size>
         <input_file_ref idref="fl-d6"/>
      </object_component>
      <object_component id="oc-273">
         <name>.text:_sl_GetStartResponseConvert</name>
         <load_address>0x2000c2bc</load_address>
         <run_address>0x2000c2bc</run_address>
         <size>0x18</size>
         <input_file_ref idref="fl-e"/>
      </object_component>
      <object_component id="oc-30f">
         <name>.text:PRCMHIBRegRead</name>
         <load_address>0x2000c2d4</load_address>
         <run_address>0x2000c2d4</run_address>
         <size>0x16</size>
         <input_file_ref idref="fl-19"/>
      </object_component>
      <object_component id="oc-315">
         <name>.text:PRCMHIBRegWrite</name>
         <load_address>0x2000c2ea</load_address>
         <run_address>0x2000c2ea</run_address>
         <size>0x16</size>
         <input_file_ref idref="fl-19"/>
      </object_component>
      <object_component id="oc-330">
         <name>.text:_SlDrvMemZero</name>
         <load_address>0x2000c300</load_address>
         <run_address>0x2000c300</run_address>
         <size>0x16</size>
         <input_file_ref idref="fl-f"/>
      </object_component>
      <object_component id="oc-707">
         <name>.text:strchr</name>
         <load_address>0x2000c316</load_address>
         <run_address>0x2000c316</run_address>
         <size>0x16</size>
         <input_file_ref idref="fl-f3"/>
      </object_component>
      <object_component id="oc-2fe">
         <name>.text:CPUcpsie</name>
         <load_address>0x2000c32c</load_address>
         <run_address>0x2000c32c</run_address>
         <size>0x14</size>
         <input_file_ref idref="fl-1f"/>
      </object_component>
      <object_component id="oc-34c">
         <name>.text:GPIOIntClear</name>
         <load_address>0x2000c340</load_address>
         <run_address>0x2000c340</run_address>
         <size>0x14</size>
         <input_file_ref idref="fl-16"/>
      </object_component>
      <object_component id="oc-121">
         <name>.text:IntVTableBaseSet</name>
         <load_address>0x2000c354</load_address>
         <run_address>0x2000c354</run_address>
         <size>0x14</size>
         <input_file_ref idref="fl-17"/>
      </object_component>
      <object_component id="oc-139">
         <name>.text:strlen</name>
         <load_address>0x2000c368</load_address>
         <run_address>0x2000c368</run_address>
         <size>0x14</size>
         <input_file_ref idref="fl-df"/>
      </object_component>
      <object_component id="oc-5e8">
         <name>.text:wcslen</name>
         <load_address>0x2000c37c</load_address>
         <run_address>0x2000c37c</run_address>
         <size>0x12</size>
         <input_file_ref idref="fl-f5"/>
      </object_component>
      <object_component id="oc-852">
         <name>.text:_SlDrvDispatchHttpServerEvents</name>
         <load_address>0x2000c38e</load_address>
         <run_address>0x2000c38e</run_address>
         <size>0x10</size>
         <input_file_ref idref="fl-f"/>
      </object_component>
      <object_component id="oc-2c1">
         <name>.text:_SlDrvResetCmdExt</name>
         <load_address>0x2000c39e</load_address>
         <run_address>0x2000c39e</run_address>
         <size>0xe</size>
         <input_file_ref idref="fl-f"/>
      </object_component>
      <object_component id="oc-1b">
         <name>.text:decompress:none:__TI_decompress_none</name>
         <load_address>0x2000c3ac</load_address>
         <run_address>0x2000c3ac</run_address>
         <size>0xe</size>
         <input_file_ref idref="fl-db"/>
      </object_component>
      <object_component id="oc-29">
         <name>.text</name>
         <load_address>0x2000c3ba</load_address>
         <run_address>0x2000c3ba</run_address>
         <size>0xe</size>
         <input_file_ref idref="fl-6"/>
      </object_component>
      <object_component id="oc-4a9">
         <name>.text:NwpMaskInterrupt</name>
         <load_address>0x2000c3c8</load_address>
         <run_address>0x2000c3c8</run_address>
         <size>0xc</size>
         <input_file_ref idref="fl-15"/>
      </object_component>
      <object_component id="oc-4c3">
         <name>.text:NwpUnMaskInterrupt</name>
         <load_address>0x2000c3d4</load_address>
         <run_address>0x2000c3d4</run_address>
         <size>0xc</size>
         <input_file_ref idref="fl-15"/>
      </object_component>
      <object_component id="oc-79d">
         <name>.text:copysign</name>
         <load_address>0x2000c3e0</load_address>
         <run_address>0x2000c3e0</run_address>
         <size>0xc</size>
         <input_file_ref idref="fl-f8"/>
      </object_component>
      <object_component id="oc-127">
         <name>.text:IntMasterEnable</name>
         <load_address>0x2000c3ec</load_address>
         <run_address>0x2000c3ec</run_address>
         <size>0xa</size>
         <input_file_ref idref="fl-17"/>
      </object_component>
      <object_component id="oc-5ee">
         <name>.text:__aeabi_errno_addr</name>
         <load_address>0x2000c3f8</load_address>
         <run_address>0x2000c3f8</run_address>
         <size>0x8</size>
         <input_file_ref idref="fl-f4"/>
      </object_component>
      <object_component id="oc-203">
         <name>.text:malloc</name>
         <load_address>0x2000c400</load_address>
         <run_address>0x2000c400</run_address>
         <size>0x8</size>
         <input_file_ref idref="fl-de"/>
      </object_component>
      <object_component id="oc-14b">
         <name>.text:UtilsDelay</name>
         <load_address>0x2000c408</load_address>
         <run_address>0x2000c408</run_address>
         <size>0x6</size>
         <input_file_ref idref="fl-1e"/>
      </object_component>
      <object_component id="oc-91">
         <name>.text:_system_pre_init</name>
         <load_address>0x2000c40e</load_address>
         <run_address>0x2000c40e</run_address>
         <size>0x4</size>
         <input_file_ref idref="fl-ea"/>
      </object_component>
      <object_component id="oc-19b">
         <name>.text:abort:abort</name>
         <load_address>0x2000c412</load_address>
         <run_address>0x2000c412</run_address>
         <size>0x4</size>
         <input_file_ref idref="fl-ec"/>
      </object_component>
      <object_component id="oc-6b0">
         <name>.const:.string:_ctypes_</name>
         <load_address>0x2000c418</load_address>
         <run_address>0x2000c418</run_address>
         <size>0x101</size>
         <input_file_ref idref="fl-f1"/>
      </object_component>
      <object_component id="oc-69c">
         <name>.const:g_ulPinToPadMap</name>
         <load_address>0x2000c51c</load_address>
         <run_address>0x2000c51c</run_address>
         <size>0x100</size>
         <input_file_ref idref="fl-18"/>
      </object_component>
      <object_component id="oc-561">
         <name>.const:g_pulRegs</name>
         <load_address>0x2000c61c</load_address>
         <run_address>0x2000c61c</run_address>
         <size>0xd4</size>
         <input_file_ref idref="fl-17"/>
      </object_component>
      <object_component id="oc-554">
         <name>.const:PRCM_PeriphRegsList</name>
         <load_address>0x2000c6f0</load_address>
         <run_address>0x2000c6f0</run_address>
         <size>0xa8</size>
         <input_file_ref idref="fl-19"/>
      </object_component>
      <object_component id="oc-759">
         <name>.const:OpcodeTranslateTable</name>
         <load_address>0x2000c798</load_address>
         <run_address>0x2000c798</run_address>
         <size>0x3c</size>
         <input_file_ref idref="fl-f"/>
      </object_component>
      <object_component id="oc-7ed">
         <name>.const:_SlActionLookupTable</name>
         <load_address>0x2000c7d4</load_address>
         <run_address>0x2000c7d4</run_address>
         <size>0x38</size>
         <input_file_ref idref="fl-f"/>
      </object_component>
      <object_component id="oc-114">
         <name>.const:$P$T1$2</name>
         <load_address>0x2000c80c</load_address>
         <run_address>0x2000c80c</run_address>
         <size>0x2c</size>
         <input_file_ref idref="fl-3"/>
      </object_component>
      <object_component id="oc-156">
         <name>.const:$P$T6$7</name>
         <load_address>0x2000c838</load_address>
         <run_address>0x2000c838</run_address>
         <size>0x2c</size>
         <input_file_ref idref="fl-3"/>
      </object_component>
      <object_component id="oc-778">
         <name>.const:g_ppulSPIIntMap</name>
         <load_address>0x2000c864</load_address>
         <run_address>0x2000c864</run_address>
         <size>0x24</size>
         <input_file_ref idref="fl-1a"/>
      </object_component>
      <object_component id="oc-120">
         <name>.const:.string:$P$T0$1</name>
         <load_address>0x2000c888</load_address>
         <run_address>0x2000c888</run_address>
         <size>0x22</size>
         <input_file_ref idref="fl-3"/>
      </object_component>
      <object_component id="oc-7d0">
         <name>.const:RxMsgClassLUT</name>
         <load_address>0x2000c8ac</load_address>
         <run_address>0x2000c8ac</run_address>
         <size>0x20</size>
         <input_file_ref idref="fl-f"/>
      </object_component>
      <object_component id="oc-651">
         <name>.const:g_pulDisRegs</name>
         <load_address>0x2000c8cc</load_address>
         <run_address>0x2000c8cc</run_address>
         <size>0x18</size>
         <input_file_ref idref="fl-17"/>
      </object_component>
      <object_component id="oc-305">
         <name>.const:g_pulEnRegs</name>
         <load_address>0x2000c8e4</load_address>
         <run_address>0x2000c8e4</run_address>
         <size>0x18</size>
         <input_file_ref idref="fl-17"/>
      </object_component>
      <object_component id="oc-65c">
         <name>.const:g_pulUnpendRegs</name>
         <load_address>0x2000c8fc</load_address>
         <run_address>0x2000c8fc</run_address>
         <size>0x18</size>
         <input_file_ref idref="fl-17"/>
      </object_component>
      <object_component id="oc-736">
         <name>.const:g_ulSPIDmaMaskMap</name>
         <load_address>0x2000c914</load_address>
         <run_address>0x2000c914</run_address>
         <size>0x18</size>
         <input_file_ref idref="fl-1a"/>
      </object_component>
      <object_component id="oc-7c9">
         <name>.const:$P$T0$1</name>
         <load_address>0x2000c92c</load_address>
         <run_address>0x2000c92c</run_address>
         <size>0x14</size>
         <input_file_ref idref="fl-f"/>
      </object_component>
      <object_component id="oc-61c">
         <name>.const:$P$T0$1</name>
         <load_address>0x2000c940</load_address>
         <run_address>0x2000c940</run_address>
         <size>0x14</size>
         <input_file_ref idref="fl-12"/>
      </object_component>
      <object_component id="oc-117">
         <name>.const:$P$T2$3</name>
         <load_address>0x2000c954</load_address>
         <run_address>0x2000c954</run_address>
         <size>0x14</size>
         <input_file_ref idref="fl-3"/>
      </object_component>
      <object_component id="oc-224">
         <name>.const:.string</name>
         <load_address>0x2000c968</load_address>
         <run_address>0x2000c968</run_address>
         <size>0x10</size>
         <input_file_ref idref="fl-3"/>
      </object_component>
      <object_component id="oc-152">
         <name>.const:$P$T4$5</name>
         <load_address>0x2000c978</load_address>
         <run_address>0x2000c978</run_address>
         <size>0xc</size>
         <input_file_ref idref="fl-3"/>
      </object_component>
      <object_component id="oc-155">
         <name>.const:.string:$P$T3$4</name>
         <load_address>0x2000c984</load_address>
         <run_address>0x2000c984</run_address>
[...]
      </symbol>
      <symbol id="sm-9fb">
         <name>GPIODirModeSet</name>
         <value>0x2000bb2d</value>
         <object_component_ref idref="oc-3b9"/>
      </symbol>
      <symbol id="sm-9fc">
         <name>GPIOPinWrite</name>
         <value>0x2000bf85</value>
         <object_component_ref idref="oc-358"/>
      </symbol>
      <symbol id="sm-a88">
         <name>IntPendClear</name>
         <value>0x2000b015</value>
         <object_component_ref idref="oc-4bc"/>
      </symbol>
      <symbol id="sm-a89">
         <name>IntPrioritySet</name>
         <value>0x2000b11d</value>
         <object_component_ref idref="oc-340"/>
      </symbol>
      <symbol id="sm-a8a">
         <name>IntVTableBaseSet</name>
         <value>0x2000c355</value>
         <object_component_ref idref="oc-121"/>
      </symbol>
      <symbol id="sm-a8b">
         <name>IntEnable</name>
         <value>0x200098b1</value>
         <object_component_ref idref="oc-12d"/>
      </symbol>
      <symbol id="sm-a8c">
         <name>IntDisable</name>
         <value>0x20009809</value>
         <object_component_ref idref="oc-4b0"/>
      </symbol>
      <symbol id="sm-a8d">
         <name>IntRegister</name>
         <value>0x2000bfa5</value>
         <object_component_ref idref="oc-483"/>
      </symbol>
      <symbol id="sm-a8e">
         <name>IntUnregister</name>
         <value>0x2000bed5</value>
         <object_component_ref idref="oc-4b6"/>
      </symbol>
      <symbol id="sm-a8f">
         <name>IntMasterEnable</name>
         <value>0x2000c3ed</value>
         <object_component_ref idref="oc-127"/>
      </symbol>
      <symbol id="sm-abe">
         <name>PinTypeGPIO</name>
         <value>0x2000bc01</value>
         <object_component_ref idref="oc-3b3"/>
      </symbol>
      <symbol id="sm-abf">
         <name>PinConfigSet</name>
         <value>0x2000a465</value>
         <object_component_ref idref="oc-588"/>
      </symbol>
      <symbol id="sm-ac0">
         <name>PinModeSet</name>
         <value>0x2000b7d5</value>
         <object_component_ref idref="oc-58e"/>
      </symbol>
      <symbol id="sm-b53">
         <name>PRCMPeripheralReset</name>
         <value>0x2000b06d</value>
         <object_component_ref idref="oc-321"/>
      </symbol>
      <symbol id="sm-b54">
         <name>PRCMPeripheralClkEnable</name>
         <value>0x2000b9cd</value>
         <object_component_ref idref="oc-31b"/>
      </symbol>
      <symbol id="sm-b55">
         <name>PRCMPeripheralClockGet</name>
         <value>0x20009f65</value>
         <object_component_ref idref="oc-1d9"/>
      </symbol>
      <symbol id="sm-b56">
         <name>PRCMCC3200MCUInit</name>
         <value>0x20007b25</value>
         <object_component_ref idref="oc-133"/>
      </symbol>
      <symbol id="sm-b57">
         <name>PRCMHIBRegWrite</name>
         <value>0x2000c2eb</value>
         <object_component_ref idref="oc-315"/>
      </symbol>
      <symbol id="sm-b58">
         <name>PRCMSysResetCauseGet</name>
         <value>0x2000bcc1</value>
         <object_component_ref idref="oc-309"/>
      </symbol>
      <symbol id="sm-b59">
         <name>PRCMPeripheralStatusGet</name>
         <value>0x2000bb99</value>
         <object_component_ref idref="oc-465"/>
      </symbol>
      <symbol id="sm-b5a">
         <name>PRCMPeripheralClkDisable</name>
         <value>0x2000bd99</value>
         <object_component_ref idref="oc-327"/>
      </symbol>
      <symbol id="sm-b5b">
         <name>PRCMHIBRegRead</name>
         <value>0x2000c2d5</value>
         <object_component_ref idref="oc-30f"/>
      </symbol>
      <symbol id="sm-c16">
         <name>SPIFIFODisable</name>
         <value>0x2000c1af</value>
         <object_component_ref idref="oc-527"/>
      </symbol>
      <symbol id="sm-c17">
         <name>SPICSEnable</name>
         <value>0x2000c22d</value>
         <object_component_ref idref="oc-763"/>
      </symbol>
      <symbol id="sm-c18">
         <name>SPIDisable</name>
         <value>0x2000c245</value>
         <object_component_ref idref="oc-453"/>
      </symbol>
      <symbol id="sm-c19">
         <name>SPIFIFOEnable</name>
         <value>0x2000c1c9</value>
         <object_component_ref idref="oc-471"/>
      </symbol>
      <symbol id="sm-c1a">
         <name>SPIWordCountSet</name>
         <value>0x2000bf63</value>
         <object_component_ref idref="oc-769"/>
      </symbol>
      <symbol id="sm-c1b">
         <name>SPIEnable</name>
         <value>0x2000c25d</value>
         <object_component_ref idref="oc-48f"/>
      </symbol>
      <symbol id="sm-c1c">
         <name>SPIDmaEnable</name>
         <value>0x2000c195</value>
         <object_component_ref idref="oc-477"/>
      </symbol>
      <symbol id="sm-c1d">
         <name>SPIConfigSetExpClk</name>
         <value>0x200099fd</value>
         <object_component_ref idref="oc-45f"/>
      </symbol>
      <symbol id="sm-c1e">
         <name>SPIIntUnregister</name>
         <value>0x2000c1e3</value>
         <object_component_ref idref="oc-521"/>
      </symbol>
      <symbol id="sm-c1f">
         <name>SPIFIFOLevelSet</name>
         <value>0x2000bbcd</value>
         <object_component_ref idref="oc-47d"/>
      </symbol>
      <symbol id="sm-c20">
         <name>SPIDmaDisable</name>
         <value>0x2000c17b</value>
         <object_component_ref idref="oc-52d"/>
      </symbol>
      <symbol id="sm-c21">
         <name>SPIReset</name>
         <value>0x2000bf41</value>
         <object_component_ref idref="oc-459"/>
      </symbol>
      <symbol id="sm-c22">
         <name>SPIIntEnable</name>
         <value>0x2000b311</value>
         <object_component_ref idref="oc-489"/>
      </symbol>
      <symbol id="sm-c23">
         <name>SPIIntClear</name>
         <value>0x2000b521</value>
         <object_component_ref idref="oc-649"/>
      </symbol>
      <symbol id="sm-c24">
         <name>SPICSDisable</name>
         <value>0x2000c215</value>
         <object_component_ref idref="oc-44d"/>
      </symbol>
      <symbol id="sm-c57">
         <name>TimerLoadSet</name>
         <value>0x2000bd45</value>
         <object_component_ref idref="oc-81e"/>
      </symbol>
      <symbol id="sm-c58">
         <name>TimerEnable</name>
         <value>0x2000c043</value>
         <object_component_ref idref="oc-824"/>
      </symbol>
      <symbol id="sm-c59">
         <name>TimerValueGet</name>
         <value>0x2000c09d</value>
         <object_component_ref idref="oc-7bf"/>
      </symbol>
      <symbol id="sm-c5a">
         <name>TimerPrescaleSet</name>
         <value>0x2000bd6f</value>
         <object_component_ref idref="oc-818"/>
      </symbol>
      <symbol id="sm-c5b">
         <name>TimerConfigure</name>
         <value>0x2000b63d</value>
         <object_component_ref idref="oc-812"/>
      </symbol>
      <symbol id="sm-c97">
         <name>UARTConfigSetExpClk</name>
         <value>0x2000a9f9</value>
         <object_component_ref idref="oc-1df"/>
      </symbol>
      <symbol id="sm-c98">
         <name>UARTDisable</name>
         <value>0x2000bc31</value>
         <object_component_ref idref="oc-3e1"/>
      </symbol>
      <symbol id="sm-c99">
         <name>UARTCharsAvail</name>
         <value>0x2000c275</value>
         <object_component_ref idref="oc-1f1"/>
      </symbol>
      <symbol id="sm-c9a">
         <name>UARTCharGetNonBlocking</name>
         <value>0x2000c0b9</value>
         <object_component_ref idref="oc-1f7"/>
      </symbol>
      <symbol id="sm-c9b">
         <name>UARTCharPut</name>
         <value>0x2000c061</value>
         <object_component_ref idref="oc-1e5"/>
      </symbol>
      <symbol id="sm-c9c">
         <name>UARTEnable</name>
         <value>0x2000bef9</value>
         <object_component_ref idref="oc-3e7"/>
      </symbol>
      <symbol id="sm-cf3">
         <name>uDMAChannelControlSet</name>
         <value>0x2000ba81</value>
         <object_component_ref idref="oc-882"/>
      </symbol>
      <symbol id="sm-cf4">
         <name>uDMAChannelAttributeEnable</name>
         <value>0x2000ae95</value>
         <object_component_ref idref="oc-888"/>
      </symbol>
      <symbol id="sm-cf5">
         <name>uDMAChannelTransferSet</name>
         <value>0x20008c71</value>
         <object_component_ref idref="oc-88e"/>
      </symbol>
      <symbol id="sm-cf6">
         <name>uDMAChannelAssign</name>
         <value>0x2000b48d</value>
         <object_component_ref idref="oc-627"/>
      </symbol>
      <symbol id="sm-cf7">
         <name>uDMAChannelAttributeDisable</name>
         <value>0x2000ae31</value>
         <object_component_ref idref="oc-62d"/>
      </symbol>
      <symbol id="sm-cf8">
         <name>uDMAChannelEnable</name>
         <value>0x2000c145</value>
         <object_component_ref idref="oc-894"/>
      </symbol>
      <symbol id="sm-cfc">
         <name>UtilsDelay</name>
         <value>0x2000c409</value>
         <object_component_ref idref="oc-14b"/>
      </symbol>
      <symbol id="sm-d06">
         <name>CPUcpsie</name>
         <value>0x2000c32d</value>
         <object_component_ref idref="oc-2fe"/>
      </symbol>
      <symbol id="sm-d36">
         <name>vsnprintf</name>
         <value>0x2000b8d5</value>
         <object_component_ref idref="oc-1eb"/>
      </symbol>
      <symbol id="sm-d51">
         <name>memcpy</name>
         <value>0x20009a9d</value>
         <object_component_ref idref="oc-3d"/>
      </symbol>
      <symbol id="sm-d52">
         <name>__aeabi_memcpy</name>
         <value>0x20009a9d</value>
         <object_component_ref idref="oc-3d"/>
      </symbol>
      <symbol id="sm-d53">
         <name>__aeabi_memcpy8</name>
         <value>0x20009a9d</value>
         <object_component_ref idref="oc-3d"/>
      </symbol>
      <symbol id="sm-d54">
         <name>__aeabi_memcpy4</name>
         <value>0x20009a9d</value>
         <object_component_ref idref="oc-3d"/>
      </symbol>
      <symbol id="sm-d63">
         <name>__aeabi_memset</name>
         <value>0x2000a907</value>
         <object_component_ref idref="oc-8b"/>
      </symbol>
      <symbol id="sm-d64">
         <name>memset</name>
         <value>0x2000a90d</value>
         <object_component_ref idref="oc-8b"/>
      </symbol>
      <symbol id="sm-d65">
         <name>__aeabi_memset8</name>
         <value>0x2000a907</value>
         <object_component_ref idref="oc-8b"/>
      </symbol>
      <symbol id="sm-d66">
         <name>__aeabi_memset4</name>
         <value>0x2000a907</value>
         <object_component_ref idref="oc-8b"/>
      </symbol>
      <symbol id="sm-d67">
         <name>__aeabi_memclr8</name>
         <value>0x2000a905</value>
         <object_component_ref idref="oc-8b"/>
      </symbol>
      <symbol id="sm-d68">
         <name>__aeabi_memclr4</name>
         <value>0x2000a905</value>
         <object_component_ref idref="oc-8b"/>
      </symbol>
      <symbol id="sm-d69">
         <name>__aeabi_memclr</name>
         <value>0x2000a905</value>
         <object_component_ref idref="oc-8b"/>
      </symbol>
      <symbol id="sm-d76">
         <name>__aeabi_uldivmod</name>
         <value>0x20009ecd</value>
         <object_component_ref idref="oc-6b5"/>
      </symbol>
      <symbol id="sm-d8a">
         <name>__TI_zero_init_nomemset</name>
         <value>0x2000c0f1</value>
         <object_component_ref idref="oc-49"/>
      </symbol>
      <symbol id="sm-da1">
         <name>__TI_decompress_none</name>
         <value>0x2000c3ad</value>
         <object_component_ref idref="oc-1b"/>
      </symbol>
      <symbol id="sm-dc4">
         <name>__TI_decompress_lzss</name>
         <value>0x2000ac9d</value>
         <object_component_ref idref="oc-15"/>
      </symbol>
      <symbol id="sm-dd5">
         <name>memmove</name>
         <value>0x2000be61</value>
         <object_component_ref idref="oc-1fd"/>
      </symbol>
      <symbol id="sm-e73">
         <name>_sys_memory</name>
         <value>0x20017000</value>
         <object_component_ref idref="oc-23"/>
      </symbol>
      <symbol id="sm-e74">
         <name>free</name>
         <value>0x20008f31</value>
         <object_component_ref idref="oc-20f"/>
      </symbol>
      <symbol id="sm-e75">
         <name>realloc</name>
         <value>0x20009015</value>
         <object_component_ref idref="oc-209"/>
      </symbol>
      <symbol id="sm-e76">
         <name>memalign</name>
         <value>0x200087a5</value>
         <object_component_ref idref="oc-411"/>
      </symbol>
      <symbol id="sm-e77">
         <name>malloc</name>
         <value>0x2000c401</value>
         <object_component_ref idref="oc-203"/>
      </symbol>
      <symbol id="sm-e78">
         <name>aligned_alloc</name>
         <value>0x200087a5</value>
         <object_component_ref idref="oc-411"/>
      </symbol>
      <symbol id="sm-e86">
         <name>strlen</name>
         <value>0x2000c369</value>
         <object_component_ref idref="oc-139"/>
      </symbol>
      <symbol id="sm-e98">
         <name>__stack</name>
         <value>0x2002f000</value>
         <object_component_ref idref="oc-26"/>
      </symbol>
      <symbol id="sm-e99">
         <name>_c_int00_noargs</name>
         <value>0x2000bf1d</value>
         <object_component_ref idref="oc-5b"/>
      </symbol>
      <symbol id="sm-ffe">
         <name>__TI_printfi</name>
         <value>0x20005241</value>
         <object_component_ref idref="oc-3ef"/>
      </symbol>
      <symbol id="sm-1008">
         <name>__aeabi_idiv0</name>
         <value>0x2000844f</value>
         <object_component_ref idref="oc-784"/>
      </symbol>
      <symbol id="sm-1009">
         <name>__aeabi_ldiv0</name>
         <value>0x2000844f</value>
         <object_component_ref idref="oc-784"/>
      </symbol>
      <symbol id="sm-1020">
         <name>__aeabi_dsub</name>
         <value>0x20007301</value>
         <object_component_ref idref="oc-6db"/>
      </symbol>
      <symbol id="sm-1021">
         <name>__aeabi_dadd</name>
         <value>0x2000730b</value>
         <object_component_ref idref="oc-6db"/>
      </symbol>
      <symbol id="sm-1043">
         <name>__aeabi_cdcmpeq</name>
         <value>0x2000a4ed</value>
         <object_component_ref idref="oc-5c5"/>
      </symbol>
      <symbol id="sm-1044">
         <name>__aeabi_cdcmple</name>
         <value>0x2000a4ed</value>
         <object_component_ref idref="oc-5c5"/>
      </symbol>
      <symbol id="sm-1045">
         <name>__aeabi_cdrcmple</name>
         <value>0x2000a573</value>
         <object_component_ref idref="oc-6c6"/>
      </symbol>
      <symbol id="sm-1059">
         <name>__aeabi_ddiv</name>
         <value>0x20008319</value>
         <object_component_ref idref="oc-6c1"/>
      </symbol>
      <symbol id="sm-1064">
         <name>__aeabi_dmul</name>
         <value>0x200088a5</value>
         <object_component_ref idref="oc-6bc"/>
      </symbol>
      <symbol id="sm-106e">
         <name>__aeabi_d2iz</name>
         <value>0x2000b5b1</value>
         <object_component_ref idref="oc-6cb"/>
      </symbol>
      <symbol id="sm-1078">
         <name>__aeabi_i2d</name>
         <value>0x2000bc91</value>
         <object_component_ref idref="oc-6d6"/>
      </symbol>
      <symbol id="sm-10a0">
         <name>__TI_auto_init_nobinit_nopinit</name>
         <value>0x2000b709</value>
         <object_component_ref idref="oc-1a7"/>
      </symbol>
      <symbol id="sm-10aa">
         <name>_system_pre_init</name>
         <value>0x2000c40f</value>
         <object_component_ref idref="oc-91"/>
      </symbol>
      <symbol id="sm-10b6">
         <name>C$$EXIT</name>
         <value>0x2000c413</value>
         <object_component_ref idref="oc-19b"/>
      </symbol>
      <symbol id="sm-10b7">
         <name>abort</name>
         <value>0x2000c413</value>
         <object_component_ref idref="oc-19b"/>
      </symbol>
      <symbol id="sm-10cc">
         <name>_nop</name>
         <value>0x200074b7</value>
         <object_component_ref idref="oc-598"/>
      </symbol>
      <symbol id="sm-10cd">
         <name>_lock</name>
         <value>0x2001f278</value>
         <object_component_ref idref="oc-3c4"/>
      </symbol>
      <symbol id="sm-10ce">
         <name>_unlock</name>
         <value>0x2001f27c</value>
         <object_component_ref idref="oc-3c4"/>
      </symbol>
      <symbol id="sm-10dd">
         <name>__TI_ltoa</name>
         <value>0x2000b1c5</value>
         <object_component_ref idref="oc-6d0"/>
      </symbol>
      <symbol id="sm-10f4">
         <name>atoi</name>
         <value>0x2000b441</value>
         <object_component_ref idref="oc-5b9"/>
      </symbol>
      <symbol id="sm-10ff">
         <name>_ctypes_</name>
         <value>0x2000c418</value>
         <object_component_ref idref="oc-6b0"/>
      </symbol>
      <symbol id="sm-110f">
         <name>memccpy</name>
         <value>0x2000c129</value>
         <object_component_ref idref="oc-5e2"/>
      </symbol>
      <symbol id="sm-111f">
         <name>strchr</name>
         <value>0x2000c317</value>
         <object_component_ref idref="oc-707"/>
      </symbol>
      <symbol id="sm-1135">
         <name>__aeabi_errno_addr</name>
         <value>0x2000c3f9</value>
         <object_component_ref idref="oc-5ee"/>
      </symbol>
      <symbol id="sm-1136">
         <name>errno</name>
         <value>0x2001f288</value>
         <object_component_ref idref="oc-717"/>
      </symbol>
      <symbol id="sm-114f">
         <name>wcslen</name>
         <value>0x2000c37d</value>
         <object_component_ref idref="oc-5e8"/>
      </symbol>
      <symbol id="sm-116f">
         <name>frexpl</name>
         <value>0x2000afb9</value>
         <object_component_ref idref="oc-6fb"/>
      </symbol>
      <symbol id="sm-1170">
         <name>frexp</name>
         <value>0x2000afb9</value>
         <object_component_ref idref="oc-6fb"/>
      </symbol>
      <symbol id="sm-118e">
         <name>scalbn</name>
         <value>0x200092b9</value>
         <object_component_ref idref="oc-701"/>
      </symbol>
      <symbol id="sm-118f">
         <name>scalbnl</name>
         <value>0x200092b9</value>
         <object_component_ref idref="oc-701"/>
      </symbol>
      <symbol id="sm-1190">
         <name>ldexpl</name>
         <value>0x200092b9</value>
         <object_component_ref idref="oc-701"/>
      </symbol>
      <symbol id="sm-1191">
         <name>ldexp</name>
         <value>0x200092b9</value>
         <object_component_ref idref="oc-701"/>
      </symbol>
      <symbol id="sm-119b">
         <name>copysign</name>
         <value>0x2000c3e1</value>
         <object_component_ref idref="oc-79d"/>
      </symbol>
      <symbol id="sm-119c">
         <name>copysignl</name>
         <value>0x2000c3e1</value>
         <object_component_ref idref="oc-79d"/>
      </symbol>
      <symbol id="sm-119d">
         <name>__TI_static_base__</name>
         <value>0x2000ca08</value>
      </symbol>
      <symbol id="sm-11a0">
         <name>__mpu_init</name>
         <value>0x0</value>
      </symbol>
      <symbol id="sm-11a1">
         <name>_system_post_cinit</name>
         <value>0x0</value>
      </symbol>
   </symbol_table>
   <title>Link successful</title>
</link_info>
